<html>
<body>
<pre>
<h1>µVision Build Log</h1>
<h2>Tool Versions:</h2>
IDE-Version: ¦ÌVision V5.38.0.0
Copyright (C) 2022 ARM Ltd and ARM Germany GmbH. All rights reserved.
License Information: 2 2, 2, LIC=9WSKC-70IUW-RAJDM-XEIUF-K9DMZ-G0GWJ
 
Tool Versions:
Toolchain:       MDK-ARM Plus  Version: 5.38.0.0
Toolchain Path:  D:\Keil_v5\ARM\ARMCLANG\Bin
C Compiler:      ArmClang.exe V6.19
Assembler:       Armasm.exe V6.19
Linker/Locator:  ArmLink.exe V6.19
Library Manager: ArmAr.exe V6.19
Hex Converter:   FromElf.exe V6.19
CPU DLL:         SARMCM3.DLL V5.38.0.0
Dialog DLL:      DCM.DLL V1.17.5.0
Target DLL:      STLink\ST-LINKIII-KEIL_SWO.dll V3.1.0.0
Dialog DLL:      TCM.DLL V1.56.4.0
 
<h2>Project:</h2>
D:\code\EmbeddedProject\M3-Project\SD_GC9A01\STM32CubeMX\STM32F103RCT6\MDK-ARM\uss.uvprojx
Project File Date:  12/31/2023

<h2>Output:</h2>
*** Using Compiler 'V6.19', folder: 'D:\Keil_v5\ARM\ARMCLANG\Bin'
Rebuild target 'uss'
assembling startup_stm32f103xe.s...
compiling gpio.c...
compiling stm32f1xx_it.c...
compiling stm32f1xx_hal_gpio_ex.c...
compiling stm32f1xx_hal_msp.c...
compiling stm32f1xx_hal_rcc_ex.c...
compiling at_user.c...
compiling stm32f1xx_hal.c...
compiling usart.c...
compiling main.c...
compiling stm32f1xx_hal_gpio.c...
compiling stm32f1xx_hal_pwr.c...
compiling stm32f1xx_hal_cortex.c...
compiling stm32f1xx_hal_dma.c...
compiling stm32f1xx_hal_rcc.c...
compiling stm32f1xx_hal_tim_ex.c...
compiling stm32f1xx_hal_flash.c...
compiling tim.c...
compiling at_stream_device.c...
compiling system_stm32f1xx.c...
compiling at_mem.c...
compiling stm32f1xx_hal_exti.c...
compiling stm32f1xx_hal_flash_ex.c...
compiling malloc.c...
compiling CST816S.c...
compiling at.c...
compiling CTIIC.c...
compiling ws2812b.c...
compiling lcd_init.c...
compiling lcd.c...
compiling lvgl_app.c...
compiling lv_init.c...
compiling stm32f1xx_hal_tim.c...
compiling lv_port_disp.c...
compiling stm32f1xx_hal_uart.c...
compiling lv_obj_id_builtin.c...
compiling lv_obj_property.c...
compiling lv_obj_class.c...
compiling lv_port_indev.c...
compiling lv_obj_event.c...
compiling lv_group.c...
compiling lv_obj_draw.c...
compiling lv_obj_style_gen.c...
compiling lv_obj.c...
compiling lv_obj_tree.c...
compiling lv_obj_scroll.c...
compiling lv_draw.c...
compiling lv_draw_image.c...
compiling lv_draw_line.c...
compiling lv_draw_arc.c...
compiling lv_obj_pos.c...
compiling lv_draw_buf.c...
compiling lv_display.c...
compiling lv_draw_mask.c...
compiling lv_obj_style.c...
compiling lv_draw_vector.c...
compiling lv_refr.c...
compiling lv_draw_rect.c...
compiling lv_draw_label.c...
compiling lv_draw_triangle.c...
compiling lv_image_buf.c...
compiling lv_image_decoder.c...
compiling lv_draw_sw_arc.c...
compiling lv_draw_sw_gradient.c...
compiling lv_draw_sw.c...
compiling lv_draw_sw_bg_img.c...
compiling lv_draw_sw_letter.c...
compiling lv_draw_sw_vector.c...
compiling lv_draw_sw_mask_rect.c...
compiling lv_draw_sw_fill.c...
compiling lv_draw_sw_border.c...
compiling lv_draw_sw_triangle.c...
compiling lv_draw_sw_line.c...
compiling lv_draw_sw_img.c...
compiling lv_draw_sw_blend.c...
compiling lv_draw_sw_box_shadow.c...
compiling lv_draw_sw_transform.c...
compiling lv_font.c...
compiling lv_draw_sw_mask.c...
compiling lv_draw_sw_blend_to_argb8888.c...
compiling lv_layout.c...
compiling lv_font_fmt_txt.c...
compiling lv_font_dejavu_16_persian_hebrew.c...
compiling lv_draw_sw_blend_to_rgb888.c...
compiling lv_draw_sw_blend_to_rgb565.c...
compiling lv_font_montserrat_14.c...
compiling code128.c...
compiling lv_indev_scroll.c...
compiling lv_binfont_loader.c...
compiling lv_flex.c...
compiling lv_barcode.c...
compiling lv_grid.c...
compiling lv_fs_cbfs.c...
compiling lv_indev.c...
compiling lv_bmp.c...
compiling lv_ffmpeg.c...
compiling lv_bin_decoder.c...
compiling lv_freetype.c...
compiling lv_freetype_image.c...
compiling gifdec.c...
compiling lv_freetype_outline.c...
compiling lv_freetype_sbit.c...
compiling lv_ftsystem.c...
compiling lv_fs_memfs.c...
compiling lz4.c...
compiling lv_fs_posix.c...
compiling lv_fs_fatfs.c...
compiling lv_fs_stdio.c...
compiling lv_fs_win32.c...
compiling lv_gif.c...
compiling lv_libjpeg_turbo.c...
compiling lv_libpng.c...
compiling lodepng.c...
compiling lv_lodepng.c...
compiling lv_qrcode.c...
compiling lv_async.c...
compiling lv_array.c...
compiling lv_rle.c...
compiling lv_tiny_ttf.c...
compiling lv_rlottie.c...
compiling lv_anim_timeline.c...
compiling lv_bidi.c...
compiling lv_tjpgd.c...
compiling lv_color_op.c...
compiling lv_anim.c...
compiling lv_area.c...
compiling lv_cache.c...
compiling qrcodegen.c...
compiling lv_color.c...
compiling tjpgd.c...
compiling lv_log.c...
compiling lv_cache_builtin.c...
compiling lv_lru_rb.c...
compiling lv_ll.c...
compiling lv_lru.c...
compiling lv_event.c...
compiling lv_palette.c...
compiling lv_math.c...
compiling lv_templ.c...
compiling lv_fs.c...
compiling lv_utils.c...
compiling lv_cmsis_rtos2.c...
compiling lv_text_ap.c...
compiling lv_freertos.c...
compiling lv_rb.c...
compiling lv_pthread.c...
compiling lv_os_none.c...
compiling lv_rtthread.c...
compiling lv_profiler_builtin.c...
compiling lv_style.c...
compiling lv_windows.c...
compiling lv_style_gen.c...
compiling lv_timer.c...
compiling lv_text.c...
compiling lv_fragment.c...
compiling lv_fragment_manager.c...
compiling lv_file_explorer.c...
compiling lv_gridnav.c...
compiling lv_snapshot.c...
compiling lv_string_builtin.c...
compiling lv_mem.c...
compiling lv_sysmon.c...
compiling lv_ime_pinyin.c...
compiling lv_mem_core_builtin.c...
compiling lv_monkey.c...
compiling lv_imgfont.c...
compiling lv_sprintf_builtin.c...
compiling lv_tlsf.c...
compiling lv_theme_basic.c...
compiling lv_theme.c...
compiling lv_tick.c...
compiling lv_animimage.c...
compiling lv_observer.c...
compiling lv_theme_mono.c...
compiling lv_button.c...
compiling lv_calendar_header_dropdown.c...
compiling lv_calendar_header_arrow.c...
compiling lv_bar.c...
compiling lv_canvas.c...
compiling lv_arc.c...
compiling lv_checkbox.c...
compiling lv_calendar.c...
compiling lv_keyboard.c...
compiling lv_imgbtn.c...
compiling lv_image.c...
compiling lv_buttonmatrix.c...
compiling lv_led.c...
compiling lv_objx_templ.c...
compiling lv_list.c...
compiling lv_theme_default.c...
compiling lv_line.c...
compiling lv_dropdown.c...
compiling lv_msgbox.c...
compiling lv_menu.c...
compiling lv_label.c...
compiling lv_switch.c...
compiling lv_roller.c...
compiling lv_slider.c...
compiling lv_chart.c...
compiling lv_spinbox.c...
compiling lv_tileview.c...
compiling lv_spinner.c...
compiling lv_scale.c...
compiling lv_win.c...
compiling lv_tabview.c...
compiling lv_textarea.c...
compiling lv_table.c...
compiling lv_span.c...
linking...
Program Size: Code=159144 RO-data=19348 RW-data=244 ZI-data=37020  
FromELF: creating hex file...
"uss\uss.axf" - 0 Error(s), 0 Warning(s).

<h2>Software Packages used:</h2>

Package Vendor: ARM
                http://www.keil.com/pack/ARM.CMSIS.5.9.0.pack
                ARM.CMSIS.5.9.0
                CMSIS (Common Microcontroller Software Interface Standard)
   * Component: CORE Version: 5.6.0

Package Vendor: Keil
                http://www.keil.com/pack/Keil.STM32F1xx_DFP.2.4.0.pack
                Keil.STM32F1xx_DFP.2.4.0
                STMicroelectronics STM32F1 Series Device Support, Drivers and Examples

<h2>Collection of Component include folders:</h2>
  ./RTE/_uss
  D:/Users/YEWAN/AppData/Local/Arm/Packs/ARM/CMSIS/5.9.0/CMSIS/Core/Include
  D:/Users/YEWAN/AppData/Local/Arm/Packs/Keil/STM32F1xx_DFP/2.4.0/Device/Include

<h2>Collection of Component Files used:</h2>

   * Component: ARM::CMSIS:CORE:5.6.0
      Include file:  CMSIS/Core/Include/tz_context.h
Build Time Elapsed:  00:00:10
</pre>
</body>
</html>
