Component: Arm Compiler for Embedded 6.19 Tool: armlink [5e73cb00]

==============================================================================

Section Cross References

    startup_stm32f103xe.o(STACK) refers (Special) to heapauxi.o(.text) for __use_two_region_memory
    startup_stm32f103xe.o(HEAP) refers (Special) to heapauxi.o(.text) for __use_two_region_memory
    startup_stm32f103xe.o(RESET) refers (Special) to heapauxi.o(.text) for __use_two_region_memory
    startup_stm32f103xe.o(RESET) refers to startup_stm32f103xe.o(STACK) for __initial_sp
    startup_stm32f103xe.o(RESET) refers to startup_stm32f103xe.o(.text) for Reset_Handler
    startup_stm32f103xe.o(RESET) refers to stm32f1xx_it.o(.text.NMI_Handler) for NMI_Handler
    startup_stm32f103xe.o(RESET) refers to stm32f1xx_it.o(.text.HardFault_Handler) for HardFault_Handler
    startup_stm32f103xe.o(RESET) refers to stm32f1xx_it.o(.text.MemManage_Handler) for MemManage_Handler
    startup_stm32f103xe.o(RESET) refers to stm32f1xx_it.o(.text.BusFault_Handler) for BusFault_Handler
    startup_stm32f103xe.o(RESET) refers to stm32f1xx_it.o(.text.UsageFault_Handler) for UsageFault_Handler
    startup_stm32f103xe.o(RESET) refers to stm32f1xx_it.o(.text.SVC_Handler) for SVC_Handler
    startup_stm32f103xe.o(RESET) refers to stm32f1xx_it.o(.text.DebugMon_Handler) for DebugMon_Handler
    startup_stm32f103xe.o(RESET) refers to stm32f1xx_it.o(.text.PendSV_Handler) for PendSV_Handler
    startup_stm32f103xe.o(RESET) refers to stm32f1xx_it.o(.text.SysTick_Handler) for SysTick_Handler
    startup_stm32f103xe.o(RESET) refers to stm32f1xx_it.o(.text.USART1_IRQHandler) for USART1_IRQHandler
    startup_stm32f103xe.o(.text) refers (Special) to heapauxi.o(.text) for __use_two_region_memory
    startup_stm32f103xe.o(.text) refers to system_stm32f1xx.o(.text.SystemInit) for SystemInit
    startup_stm32f103xe.o(.text) refers to __main.o(!!!main) for __main
    startup_stm32f103xe.o(.text) refers to startup_stm32f103xe.o(HEAP) for Heap_Mem
    startup_stm32f103xe.o(.text) refers to startup_stm32f103xe.o(STACK) for Stack_Mem
    main.o(.text.main) refers to stm32f1xx_hal.o(.text.HAL_Init) for HAL_Init
    main.o(.text.main) refers to main.o(.text.SystemClock_Config) for SystemClock_Config
    main.o(.text.main) refers to gpio.o(.text.MX_GPIO_Init) for MX_GPIO_Init
    main.o(.text.main) refers to spi.o(.text.MX_SPI1_Init) for MX_SPI1_Init
    main.o(.text.main) refers to usart.o(.text.MX_USART1_UART_Init) for MX_USART1_UART_Init
    main.o(.text.main) refers to i2c.o(.text.MX_I2C1_Init) for MX_I2C1_Init
    main.o(.text.main) refers to malloc.o(.text.my_mem_init) for my_mem_init
    main.o(.text.main) refers to at_user.o(.text.at_user_init) for at_user_init
    main.o(.text.main) refers to ws2812b.o(.text.ws2812b_init) for ws2812b_init
    main.o(.text.main) refers to ws2812b.o(.text.ws2812b_clear_rgb_buff) for ws2812b_clear_rgb_buff
    main.o(.text.main) refers to main.o(.text.OUTLINED_FUNCTION_0) for OUTLINED_FUNCTION_0
    main.o(.text.main) refers to lcd_init.o(.text.LCD_Init) for LCD_Init
    main.o(.text.main) refers to lcd.o(.text.LCD_Fill) for LCD_Fill
    main.o(.text.main) refers to stm32f1xx_hal.o(.text.HAL_Delay) for HAL_Delay
    main.o(.text.main) refers to puts.o(.text) for puts
    main.o(.text.main) refers to ws2812b.o(.bss.ws_rgb) for ws_rgb
    main.o(.text.main) refers to at_user.o(.bss..L_MergedGlobals) for at
    main.o(.ARM.exidx.text.main) refers to main.o(.text.main) for [Anonymous Symbol]
    main.o(.text.SystemClock_Config) refers to stm32f1xx_hal_rcc.o(.text.HAL_RCC_OscConfig) for HAL_RCC_OscConfig
    main.o(.text.SystemClock_Config) refers to stm32f1xx_hal_rcc.o(.text.HAL_RCC_ClockConfig) for HAL_RCC_ClockConfig
    main.o(.ARM.exidx.text.SystemClock_Config) refers to main.o(.text.SystemClock_Config) for [Anonymous Symbol]
    main.o(.ARM.exidx.text.Error_Handler) refers to main.o(.text.Error_Handler) for [Anonymous Symbol]
    main.o(.text.OUTLINED_FUNCTION_0) refers to ws2812b.o(.text.ws2812b_send_node) for ws2812b_send_node
    main.o(.ARM.exidx.text.OUTLINED_FUNCTION_0) refers to main.o(.text.OUTLINED_FUNCTION_0) for [Anonymous Symbol]
    gpio.o(.text.MX_GPIO_Init) refers to gpio.o(.text.OUTLINED_FUNCTION_0) for OUTLINED_FUNCTION_0
    gpio.o(.text.MX_GPIO_Init) refers to stm32f1xx_hal_gpio.o(.text.HAL_GPIO_WritePin) for HAL_GPIO_WritePin
    gpio.o(.text.MX_GPIO_Init) refers to stm32f1xx_hal_gpio.o(.text.HAL_GPIO_Init) for HAL_GPIO_Init
    gpio.o(.ARM.exidx.text.MX_GPIO_Init) refers to gpio.o(.text.MX_GPIO_Init) for [Anonymous Symbol]
    gpio.o(.ARM.exidx.text.OUTLINED_FUNCTION_0) refers to gpio.o(.text.OUTLINED_FUNCTION_0) for [Anonymous Symbol]
    i2c.o(.text.MX_I2C1_Init) refers to stm32f1xx_hal_i2c.o(.text.HAL_I2C_Init) for HAL_I2C_Init
    i2c.o(.text.MX_I2C1_Init) refers to main.o(.text.Error_Handler) for Error_Handler
    i2c.o(.text.MX_I2C1_Init) refers to i2c.o(.bss.hi2c1) for hi2c1
[...]
    [Anonymous Symbol]                       0x080027a4   Section        0  at.o(.text._At_Config_no_readString)
    __arm_cp.8_0                             0x08002800   Number         4  at.o(.text._At_Config_no_readString)
    __arm_cp.8_1                             0x08002804   Number         4  at.o(.text._At_Config_no_readString)
    __arm_cp.8_2                             0x08002808   Number         4  at.o(.text._At_Config_no_readString)
    __arm_cp.8_3                             0x0800280c   Number         4  at.o(.text._At_Config_no_readString)
    __arm_cp.8_4                             0x08002810   Number         4  at.o(.text._At_Config_no_readString)
    __arm_cp.8_5                             0x08002814   Number         4  at.o(.text._At_Config_no_readString)
    __arm_cp.8_6                             0x08002818   Number         4  at.o(.text._At_Config_no_readString)
    __arm_cp.8_7                             0x0800281c   Number         4  at.o(.text._At_Config_no_readString)
    __arm_cp.8_8                             0x08002820   Number         4  at.o(.text._At_Config_no_readString)
    __arm_cp.8_9                             0x08002824   Number         4  at.o(.text._At_Config_no_readString)
    __arm_cp.8_10                            0x08002828   Number         4  at.o(.text._At_Config_no_readString)
    __arm_cp.8_11                            0x0800282c   Number         4  at.o(.text._At_Config_no_readString)
    __arm_cp.8_12                            0x08002830   Number         4  at.o(.text._At_Config_no_readString)
    __arm_cp.8_13                            0x08002834   Number         4  at.o(.text._At_Config_no_readString)
    _At_Init                                 0x08002839   Thumb Code    54  at.o(.text._At_Init)
    [Anonymous Symbol]                       0x08002838   Section        0  at.o(.text._At_Init)
    __NVIC_SystemReset                       0x08002871   Thumb Code    28  stm32f1xx_hal_cortex.o(.text.__NVIC_SystemReset)
    [Anonymous Symbol]                       0x08002870   Section        0  stm32f1xx_hal_cortex.o(.text.__NVIC_SystemReset)
    __arm_cp.5_0                             0x0800288c   Number         4  stm32f1xx_hal_cortex.o(.text.__NVIC_SystemReset)
    __arm_cp.5_1                             0x08002890   Number         4  stm32f1xx_hal_cortex.o(.text.__NVIC_SystemReset)
    _at_printf                               0x08002895   Thumb Code   126  at.o(.text._at_printf)
    [Anonymous Symbol]                       0x08002894   Section        0  at.o(.text._at_printf)
    _checkString                             0x08002915   Thumb Code    96  at.o(.text._checkString)
    [Anonymous Symbol]                       0x08002914   Section        0  at.o(.text._checkString)
    _cutString                               0x08002975   Thumb Code   208  at.o(.text._cutString)
    [Anonymous Symbol]                       0x08002974   Section        0  at.o(.text._cutString)
    __arm_cp.9_0                             0x08002a44   Number         4  at.o(.text._cutString)
    _errorToString                           0x08002a49   Thumb Code    92  at.o(.text._errorToString)
    [Anonymous Symbol]                       0x08002a48   Section        0  at.o(.text._errorToString)
    __arm_cp.15_0                            0x08002aa4   Number         4  at.o(.text._errorToString)
    __arm_cp.15_6                            0x08002b38   Number         4  at.o(.text._errorToString)
    __arm_cp.15_7                            0x08002b3c   Number         4  at.o(.text._errorToString)
    _getParamMaxNum                          0x08002b41   Thumb Code    12  at.o(.text._getParamMaxNum)
    [Anonymous Symbol]                       0x08002b40   Section        0  at.o(.text._getParamMaxNum)
    _getStateTable                           0x08002b4d   Thumb Code    10  at.o(.text._getStateTable)
    [Anonymous Symbol]                       0x08002b4c   Section        0  at.o(.text._getStateTable)
    _handle                                  0x08002b57   Thumb Code    90  at.o(.text._handle)
    [Anonymous Symbol]                       0x08002b56   Section        0  at.o(.text._handle)
    [Anonymous Symbol]                       0x08002bb0   Section        0  at.o(.text._handleAuto)
    _paramClear                              0x08002c03   Thumb Code    80  at.o(.text._paramClear)
    [Anonymous Symbol]                       0x08002c02   Section        0  at.o(.text._paramClear)
    _print                                   0x08002c53   Thumb Code    22  at.o(.text._print)
    [Anonymous Symbol]                       0x08002c52   Section        0  at.o(.text._print)
    _printSet                                0x08002c69   Thumb Code   108  at.o(.text._printSet)
    [Anonymous Symbol]                       0x08002c68   Section        0  at.o(.text._printSet)
    __arm_cp.20_0                            0x08002cd4   Number         4  at.o(.text._printSet)
    _println                                 0x08002d19   Thumb Code    40  at.o(.text._println)
    [Anonymous Symbol]                       0x08002d18   Section        0  at.o(.text._println)
    [Anonymous Symbol]                       0x08002d44   Section        0  at.o(.text._sendInfor)
    _setInputDevice                          0x08002d5d   Thumb Code    14  at.o(.text._setInputDevice)
    [Anonymous Symbol]                       0x08002d5c   Section        0  at.o(.text._setInputDevice)
    _setOutputDevice                         0x08002d6b   Thumb Code    14  at.o(.text._setOutputDevice)
    [Anonymous Symbol]                       0x08002d6a   Section        0  at.o(.text._setOutputDevice)
    [Anonymous Symbol]                       0x08002d78   Section        0  at_mem.o(.text.at_free)
    [Anonymous Symbol]                       0x08002d80   Section        0  at_mem.o(.text.at_malloc)
    [Anonymous Symbol]                       0x08002d88   Section        0  at_mem.o(.text.at_memcmp)
    [Anonymous Symbol]                       0x08002d8c   Section        0  at_mem.o(.text.at_memcpy)
    [Anonymous Symbol]                       0x08002d98   Section        0  at_mem.o(.text.at_memset)
    at_user_AT                               0x08002da9   Thumb Code    16  at_user.o(.text.at_user_AT)
    [Anonymous Symbol]                       0x08002da8   Section        0  at_user.o(.text.at_user_AT)
    __arm_cp.4_0                             0x08002db8   Number         4  at_user.o(.text.at_user_AT)
    at_user_AT_List                          0x08002dc1   Thumb Code    16  at_user.o(.text.at_user_AT_List)
    [Anonymous Symbol]                       0x08002dc0   Section        0  at_user.o(.text.at_user_AT_List)
    __arm_cp.5_0                             0x08002dd0   Number         4  at_user.o(.text.at_user_AT_List)
    at_user_AT_Reboot                        0x08002dd9   Thumb Code    10  at_user.o(.text.at_user_AT_Reboot)
    [Anonymous Symbol]                       0x08002dd8   Section        0  at_user.o(.text.at_user_AT_Reboot)
    [Anonymous Symbol]                       0x08002de4   Section        0  at_user.o(.text.at_user_init)
    __arm_cp.0_0                             0x08002e18   Number         4  at_user.o(.text.at_user_init)
    __arm_cp.0_1                             0x08002e1c   Number         4  at_user.o(.text.at_user_init)
    __arm_cp.0_2                             0x08002e20   Number         4  at_user.o(.text.at_user_init)
    __arm_cp.0_3                             0x08002e24   Number         4  at_user.o(.text.at_user_init)
    __arm_cp.0_4                             0x08002e28   Number         4  at_user.o(.text.at_user_init)
    __arm_cp.0_5                             0x08002e2c   Number         4  at_user.o(.text.at_user_init)
    at_user_sdev_available                   0x08002e31   Thumb Code    12  at_user.o(.text.at_user_sdev_available)
    [Anonymous Symbol]                       0x08002e30   Section        0  at_user.o(.text.at_user_sdev_available)
    at_user_sdev_print                       0x08002e3d   Thumb Code    48  at_user.o(.text.at_user_sdev_print)
    [Anonymous Symbol]                       0x08002e3c   Section        0  at_user.o(.text.at_user_sdev_print)
    __arm_cp.1_0                             0x08002e6c   Number         4  at_user.o(.text.at_user_sdev_print)
    at_user_sdev_read                        0x08002e71   Thumb Code    12  at_user.o(.text.at_user_sdev_read)
    [Anonymous Symbol]                       0x08002e70   Section        0  at_user.o(.text.at_user_sdev_read)
    [Anonymous Symbol]                       0x08002e7c   Section        0  usart.o(.text.fputc)
    __arm_cp.1_0                             0x08002e8c   Number         4  usart.o(.text.fputc)
    [Anonymous Symbol]                       0x08002e90   Section        0  main.o(.text.main)
    __arm_cp.0_1                             0x08002f4c   Number         4  main.o(.text.main)
    __arm_cp.0_4                             0x08002f84   Number         4  main.o(.text.main)
    __arm_cp.0_6                             0x08002fa8   Number         4  main.o(.text.main)
    [Anonymous Symbol]                       0x08002fac   Section        0  malloc.o(.text.my_mem_free)
    [Anonymous Symbol]                       0x08002fe8   Section        0  malloc.o(.text.my_mem_init)
    [Anonymous Symbol]                       0x08003010   Section        0  malloc.o(.text.my_mem_malloc)
    [Anonymous Symbol]                       0x08003078   Section        0  malloc.o(.text.my_mem_perused)
    [Anonymous Symbol]                       0x080030a0   Section        0  malloc.o(.text.myfree)
    [Anonymous Symbol]                       0x080030b4   Section        0  malloc.o(.text.mymalloc)
    __arm_cp.8_0                             0x080030d0   Number         4  malloc.o(.text.mymalloc)
    [Anonymous Symbol]                       0x080030d4   Section        0  malloc.o(.text.mymemcmp)
    [Anonymous Symbol]                       0x080030ee   Section        0  malloc.o(.text.mymemcpy)
    [Anonymous Symbol]                       0x080030fe   Section        0  malloc.o(.text.mymemset)
    ws2812b_bit_reset                        0x0800310d   Thumb Code    88  ws2812b.o(.text.ws2812b_bit_reset)
    [Anonymous Symbol]                       0x0800310c   Section        0  ws2812b.o(.text.ws2812b_bit_reset)
    __arm_cp.3_0                             0x08003164   Number         4  ws2812b.o(.text.ws2812b_bit_reset)
    __arm_cp.3_1                             0x08003168   Number         4  ws2812b.o(.text.ws2812b_bit_reset)
    __arm_cp.3_2                             0x0800316c   Number         4  ws2812b.o(.text.ws2812b_bit_reset)
    [Anonymous Symbol]                       0x08003170   Section        0  ws2812b.o(.text.ws2812b_clear_rgb_buff)
    __arm_cp.0_0                             0x0800317c   Number         4  ws2812b.o(.text.ws2812b_clear_rgb_buff)
    [Anonymous Symbol]                       0x08003180   Section        0  ws2812b.o(.text.ws2812b_init)
    ws2812b_send_byte                        0x08003185   Thumb Code    60  ws2812b.o(.text.ws2812b_send_byte)
    [Anonymous Symbol]                       0x08003184   Section        0  ws2812b.o(.text.ws2812b_send_byte)
    __arm_cp.2_0                             0x080031c0   Number         4  ws2812b.o(.text.ws2812b_send_byte)
    [Anonymous Symbol]                       0x080031c4   Section        0  ws2812b.o(.text.ws2812b_send_node)
    __arm_cp.1_0                             0x080031e0   Number         4  ws2812b.o(.text.ws2812b_send_node)
    i._is_digit                              0x080031e4   Section        0  __printf_wp.o(i._is_digit)
    locale$$code                             0x080031f4   Section       44  lc_ctype_c.o(locale$$code)
    initial_mbstate                          0x08003220   Data           8  _printf_wctomb.o(.constdata)
    .constdata                               0x08003220   Section        8  _printf_wctomb.o(.constdata)
    uc_hextab                                0x08003228   Data          20  _printf_hex_int_ll_ptr.o(.constdata)
    .constdata                               0x08003228   Section       40  _printf_hex_int_ll_ptr.o(.constdata)
    lc_hextab                                0x0800323c   Data          20  _printf_hex_int_ll_ptr.o(.constdata)
    maptable                                 0x08003250   Data          17  __printf_flags_ss_wp.o(.constdata)
    .constdata                               0x08003250   Section       17  __printf_flags_ss_wp.o(.constdata)
    [Anonymous Symbol]                       0x08003279   Section        0  at_user.o(.rodata.str1.1)
    [Anonymous Symbol]                       0x0800328c   Section        0  at.o(.rodata.str1.1)
    locale$$data                             0x080032cc   Section      272  lc_ctype_c.o(locale$$data)
    __lcctype_c_name                         0x080032d0   Data           2  lc_ctype_c.o(locale$$data)
    __lcctype_c_start                        0x080032d8   Data           0  lc_ctype_c.o(locale$$data)
    __lcctype_c_end                          0x080033dc   Data           0  lc_ctype_c.o(locale$$data)
    _strtok_saves1                           0x20000000   Data           4  strtok.o(.data)
    .data                                    0x20000000   Section        4  strtok.o(.data)
    [Anonymous Symbol]                       0x20000004   Section        0  stm32f1xx_hal.o(.data..L_MergedGlobals)
    _atTable                                 0x20000010   Data          48  at_user.o(.data._atTable)
    [Anonymous Symbol]                       0x20000010   Section        0  at_user.o(.data._atTable)
    .bss                                     0x20000060   Section       96  libspace.o(.bss)
    [Anonymous Symbol]                       0x200000c0   Section        0  usart.o(.bss..L_MergedGlobals)
    UART1_Rx_Rear                            0x200000c4   Data           4  usart.o(.bss..L_MergedGlobals)
    UART1_Rx_Front                           0x200000c8   Data           4  usart.o(.bss..L_MergedGlobals)
    at_user_stream_device                    0x20000114   Data          16  at_user.o(.bss..L_MergedGlobals)
    [Anonymous Symbol]                       0x20000114   Section        0  at_user.o(.bss..L_MergedGlobals)
    UART1_Rx_Buff                            0x2000017c   Data         200  usart.o(.bss.UART1_Rx_Buff)
    [Anonymous Symbol]                       0x2000017c   Section        0  usart.o(.bss.UART1_Rx_Buff)
    _errorToString.error_str                 0x20000298   Data          50  at.o(.bss._errorToString.error_str)
    [Anonymous Symbol]                       0x20000298   Section        0  at.o(.bss._errorToString.error_str)
    at_user_readString                       0x200002ca   Data         100  at_user.o(.bss.at_user_readString)
    [Anonymous Symbol]                       0x200002ca   Section        0  at_user.o(.bss.at_user_readString)
    lcd_dataout_buff                         0x200003dc   Data         480  lcd.o(.bss.lcd_dataout_buff)
    [Anonymous Symbol]                       0x200003dc   Section        0  lcd.o(.bss.lcd_dataout_buff)
    Heap_Mem                                 0x20000e48   Data         512  startup_stm32f103xe.o(HEAP)
    HEAP                                     0x20000e48   Section      512  startup_stm32f103xe.o(HEAP)
    Stack_Mem                                0x20001048   Data        1024  startup_stm32f103xe.o(STACK)
    STACK                                    0x20001048   Section     1024  startup_stm32f103xe.o(STACK)
    __initial_sp                             0x20001448   Data           0  startup_stm32f103xe.o(STACK)

    Global Symbols

    Symbol Name                              Value     Ov Type        Size  Object(Section)

    BuildAttributes$$THM_ISAv4$P$D$K$B$S$PE$A:L22UL41UL21$X:L11$S22US41US21$IEEE1$IW$~IW$USESV6$~STKCKD$USESV7$~SHL$OSPACE$ROPI$EBA8$UX$STANDARDLIB$REQ8$PRES8$EABIv2 0x00000000   Number         0  anon$$obj.o ABSOLUTE
    __fp_init_empty                          0x00000000   Number         0  fpinit_empty.o ABSOLUTE
    _printf_flags                            0x00000000   Number         0  printf_stubs.o ABSOLUTE
    _printf_return_value                     0x00000000   Number         0  printf_stubs.o ABSOLUTE
    _printf_sizespec                         0x00000000   Number         0  printf_stubs.o ABSOLUTE
    _printf_widthprec                        0x00000000   Number         0  printf_stubs.o ABSOLUTE
    __ARM_exceptions_init                     - Undefined Weak Reference
    __alloca_initialize                       - Undefined Weak Reference
    __arm_preinit_                            - Undefined Weak Reference
    __arm_relocate_pie_                       - Undefined Weak Reference
    __cpp_initialize__aeabi_                  - Undefined Weak Reference
    __cxa_finalize                            - Undefined Weak Reference
    __sigvec_lookup                           - Undefined Weak Reference
    _atexit_init                              - Undefined Weak Reference
    _call_atexit_fns                          - Undefined Weak Reference
    _clock_init                               - Undefined Weak Reference
    _fp_trap_init                             - Undefined Weak Reference
    _fp_trap_shutdown                         - Undefined Weak Reference
    _get_lc_collate                           - Undefined Weak Reference
    _get_lc_monetary                          - Undefined Weak Reference
    _get_lc_numeric                           - Undefined Weak Reference
    _get_lc_time                              - Undefined Weak Reference
    _getenv_init                              - Undefined Weak Reference
    _handle_redirection                       - Undefined Weak Reference
    _init_alloc                               - Undefined Weak Reference
    _init_user_alloc                          - Undefined Weak Reference
    _initio                                   - Undefined Weak Reference
    _printf_fp_dec                            - Undefined Weak Reference
    _printf_fp_hex                            - Undefined Weak Reference
    _printf_mbtowc                            - Undefined Weak Reference
    _printf_wc                                - Undefined Weak Reference
    _rand_init                                - Undefined Weak Reference
    _signal_finish                            - Undefined Weak Reference
    _signal_init                              - Undefined Weak Reference
    _terminate_alloc                          - Undefined Weak Reference
    _terminate_user_alloc                     - Undefined Weak Reference
    _terminateio                              - Undefined Weak Reference
    __Vectors_Size                           0x00000130   Number         0  startup_stm32f103xe.o ABSOLUTE
    __Vectors                                0x08000000   Data           4  startup_stm32f103xe.o(RESET)
    __Vectors_End                            0x08000130   Data           0  startup_stm32f103xe.o(RESET)
    __main                                   0x08000131   Thumb Code     8  __main.o(!!!main)
    __scatterload                            0x08000139   Thumb Code     0  __scatter.o(!!!scatter)
    __scatterload_rt2                        0x08000139   Thumb Code    44  __scatter.o(!!!scatter)
    __scatterload_rt2_thumb_only             0x08000139   Thumb Code     0  __scatter.o(!!!scatter)
    __scatterload_null                       0x08000147   Thumb Code     0  __scatter.o(!!!scatter)
    __scatterload_copy                       0x0800016d   Thumb Code    26  __scatter_copy.o(!!handler_copy)
    __scatterload_zeroinit                   0x08000189   Thumb Code    28  __scatter_zi.o(!!handler_zi)
    _printf_n                                0x080001a5   Thumb Code     0  _printf_n.o(.ARM.Collect$$_printf_percent$$00000001)
    _printf_percent                          0x080001a5   Thumb Code     0  _printf_percent.o(.ARM.Collect$$_printf_percent$$00000000)
    _printf_p                                0x080001ab   Thumb Code     0  _printf_p.o(.ARM.Collect$$_printf_percent$$00000002)
    _printf_f                                0x080001b1   Thumb Code     0  _printf_f.o(.ARM.Collect$$_printf_percent$$00000003)
    _printf_e                                0x080001b7   Thumb Code     0  _printf_e.o(.ARM.Collect$$_printf_percent$$00000004)
    _printf_g                                0x080001bd   Thumb Code     0  _printf_g.o(.ARM.Collect$$_printf_percent$$00000005)
    _printf_a                                0x080001c3   Thumb Code     0  _printf_a.o(.ARM.Collect$$_printf_percent$$00000006)
    _printf_ll                               0x080001c9   Thumb Code     0  _printf_ll.o(.ARM.Collect$$_printf_percent$$00000007)
    _printf_i                                0x080001d3   Thumb Code     0  _printf_i.o(.ARM.Collect$$_printf_percent$$00000008)
    _printf_d                                0x080001d9   Thumb Code     0  _printf_d.o(.ARM.Collect$$_printf_percent$$00000009)
    _printf_u                                0x080001df   Thumb Code     0  _printf_u.o(.ARM.Collect$$_printf_percent$$0000000A)
    _printf_o                                0x080001e5   Thumb Code     0  _printf_o.o(.ARM.Collect$$_printf_percent$$0000000B)
    _printf_x                                0x080001eb   Thumb Code     0  _printf_x.o(.ARM.Collect$$_printf_percent$$0000000C)
    _printf_lli                              0x080001f1   Thumb Code     0  _printf_lli.o(.ARM.Collect$$_printf_percent$$0000000D)
    _printf_lld                              0x080001f7   Thumb Code     0  _printf_lld.o(.ARM.Collect$$_printf_percent$$0000000E)
    _printf_llu                              0x080001fd   Thumb Code     0  _printf_llu.o(.ARM.Collect$$_printf_percent$$0000000F)
    _printf_llo                              0x08000203   Thumb Code     0  _printf_llo.o(.ARM.Collect$$_printf_percent$$00000010)
    _printf_llx                              0x08000209   Thumb Code     0  _printf_llx.o(.ARM.Collect$$_printf_percent$$00000011)
    _printf_l                                0x0800020f   Thumb Code     0  _printf_l.o(.ARM.Collect$$_printf_percent$$00000012)
    _printf_c                                0x08000219   Thumb Code     0  _printf_c.o(.ARM.Collect$$_printf_percent$$00000013)
    _printf_s                                0x0800021f   Thumb Code     0  _printf_s.o(.ARM.Collect$$_printf_percent$$00000014)
    _printf_lc                               0x08000225   Thumb Code     0  _printf_lc.o(.ARM.Collect$$_printf_percent$$00000015)
    _printf_ls                               0x0800022b   Thumb Code     0  _printf_ls.o(.ARM.Collect$$_printf_percent$$00000016)
    _printf_percent_end                      0x08000231   Thumb Code     0  _printf_percent_end.o(.ARM.Collect$$_printf_percent$$00000017)
    __rt_lib_init                            0x08000235   Thumb Code     0  libinit.o(.ARM.Collect$$libinit$$00000000)
    __rt_lib_init_fp_1                       0x08000237   Thumb Code     0  libinit2.o(.ARM.Collect$$libinit$$00000002)
    __rt_lib_init_heap_1                     0x08000237   Thumb Code     0  libinit2.o(.ARM.Collect$$libinit$$0000000C)
    __rt_lib_init_lc_common                  0x08000237   Thumb Code     0  libinit2.o(.ARM.Collect$$libinit$$00000011)
    __rt_lib_init_preinit_1                  0x08000237   Thumb Code     0  libinit2.o(.ARM.Collect$$libinit$$00000006)
    __rt_lib_init_rand_1                     0x08000237   Thumb Code     0  libinit2.o(.ARM.Collect$$libinit$$00000010)
    __rt_lib_init_relocate_pie_1             0x08000237   Thumb Code     0  libinit2.o(.ARM.Collect$$libinit$$00000004)
    __rt_lib_init_user_alloc_1               0x08000237   Thumb Code     0  libinit2.o(.ARM.Collect$$libinit$$0000000E)
    __rt_lib_init_lc_collate_1               0x0800023d   Thumb Code     0  libinit2.o(.ARM.Collect$$libinit$$00000013)
    __rt_lib_init_lc_ctype_2                 0x0800023d   Thumb Code     0  libinit2.o(.ARM.Collect$$libinit$$00000014)
    __rt_lib_init_alloca_1                   0x08000249   Thumb Code     0  libinit2.o(.ARM.Collect$$libinit$$00000030)
    __rt_lib_init_argv_1                     0x08000249   Thumb Code     0  libinit2.o(.ARM.Collect$$libinit$$0000002E)
    __rt_lib_init_atexit_1                   0x08000249   Thumb Code     0  libinit2.o(.ARM.Collect$$libinit$$0000001D)
    __rt_lib_init_clock_1                    0x08000249   Thumb Code     0  libinit2.o(.ARM.Collect$$libinit$$00000023)
    __rt_lib_init_cpp_1                      0x08000249   Thumb Code     0  libinit2.o(.ARM.Collect$$libinit$$00000034)
    __rt_lib_init_exceptions_1               0x08000249   Thumb Code     0  libinit2.o(.ARM.Collect$$libinit$$00000032)
    __rt_lib_init_fp_trap_1                  0x08000249   Thumb Code     0  libinit2.o(.ARM.Collect$$libinit$$00000021)
    __rt_lib_init_getenv_1                   0x08000249   Thumb Code     0  libinit2.o(.ARM.Collect$$libinit$$00000025)
    __rt_lib_init_lc_ctype_1                 0x08000249   Thumb Code     0  libinit2.o(.ARM.Collect$$libinit$$00000015)
    __rt_lib_init_lc_monetary_1              0x08000249   Thumb Code     0  libinit2.o(.ARM.Collect$$libinit$$00000017)
    __rt_lib_init_lc_numeric_1               0x08000249   Thumb Code     0  libinit2.o(.ARM.Collect$$libinit$$00000019)
    __rt_lib_init_lc_time_1                  0x08000249   Thumb Code     0  libinit2.o(.ARM.Collect$$libinit$$0000001B)
    __rt_lib_init_return                     0x08000249   Thumb Code     0  libinit2.o(.ARM.Collect$$libinit$$00000035)
    __rt_lib_init_signal_1                   0x08000249   Thumb Code     0  libinit2.o(.ARM.Collect$$libinit$$0000001F)
    __rt_lib_init_stdio_1                    0x08000249   Thumb Code     0  libinit2.o(.ARM.Collect$$libinit$$00000027)
    __rt_lib_shutdown                        0x0800024b   Thumb Code     0  libshutdown.o(.ARM.Collect$$libshutdown$$00000000)
    __rt_lib_shutdown_cpp_1                  0x0800024d   Thumb Code     0  libshutdown2.o(.ARM.Collect$$libshutdown$$00000002)
    __rt_lib_shutdown_fp_trap_1              0x0800024d   Thumb Code     0  libshutdown2.o(.ARM.Collect$$libshutdown$$00000007)
    __rt_lib_shutdown_heap_1                 0x0800024d   Thumb Code     0  libshutdown2.o(.ARM.Collect$$libshutdown$$0000000F)
    __rt_lib_shutdown_return                 0x0800024d   Thumb Code     0  libshutdown2.o(.ARM.Collect$$libshutdown$$00000010)
    __rt_lib_shutdown_signal_1               0x0800024d   Thumb Code     0  libshutdown2.o(.ARM.Collect$$libshutdown$$0000000A)
    __rt_lib_shutdown_stdio_1                0x0800024d   Thumb Code     0  libshutdown2.o(.ARM.Collect$$libshutdown$$00000004)
    __rt_lib_shutdown_user_alloc_1           0x0800024d   Thumb Code     0  libshutdown2.o(.ARM.Collect$$libshutdown$$0000000C)
    __rt_entry                               0x0800024f   Thumb Code     0  __rtentry.o(.ARM.Collect$$rtentry$$00000000)
    __rt_entry_presh_1                       0x0800024f   Thumb Code     0  __rtentry2.o(.ARM.Collect$$rtentry$$00000002)
    __rt_entry_sh                            0x0800024f   Thumb Code     0  __rtentry4.o(.ARM.Collect$$rtentry$$00000004)
    __rt_entry_li                            0x08000255   Thumb Code     0  __rtentry2.o(.ARM.Collect$$rtentry$$0000000A)
    __rt_entry_postsh_1                      0x08000255   Thumb Code     0  __rtentry2.o(.ARM.Collect$$rtentry$$00000009)
    __rt_entry_main                          0x08000259   Thumb Code     0  __rtentry2.o(.ARM.Collect$$rtentry$$0000000D)
    __rt_entry_postli_1                      0x08000259   Thumb Code     0  __rtentry2.o(.ARM.Collect$$rtentry$$0000000C)
    __rt_exit                                0x08000261   Thumb Code     0  rtexit.o(.ARM.Collect$$rtexit$$00000000)
    __rt_exit_ls                             0x08000263   Thumb Code     0  rtexit2.o(.ARM.Collect$$rtexit$$00000003)
    __rt_exit_prels_1                        0x08000263   Thumb Code     0  rtexit2.o(.ARM.Collect$$rtexit$$00000002)
    __rt_exit_exit                           0x08000267   Thumb Code     0  rtexit2.o(.ARM.Collect$$rtexit$$00000004)
    Reset_Handler                            0x0800026d   Thumb Code     8  startup_stm32f103xe.o(.text)
    ADC1_2_IRQHandler                        0x08000287   Thumb Code     0  startup_stm32f103xe.o(.text)
    ADC3_IRQHandler                          0x08000287   Thumb Code     0  startup_stm32f103xe.o(.text)
    CAN1_RX1_IRQHandler                      0x08000287   Thumb Code     0  startup_stm32f103xe.o(.text)
    CAN1_SCE_IRQHandler                      0x08000287   Thumb Code     0  startup_stm32f103xe.o(.text)
    DMA1_Channel1_IRQHandler                 0x08000287   Thumb Code     0  startup_stm32f103xe.o(.text)
    DMA1_Channel2_IRQHandler                 0x08000287   Thumb Code     0  startup_stm32f103xe.o(.text)
    DMA1_Channel3_IRQHandler                 0x08000287   Thumb Code     0  startup_stm32f103xe.o(.text)
    DMA1_Channel4_IRQHandler                 0x08000287   Thumb Code     0  startup_stm32f103xe.o(.text)
    DMA1_Channel5_IRQHandler                 0x08000287   Thumb Code     0  startup_stm32f103xe.o(.text)
    DMA1_Channel6_IRQHandler                 0x08000287   Thumb Code     0  startup_stm32f103xe.o(.text)
    DMA1_Channel7_IRQHandler                 0x08000287   Thumb Code     0  startup_stm32f103xe.o(.text)
    DMA2_Channel1_IRQHandler                 0x08000287   Thumb Code     0  startup_stm32f103xe.o(.text)
    DMA2_Channel2_IRQHandler                 0x08000287   Thumb Code     0  startup_stm32f103xe.o(.text)
    DMA2_Channel3_IRQHandler                 0x08000287   Thumb Code     0  startup_stm32f103xe.o(.text)
    DMA2_Channel4_5_IRQHandler               0x08000287   Thumb Code     0  startup_stm32f103xe.o(.text)
    EXTI0_IRQHandler                         0x08000287   Thumb Code     0  startup_stm32f103xe.o(.text)
    EXTI15_10_IRQHandler                     0x08000287   Thumb Code     0  startup_stm32f103xe.o(.text)
    EXTI1_IRQHandler                         0x08000287   Thumb Code     0  startup_stm32f103xe.o(.text)
    EXTI2_IRQHandler                         0x08000287   Thumb Code     0  startup_stm32f103xe.o(.text)
    EXTI3_IRQHandler                         0x08000287   Thumb Code     0  startup_stm32f103xe.o(.text)
    EXTI4_IRQHandler                         0x08000287   Thumb Code     0  startup_stm32f103xe.o(.text)
    EXTI9_5_IRQHandler                       0x08000287   Thumb Code     0  startup_stm32f103xe.o(.text)
    FLASH_IRQHandler                         0x08000287   Thumb Code     0  startup_stm32f103xe.o(.text)
    FSMC_IRQHandler                          0x08000287   Thumb Code     0  startup_stm32f103xe.o(.text)
    I2C1_ER_IRQHandler                       0x08000287   Thumb Code     0  startup_stm32f103xe.o(.text)
    I2C1_EV_IRQHandler                       0x08000287   Thumb Code     0  startup_stm32f103xe.o(.text)
    I2C2_ER_IRQHandler                       0x08000287   Thumb Code     0  startup_stm32f103xe.o(.text)
    I2C2_EV_IRQHandler                       0x08000287   Thumb Code     0  startup_stm32f103xe.o(.text)
    PVD_IRQHandler                           0x08000287   Thumb Code     0  startup_stm32f103xe.o(.text)
    RCC_IRQHandler                           0x08000287   Thumb Code     0  startup_stm32f103xe.o(.text)
    RTC_Alarm_IRQHandler                     0x08000287   Thumb Code     0  startup_stm32f103xe.o(.text)
    RTC_IRQHandler                           0x08000287   Thumb Code     0  startup_stm32f103xe.o(.text)
    SDIO_IRQHandler                          0x08000287   Thumb Code     0  startup_stm32f103xe.o(.text)
    SPI1_IRQHandler                          0x08000287   Thumb Code     0  startup_stm32f103xe.o(.text)
    SPI2_IRQHandler                          0x08000287   Thumb Code     0  startup_stm32f103xe.o(.text)
    SPI3_IRQHandler                          0x08000287   Thumb Code     0  startup_stm32f103xe.o(.text)
    TAMPER_IRQHandler                        0x08000287   Thumb Code     0  startup_stm32f103xe.o(.text)
    TIM1_BRK_IRQHandler                      0x08000287   Thumb Code     0  startup_stm32f103xe.o(.text)
    TIM1_CC_IRQHandler                       0x08000287   Thumb Code     0  startup_stm32f103xe.o(.text)
    TIM1_TRG_COM_IRQHandler                  0x08000287   Thumb Code     0  startup_stm32f103xe.o(.text)
    TIM1_UP_IRQHandler                       0x08000287   Thumb Code     0  startup_stm32f103xe.o(.text)
    TIM2_IRQHandler                          0x08000287   Thumb Code     0  startup_stm32f103xe.o(.text)
    TIM3_IRQHandler                          0x08000287   Thumb Code     0  startup_stm32f103xe.o(.text)
    TIM4_IRQHandler                          0x08000287   Thumb Code     0  startup_stm32f103xe.o(.text)
    TIM5_IRQHandler                          0x08000287   Thumb Code     0  startup_stm32f103xe.o(.text)
    TIM6_IRQHandler                          0x08000287   Thumb Code     0  startup_stm32f103xe.o(.text)
    TIM7_IRQHandler                          0x08000287   Thumb Code     0  startup_stm32f103xe.o(.text)
    TIM8_BRK_IRQHandler                      0x08000287   Thumb Code     0  startup_stm32f103xe.o(.text)
    TIM8_CC_IRQHandler                       0x08000287   Thumb Code     0  startup_stm32f103xe.o(.text)
    TIM8_TRG_COM_IRQHandler                  0x08000287   Thumb Code     0  startup_stm32f103xe.o(.text)
    TIM8_UP_IRQHandler                       0x08000287   Thumb Code     0  startup_stm32f103xe.o(.text)
    UART4_IRQHandler                         0x08000287   Thumb Code     0  startup_stm32f103xe.o(.text)
    UART5_IRQHandler                         0x08000287   Thumb Code     0  startup_stm32f103xe.o(.text)
    USART2_IRQHandler                        0x08000287   Thumb Code     0  startup_stm32f103xe.o(.text)
    USART3_IRQHandler                        0x08000287   Thumb Code     0  startup_stm32f103xe.o(.text)
    USBWakeUp_IRQHandler                     0x08000287   Thumb Code     0  startup_stm32f103xe.o(.text)
    USB_HP_CAN1_TX_IRQHandler                0x08000287   Thumb Code     0  startup_stm32f103xe.o(.text)
    USB_LP_CAN1_RX0_IRQHandler               0x08000287   Thumb Code     0  startup_stm32f103xe.o(.text)
    WWDG_IRQHandler                          0x08000287   Thumb Code     0  startup_stm32f103xe.o(.text)
    __user_initial_stackheap                 0x08000289   Thumb Code     0  startup_stm32f103xe.o(.text)
    _vsnprintf                               0x080002ad   Thumb Code    56  _vsnprintf.o(.text)
    puts                                     0x080002e9   Thumb Code    40  puts.o(.text)
    strtok                                   0x08000315   Thumb Code     6  strtok.o(.text)
    strlen                                   0x08000321   Thumb Code    62  strlen.o(.text)
    __aeabi_memclr4                          0x0800035f   Thumb Code     0  rt_memclr_w.o(.text)
    __aeabi_memclr8                          0x0800035f   Thumb Code     0  rt_memclr_w.o(.text)
    __rt_memclr_w                            0x0800035f   Thumb Code     0  rt_memclr_w.o(.text)
    _memset_w                                0x08000363   Thumb Code    74  rt_memclr_w.o(.text)
    __use_two_region_memory                  0x080003ad   Thumb Code     2  heapauxi.o(.text)
    __rt_heap_escrow$2region                 0x080003af   Thumb Code     2  heapauxi.o(.text)
    __rt_heap_expand$2region                 0x080003b1   Thumb Code     2  heapauxi.o(.text)
    _printf_pre_padding                      0x080003b3   Thumb Code    44  _printf_pad.o(.text)
    _printf_post_padding                     0x080003df   Thumb Code    34  _printf_pad.o(.text)
    _printf_truncate_signed                  0x08000401   Thumb Code    18  _printf_truncate.o(.text)
    _printf_truncate_unsigned                0x08000413   Thumb Code    18  _printf_truncate.o(.text)
    _printf_str                              0x08000425   Thumb Code    82  _printf_str.o(.text)
    _printf_int_dec                          0x08000479   Thumb Code   104  _printf_dec.o(.text)
    _printf_charcount                        0x080004f1   Thumb Code    40  _printf_charcount.o(.text)
    _printf_char_common                      0x08000523   Thumb Code    32  _printf_char_common.o(.text)
    _snputc                                  0x08000549   Thumb Code    16  _snputc.o(.text)
    _printf_wctomb                           0x08000559   Thumb Code   182  _printf_wctomb.o(.text)
    _printf_longlong_dec                     0x08000615   Thumb Code   108  _printf_longlong_dec.o(.text)
    _printf_longlong_oct                     0x08000691   Thumb Code    68  _printf_oct_int_ll.o(.text)
    _printf_int_oct                          0x080006d5   Thumb Code    24  _printf_oct_int_ll.o(.text)
    _printf_ll_oct                           0x080006ed   Thumb Code    12  _printf_oct_int_ll.o(.text)
    _printf_longlong_hex                     0x08000701   Thumb Code    86  _printf_hex_int_ll_ptr.o(.text)
    _printf_int_hex                          0x08000757   Thumb Code    28  _printf_hex_int_ll_ptr.o(.text)
    _printf_ll_hex                           0x08000773   Thumb Code    12  _printf_hex_int_ll_ptr.o(.text)
    _printf_hex_ptr                          0x0800077f   Thumb Code    18  _printf_hex_int_ll_ptr.o(.text)
    __printf                                 0x08000795   Thumb Code   388  __printf_flags_ss_wp.o(.text)
    __strtok_internal                        0x0800091d   Thumb Code    64  strtok_int.o(.text)
    _ll_udiv10                               0x08000961   Thumb Code   138  lludiv10.o(.text)
    _printf_int_common                       0x080009eb   Thumb Code   178  _printf_intcommon.o(.text)
    _printf_cs_common                        0x08000a9d   Thumb Code    20  _printf_char.o(.text)
    _printf_char                             0x08000ab1   Thumb Code    16  _printf_char.o(.text)
    _printf_string                           0x08000ac1   Thumb Code     8  _printf_char.o(.text)
    _printf_lcs_common                       0x08000ac9   Thumb Code    20  _printf_wchar.o(.text)
    _printf_wchar                            0x08000add   Thumb Code    16  _printf_wchar.o(.text)
    _printf_wstring                          0x08000aed   Thumb Code     8  _printf_wchar.o(.text)
    _c16rtomb                                0x08000af5   Thumb Code    72  _c16rtomb.o(.text)
    _wcrtomb                                 0x08000af5   Thumb Code     0  _c16rtomb.o(.text)
    strcspn                                  0x08000b3d   Thumb Code    32  strcspn.o(.text)
    strspn                                   0x08000b5d   Thumb Code    28  strspn.o(.text)
    __user_setup_stackheap                   0x08000b79   Thumb Code    74  sys_stackheap_outer.o(.text)
    __rt_ctype_table                         0x08000bc5   Thumb Code    16  rt_ctype_table.o(.text)
    exit                                     0x08000bd5   Thumb Code    18  exit.o(.text)
    __user_libspace                          0x08000be9   Thumb Code     8  libspace.o(.text)
    __user_perproc_libspace                  0x08000be9   Thumb Code     0  libspace.o(.text)
    __user_perthread_libspace                0x08000be9   Thumb Code     0  libspace.o(.text)
    __rt_locale                              0x08000bf1   Thumb Code     8  rt_locale_intlibspace.o(.text)
    strcmp                                   0x08000bf9   Thumb Code   128  strcmpv7m.o(.text)
    _sys_exit                                0x08000c79   Thumb Code     8  sys_exit.o(.text)
    __I$use$semihosting                      0x08000c85   Thumb Code     0  use_no_semi.o(.text)
    __use_no_semihosting_swi                 0x08000c85   Thumb Code     2  use_no_semi.o(.text)
    At_Init                                  0x08000c87   Thumb Code    66  at.o(.text.At_Init)
    __semihosting_library_function           0x08000c87   Thumb Code     0  indicate_semi.o(.text)
    BusFault_Handler                         0x08000cc9   Thumb Code     2  stm32f1xx_it.o(.text.BusFault_Handler)
    DebugMon_Handler                         0x08000ccb   Thumb Code     2  stm32f1xx_it.o(.text.DebugMon_Handler)
    Error_Handler                            0x08000ccd   Thumb Code     8  main.o(.text.Error_Handler)
    Get_UART1_Rx_Len                         0x08000cd5   Thumb Code    24  usart.o(.text.Get_UART1_Rx_Len)
    HAL_DMA_Abort                            0x08000cf1   Thumb Code    64  stm32f1xx_hal_dma.o(.text.HAL_DMA_Abort)
    HAL_DMA_Abort_IT                         0x08000d31   Thumb Code   204  stm32f1xx_hal_dma.o(.text.HAL_DMA_Abort_IT)
    HAL_Delay                                0x08000e29   Thumb Code    32  stm32f1xx_hal.o(.text.HAL_Delay)
    HAL_GPIO_Init                            0x08000e49   Thumb Code   384  stm32f1xx_hal_gpio.o(.text.HAL_GPIO_Init)
    HAL_GPIO_WritePin                        0x08000ff5   Thumb Code    10  stm32f1xx_hal_gpio.o(.text.HAL_GPIO_WritePin)
    HAL_GetTick                              0x08001001   Thumb Code     8  stm32f1xx_hal.o(.text.HAL_GetTick)
    HAL_I2C_Init                             0x08001009   Thumb Code   284  stm32f1xx_hal_i2c.o(.text.HAL_I2C_Init)
    HAL_I2C_MspInit                          0x08001139   Thumb Code    80  i2c.o(.text.HAL_I2C_MspInit)
    HAL_IncTick                              0x0800118d   Thumb Code    16  stm32f1xx_hal.o(.text.HAL_IncTick)
    HAL_Init                                 0x080011a1   Thumb Code    32  stm32f1xx_hal.o(.text.HAL_Init)
    HAL_InitTick                             0x080011c1   Thumb Code    56  stm32f1xx_hal.o(.text.HAL_InitTick)
    HAL_MspInit                              0x080011fd   Thumb Code    56  stm32f1xx_hal_msp.o(.text.HAL_MspInit)
    HAL_NVIC_EnableIRQ                       0x0800123d   Thumb Code    28  stm32f1xx_hal_cortex.o(.text.HAL_NVIC_EnableIRQ)
    HAL_NVIC_SetPriority                     0x0800125d   Thumb Code    72  stm32f1xx_hal_cortex.o(.text.HAL_NVIC_SetPriority)
    HAL_NVIC_SetPriorityGrouping             0x080012a9   Thumb Code    24  stm32f1xx_hal_cortex.o(.text.HAL_NVIC_SetPriorityGrouping)
    HAL_NVIC_SystemReset                     0x080012c9   Thumb Code     4  stm32f1xx_hal_cortex.o(.text.HAL_NVIC_SystemReset)
    HAL_RCC_ClockConfig                      0x080012cd   Thumb Code   304  stm32f1xx_hal_rcc.o(.text.HAL_RCC_ClockConfig)
    HAL_RCC_GetPCLK1Freq                     0x08001409   Thumb Code    20  stm32f1xx_hal_rcc.o(.text.HAL_RCC_GetPCLK1Freq)
    HAL_RCC_GetPCLK2Freq                     0x0800141d   Thumb Code    20  stm32f1xx_hal_rcc.o(.text.HAL_RCC_GetPCLK2Freq)
    HAL_RCC_GetSysClockFreq                  0x08001439   Thumb Code    52  stm32f1xx_hal_rcc.o(.text.HAL_RCC_GetSysClockFreq)
    HAL_RCC_OscConfig                        0x0800148d   Thumb Code   748  stm32f1xx_hal_rcc.o(.text.HAL_RCC_OscConfig)
    HAL_SPI_Init                             0x08001789   Thumb Code   172  stm32f1xx_hal_spi.o(.text.HAL_SPI_Init)
    HAL_SPI_MspInit                          0x08001835   Thumb Code   100  spi.o(.text.HAL_SPI_MspInit)
    HAL_SYSTICK_Config                       0x08001899   Thumb Code    32  stm32f1xx_hal_cortex.o(.text.HAL_SYSTICK_Config)
    HAL_UARTEx_RxEventCallback               0x080018c1   Thumb Code     2  stm32f1xx_hal_uart.o(.text.HAL_UARTEx_RxEventCallback)
    HAL_UART_ErrorCallback                   0x080018c3   Thumb Code     2  stm32f1xx_hal_uart.o(.text.HAL_UART_ErrorCallback)
    HAL_UART_IRQHandler                      0x080018c5   Thumb Code   568  stm32f1xx_hal_uart.o(.text.HAL_UART_IRQHandler)
    HAL_UART_Init                            0x08001b01   Thumb Code    44  stm32f1xx_hal_uart.o(.text.HAL_UART_Init)
    HAL_UART_MspInit                         0x08001b2d   Thumb Code   120  usart.o(.text.HAL_UART_MspInit)
    HAL_UART_Receive_IT                      0x08001bad   Thumb Code    34  stm32f1xx_hal_uart.o(.text.HAL_UART_Receive_IT)
    HAL_UART_RxCpltCallback                  0x08001bd1   Thumb Code    60  usart.o(.text.HAL_UART_RxCpltCallback)
    HAL_UART_Transmit                        0x08001c15   Thumb Code   164  stm32f1xx_hal_uart.o(.text.HAL_UART_Transmit)
    HAL_UART_TxCpltCallback                  0x08001cb9   Thumb Code     2  stm32f1xx_hal_uart.o(.text.HAL_UART_TxCpltCallback)
    HardFault_Handler                        0x08001cbb   Thumb Code     2  stm32f1xx_it.o(.text.HardFault_Handler)
    LCD_Area_Set                             0x08001cbd   Thumb Code    52  lcd_init.o(.text.LCD_Area_Set)
    LCD_Fill                                 0x08001cf5   Thumb Code   100  lcd.o(.text.LCD_Fill)
    LCD_Init                                 0x08001d5d   Thumb Code   784  lcd_init.o(.text.LCD_Init)
    LCD_WR_DATA                              0x0800207d   Thumb Code    60  lcd_init.o(.text.LCD_WR_DATA)
    LCD_WR_DATA8                             0x080020b9   Thumb Code    20  lcd_init.o(.text.LCD_WR_DATA8)
    LCD_WR_DATA_Faster                       0x080020cd   Thumb Code    64  lcd_init.o(.text.LCD_WR_DATA_Faster)
    LCD_WR_REG                               0x0800210d   Thumb Code    20  lcd_init.o(.text.LCD_WR_REG)
    MX_GPIO_Init                             0x08002125   Thumb Code   236  gpio.o(.text.MX_GPIO_Init)
    MX_I2C1_Init                             0x08002221   Thumb Code    48  i2c.o(.text.MX_I2C1_Init)
    MX_SPI1_Init                             0x0800225d   Thumb Code    60  spi.o(.text.MX_SPI1_Init)
    MX_USART1_UART_Init                      0x080022a1   Thumb Code    60  usart.o(.text.MX_USART1_UART_Init)
    MemManage_Handler                        0x080022e1   Thumb Code     2  stm32f1xx_it.o(.text.MemManage_Handler)
    NMI_Handler                              0x080022e3   Thumb Code     2  stm32f1xx_it.o(.text.NMI_Handler)
    PendSV_Handler                           0x08002459   Thumb Code     2  stm32f1xx_it.o(.text.PendSV_Handler)
    Read_UART1_Rx                            0x0800245d   Thumb Code    52  usart.o(.text.Read_UART1_Rx)
    SVC_Handler                              0x08002495   Thumb Code     2  stm32f1xx_it.o(.text.SVC_Handler)
    Stream_Init                              0x08002497   Thumb Code    60  at_stream_device.o(.text.Stream_Init)
    SysTick_Handler                          0x080024d3   Thumb Code     4  stm32f1xx_it.o(.text.SysTick_Handler)
    SystemClock_Config                       0x080024d7   Thumb Code    94  main.o(.text.SystemClock_Config)
    SystemInit                               0x08002535   Thumb Code     2  system_stm32f1xx.o(.text.SystemInit)
    UART_Start_Receive_IT                    0x080026c9   Thumb Code    50  stm32f1xx_hal_uart.o(.text.UART_Start_Receive_IT)
    USART1_IRQHandler                        0x08002755   Thumb Code     8  stm32f1xx_it.o(.text.USART1_IRQHandler)
    UsageFault_Handler                       0x08002761   Thumb Code     2  stm32f1xx_it.o(.text.UsageFault_Handler)
    Write_UART1_Rx                           0x08002765   Thumb Code    56  usart.o(.text.Write_UART1_Rx)
    _handleAuto                              0x08002bb1   Thumb Code    82  at.o(.text._handleAuto)
    _sendInfor                               0x08002d45   Thumb Code    16  at.o(.text._sendInfor)
    at_free                                  0x08002d79   Thumb Code     8  at_mem.o(.text.at_free)
    at_malloc                                0x08002d81   Thumb Code     8  at_mem.o(.text.at_malloc)
    at_memcmp                                0x08002d89   Thumb Code     4  at_mem.o(.text.at_memcmp)
    at_memcpy                                0x08002d8d   Thumb Code    12  at_mem.o(.text.at_memcpy)
    at_memset                                0x08002d99   Thumb Code    14  at_mem.o(.text.at_memset)
    at_user_init                             0x08002de5   Thumb Code    52  at_user.o(.text.at_user_init)
    fputc                                    0x08002e7d   Thumb Code    16  usart.o(.text.fputc)
    main                                     0x08002e91   Thumb Code   184  main.o(.text.main)
    my_mem_free                              0x08002fad   Thumb Code    60  malloc.o(.text.my_mem_free)
    my_mem_init                              0x08002fe9   Thumb Code    40  malloc.o(.text.my_mem_init)
    my_mem_malloc                            0x08003011   Thumb Code   104  malloc.o(.text.my_mem_malloc)
    my_mem_perused                           0x08003079   Thumb Code    40  malloc.o(.text.my_mem_perused)
    myfree                                   0x080030a1   Thumb Code    20  malloc.o(.text.myfree)
    mymalloc                                 0x080030b5   Thumb Code    28  malloc.o(.text.mymalloc)
    mymemcmp                                 0x080030d5   Thumb Code    26  malloc.o(.text.mymemcmp)
    mymemcpy                                 0x080030ef   Thumb Code    16  malloc.o(.text.mymemcpy)
    mymemset                                 0x080030ff   Thumb Code    12  malloc.o(.text.mymemset)
    ws2812b_clear_rgb_buff                   0x08003171   Thumb Code    12  ws2812b.o(.text.ws2812b_clear_rgb_buff)
    ws2812b_init                             0x08003181   Thumb Code     4  ws2812b.o(.text.ws2812b_init)
    ws2812b_send_node                        0x080031c5   Thumb Code    28  ws2812b.o(.text.ws2812b_send_node)
    _is_digit                                0x080031e5   Thumb Code    14  __printf_wp.o(i._is_digit)
    _get_lc_ctype                            0x080031f5   Thumb Code    44  lc_ctype_c.o(locale$$code)
    AHBPrescTable                            0x08003261   Data          16  system_stm32f1xx.o(.rodata.AHBPrescTable)
    APBPrescTable                            0x08003271   Data           8  system_stm32f1xx.o(.rodata.APBPrescTable)
    Region$$Table$$Base                      0x080032ac   Number         0  anon$$obj.o(Region$$Table)
    Region$$Table$$Limit                     0x080032cc   Number         0  anon$$obj.o(Region$$Table)
    __ctype                                  0x080032d9   Data           0  lc_ctype_c.o(locale$$data)
    uwTickFreq                               0x20000004   Data           1  stm32f1xx_hal.o(.data..L_MergedGlobals)
    uwTickPrio                               0x20000008   Data           4  stm32f1xx_hal.o(.data..L_MergedGlobals)
    SystemCoreClock                          0x2000000c   Data           4  system_stm32f1xx.o(.data.SystemCoreClock)
    mallco_dev                               0x20000040   Data          20  malloc.o(.data.mallco_dev)
    __libspace_start                         0x20000060   Data          96  libspace.o(.bss)
    UART1_aRxBuffer                          0x200000c0   Data           1  usart.o(.bss..L_MergedGlobals)
    __temporary_stack_top$libspace           0x200000c0   Data           0  libspace.o(.bss)
    huart1                                   0x200000cc   Data          72  usart.o(.bss..L_MergedGlobals)
    at                                       0x20000124   Data          88  at_user.o(.bss..L_MergedGlobals)
    __stdout                                 0x20000244   Data          84  usart.o(.bss.__stdout)
    hi2c1                                    0x20000330   Data          84  i2c.o(.bss.hi2c1)
    hspi1                                    0x20000384   Data          88  spi.o(.bss.hspi1)
    mem1base                                 0x200005c0   Data        2048  malloc.o(.bss.mem1base)
    mem1mapbase                              0x20000dc0   Data         128  malloc.o(.bss.mem1mapbase)
    uwTick                                   0x20000e40   Data           4  stm32f1xx_hal.o(.bss.uwTick)
    ws_rgb                                   0x20000e44   Data           3  ws2812b.o(.bss.ws_rgb)



==============================================================================

Memory Map of the image

  Image Entry point : 0x08000131

  Load Region LR_IROM1 (Base: 0x08000000, Size: 0x00003440, Max: 0x00040000, ABSOLUTE)

    Execution Region ER_IROM1 (Exec base: 0x08000000, Load base: 0x08000000, Size: 0x000033dc, Max: 0x00040000, ABSOLUTE)

    Exec Addr    Load Addr    Size         Type   Attr      Idx    E Section Name        Object

    0x08000000   0x08000000   0x00000130   Data   RO            3    RESET               startup_stm32f103xe.o
    0x08000130   0x08000130   0x00000008   Code   RO         1420  * !!!main             c_w.l(__main.o)
    0x08000138   0x08000138   0x00000034   Code   RO         1718    !!!scatter          c_w.l(__scatter.o)
    0x0800016c   0x0800016c   0x0000001a   Code   RO         1720    !!handler_copy      c_w.l(__scatter_copy.o)
    0x08000186   0x08000186   0x00000002   PAD
    0x08000188   0x08000188   0x0000001c   Code   RO         1722    !!handler_zi        c_w.l(__scatter_zi.o)
    0x080001a4   0x080001a4   0x00000000   Code   RO         1510    .ARM.Collect$$_printf_percent$$00000000  c_w.l(_printf_percent.o)
    0x080001a4   0x080001a4   0x00000006   Code   RO         1499    .ARM.Collect$$_printf_percent$$00000001  c_w.l(_printf_n.o)
    0x080001aa   0x080001aa   0x00000006   Code   RO         1501    .ARM.Collect$$_printf_percent$$00000002  c_w.l(_printf_p.o)
    0x080001b0   0x080001b0   0x00000006   Code   RO         1506    .ARM.Collect$$_printf_percent$$00000003  c_w.l(_printf_f.o)
    0x080001b6   0x080001b6   0x00000006   Code   RO         1507    .ARM.Collect$$_printf_percent$$00000004  c_w.l(_printf_e.o)
    0x080001bc   0x080001bc   0x00000006   Code   RO         1508    .ARM.Collect$$_printf_percent$$00000005  c_w.l(_printf_g.o)
    0x080001c2   0x080001c2   0x00000006   Code   RO         1509    .ARM.Collect$$_printf_percent$$00000006  c_w.l(_printf_a.o)
    0x080001c8   0x080001c8   0x0000000a   Code   RO         1514    .ARM.Collect$$_printf_percent$$00000007  c_w.l(_printf_ll.o)
    0x080001d2   0x080001d2   0x00000006   Code   RO         1503    .ARM.Collect$$_printf_percent$$00000008  c_w.l(_printf_i.o)
    0x080001d8   0x080001d8   0x00000006   Code   RO         1504    .ARM.Collect$$_printf_percent$$00000009  c_w.l(_printf_d.o)
    0x080001de   0x080001de   0x00000006   Code   RO         1505    .ARM.Collect$$_printf_percent$$0000000A  c_w.l(_printf_u.o)
    0x080001e4   0x080001e4   0x00000006   Code   RO         1502    .ARM.Collect$$_printf_percent$$0000000B  c_w.l(_printf_o.o)
    0x080001ea   0x080001ea   0x00000006   Code   RO         1500    .ARM.Collect$$_printf_percent$$0000000C  c_w.l(_printf_x.o)
    0x080001f0   0x080001f0   0x00000006   Code   RO         1511    .ARM.Collect$$_printf_percent$$0000000D  c_w.l(_printf_lli.o)
    0x080001f6   0x080001f6   0x00000006   Code   RO         1512    .ARM.Collect$$_printf_percent$$0000000E  c_w.l(_printf_lld.o)
    0x080001fc   0x080001fc   0x00000006   Code   RO         1513    .ARM.Collect$$_printf_percent$$0000000F  c_w.l(_printf_llu.o)
    0x08000202   0x08000202   0x00000006   Code   RO         1518    .ARM.Collect$$_printf_percent$$00000010  c_w.l(_printf_llo.o)
    0x08000208   0x08000208   0x00000006   Code   RO         1519    .ARM.Collect$$_printf_percent$$00000011  c_w.l(_printf_llx.o)
    0x0800020e   0x0800020e   0x0000000a   Code   RO         1515    .ARM.Collect$$_printf_percent$$00000012  c_w.l(_printf_l.o)
    0x08000218   0x08000218   0x00000006   Code   RO         1497    .ARM.Collect$$_printf_percent$$00000013  c_w.l(_printf_c.o)
    0x0800021e   0x0800021e   0x00000006   Code   RO         1498    .ARM.Collect$$_printf_percent$$00000014  c_w.l(_printf_s.o)
    0x08000224   0x08000224   0x00000006   Code   RO         1516    .ARM.Collect$$_printf_percent$$00000015  c_w.l(_printf_lc.o)
    0x0800022a   0x0800022a   0x00000006   Code   RO         1517    .ARM.Collect$$_printf_percent$$00000016  c_w.l(_printf_ls.o)
    0x08000230   0x08000230   0x00000004   Code   RO         1552    .ARM.Collect$$_printf_percent$$00000017  c_w.l(_printf_percent_end.o)
    0x08000234   0x08000234   0x00000002   Code   RO         1570    .ARM.Collect$$libinit$$00000000  c_w.l(libinit.o)
    0x08000236   0x08000236   0x00000000   Code   RO         1585    .ARM.Collect$$libinit$$00000002  c_w.l(libinit2.o)
    0x08000236   0x08000236   0x00000000   Code   RO         1587    .ARM.Collect$$libinit$$00000004  c_w.l(libinit2.o)
    0x08000236   0x08000236   0x00000000   Code   RO         1589    .ARM.Collect$$libinit$$00000006  c_w.l(libinit2.o)
    0x08000236   0x08000236   0x00000000   Code   RO         1592    .ARM.Collect$$libinit$$0000000C  c_w.l(libinit2.o)
    0x08000236   0x08000236   0x00000000   Code   RO         1594    .ARM.Collect$$libinit$$0000000E  c_w.l(libinit2.o)
    0x08000236   0x08000236   0x00000000   Code   RO         1596    .ARM.Collect$$libinit$$00000010  c_w.l(libinit2.o)
    0x08000236   0x08000236   0x00000006   Code   RO         1597    .ARM.Collect$$libinit$$00000011  c_w.l(libinit2.o)
    0x0800023c   0x0800023c   0x00000000   Code   RO         1599    .ARM.Collect$$libinit$$00000013  c_w.l(libinit2.o)
    0x0800023c   0x0800023c   0x0000000c   Code   RO         1600    .ARM.Collect$$libinit$$00000014  c_w.l(libinit2.o)
    0x08000248   0x08000248   0x00000000   Code   RO         1601    .ARM.Collect$$libinit$$00000015  c_w.l(libinit2.o)
    0x08000248   0x08000248   0x00000000   Code   RO         1603    .ARM.Collect$$libinit$$00000017  c_w.l(libinit2.o)
    0x08000248   0x08000248   0x00000000   Code   RO         1605    .ARM.Collect$$libinit$$00000019  c_w.l(libinit2.o)
    0x08000248   0x08000248   0x00000000   Code   RO         1607    .ARM.Collect$$libinit$$0000001B  c_w.l(libinit2.o)
    0x08000248   0x08000248   0x00000000   Code   RO         1609    .ARM.Collect$$libinit$$0000001D  c_w.l(libinit2.o)
    0x08000248   0x08000248   0x00000000   Code   RO         1611    .ARM.Collect$$libinit$$0000001F  c_w.l(libinit2.o)
    0x08000248   0x08000248   0x00000000   Code   RO         1613    .ARM.Collect$$libinit$$00000021  c_w.l(libinit2.o)
    0x08000248   0x08000248   0x00000000   Code   RO         1615    .ARM.Collect$$libinit$$00000023  c_w.l(libinit2.o)
    0x08000248   0x08000248   0x00000000   Code   RO         1617    .ARM.Collect$$libinit$$00000025  c_w.l(libinit2.o)
    0x08000248   0x08000248   0x00000000   Code   RO         1619    .ARM.Collect$$libinit$$00000027  c_w.l(libinit2.o)
    0x08000248   0x08000248   0x00000000   Code   RO         1623    .ARM.Collect$$libinit$$0000002E  c_w.l(libinit2.o)
    0x08000248   0x08000248   0x00000000   Code   RO         1625    .ARM.Collect$$libinit$$00000030  c_w.l(libinit2.o)
    0x08000248   0x08000248   0x00000000   Code   RO         1627    .ARM.Collect$$libinit$$00000032  c_w.l(libinit2.o)
    0x08000248   0x08000248   0x00000000   Code   RO         1629    .ARM.Collect$$libinit$$00000034  c_w.l(libinit2.o)
    0x08000248   0x08000248   0x00000002   Code   RO         1630    .ARM.Collect$$libinit$$00000035  c_w.l(libinit2.o)
    0x0800024a   0x0800024a   0x00000002   Code   RO         1654    .ARM.Collect$$libshutdown$$00000000  c_w.l(libshutdown.o)
    0x0800024c   0x0800024c   0x00000000   Code   RO         1669    .ARM.Collect$$libshutdown$$00000002  c_w.l(libshutdown2.o)
    0x0800024c   0x0800024c   0x00000000   Code   RO         1671    .ARM.Collect$$libshutdown$$00000004  c_w.l(libshutdown2.o)
    0x0800024c   0x0800024c   0x00000000   Code   RO         1674    .ARM.Collect$$libshutdown$$00000007  c_w.l(libshutdown2.o)
    0x0800024c   0x0800024c   0x00000000   Code   RO         1677    .ARM.Collect$$libshutdown$$0000000A  c_w.l(libshutdown2.o)
    0x0800024c   0x0800024c   0x00000000   Code   RO         1679    .ARM.Collect$$libshutdown$$0000000C  c_w.l(libshutdown2.o)
    0x0800024c   0x0800024c   0x00000000   Code   RO         1682    .ARM.Collect$$libshutdown$$0000000F  c_w.l(libshutdown2.o)
    0x0800024c   0x0800024c   0x00000002   Code   RO         1683    .ARM.Collect$$libshutdown$$00000010  c_w.l(libshutdown2.o)
    0x0800024e   0x0800024e   0x00000000   Code   RO         1428    .ARM.Collect$$rtentry$$00000000  c_w.l(__rtentry.o)
    0x0800024e   0x0800024e   0x00000000   Code   RO         1528    .ARM.Collect$$rtentry$$00000002  c_w.l(__rtentry2.o)
    0x0800024e   0x0800024e   0x00000006   Code   RO         1540    .ARM.Collect$$rtentry$$00000004  c_w.l(__rtentry4.o)
    0x08000254   0x08000254   0x00000000   Code   RO         1530    .ARM.Collect$$rtentry$$00000009  c_w.l(__rtentry2.o)
    0x08000254   0x08000254   0x00000004   Code   RO         1531    .ARM.Collect$$rtentry$$0000000A  c_w.l(__rtentry2.o)
    0x08000258   0x08000258   0x00000000   Code   RO         1533    .ARM.Collect$$rtentry$$0000000C  c_w.l(__rtentry2.o)
    0x08000258   0x08000258   0x00000008   Code   RO         1534    .ARM.Collect$$rtentry$$0000000D  c_w.l(__rtentry2.o)
    0x08000260   0x08000260   0x00000002   Code   RO         1574    .ARM.Collect$$rtexit$$00000000  c_w.l(rtexit.o)
    0x08000262   0x08000262   0x00000000   Code   RO         1632    .ARM.Collect$$rtexit$$00000002  c_w.l(rtexit2.o)
    0x08000262   0x08000262   0x00000004   Code   RO         1633    .ARM.Collect$$rtexit$$00000003  c_w.l(rtexit2.o)
    0x08000266   0x08000266   0x00000006   Code   RO         1634    .ARM.Collect$$rtexit$$00000004  c_w.l(rtexit2.o)
    0x0800026c   0x0800026c   0x00000040   Code   RO            4    .text               startup_stm32f103xe.o
    0x080002ac   0x080002ac   0x0000003c   Code   RO         1407    .text               c_w.l(_vsnprintf.o)
    0x080002e8   0x080002e8   0x0000002c   Code   RO         1409    .text               c_w.l(puts.o)
    0x08000314   0x08000314   0x0000000c   Code   RO         1411    .text               c_w.l(strtok.o)
    0x08000320   0x08000320   0x0000003e   Code   RO         1414    .text               c_w.l(strlen.o)
    0x0800035e   0x0800035e   0x0000004e   Code   RO         1416    .text               c_w.l(rt_memclr_w.o)
    0x080003ac   0x080003ac   0x00000006   Code   RO         1418    .text               c_w.l(heapauxi.o)
    0x080003b2   0x080003b2   0x0000004e   Code   RO         1431    .text               c_w.l(_printf_pad.o)
    0x08000400   0x08000400   0x00000024   Code   RO         1433    .text               c_w.l(_printf_truncate.o)
    0x08000424   0x08000424   0x00000052   Code   RO         1435    .text               c_w.l(_printf_str.o)
    0x08000476   0x08000476   0x00000002   PAD
    0x08000478   0x08000478   0x00000078   Code   RO         1437    .text               c_w.l(_printf_dec.o)
    0x080004f0   0x080004f0   0x00000028   Code   RO         1439    .text               c_w.l(_printf_charcount.o)
    0x08000518   0x08000518   0x00000030   Code   RO         1441    .text               c_w.l(_printf_char_common.o)
    0x08000548   0x08000548   0x00000010   Code   RO         1443    .text               c_w.l(_snputc.o)
    0x08000558   0x08000558   0x000000bc   Code   RO         1445    .text               c_w.l(_printf_wctomb.o)
    0x08000614   0x08000614   0x0000007c   Code   RO         1448    .text               c_w.l(_printf_longlong_dec.o)
    0x08000690   0x08000690   0x00000070   Code   RO         1454    .text               c_w.l(_printf_oct_int_ll.o)
    0x08000700   0x08000700   0x00000094   Code   RO         1474    .text               c_w.l(_printf_hex_int_ll_ptr.o)
    0x08000794   0x08000794   0x00000188   Code   RO         1494    .text               c_w.l(__printf_flags_ss_wp.o)
    0x0800091c   0x0800091c   0x00000044   Code   RO         1520    .text               c_w.l(strtok_int.o)
    0x08000960   0x08000960   0x0000008a   Code   RO         1542    .text               c_w.l(lludiv10.o)
    0x080009ea   0x080009ea   0x000000b2   Code   RO         1544    .text               c_w.l(_printf_intcommon.o)
    0x08000a9c   0x08000a9c   0x0000002c   Code   RO         1548    .text               c_w.l(_printf_char.o)
    0x08000ac8   0x08000ac8   0x0000002c   Code   RO         1550    .text               c_w.l(_printf_wchar.o)
    0x08000af4   0x08000af4   0x00000048   Code   RO         1553    .text               c_w.l(_c16rtomb.o)
    0x08000b3c   0x08000b3c   0x00000020   Code   RO         1555    .text               c_w.l(strcspn.o)
    0x08000b5c   0x08000b5c   0x0000001c   Code   RO         1557    .text               c_w.l(strspn.o)
    0x08000b78   0x08000b78   0x0000004a   Code   RO         1559    .text               c_w.l(sys_stackheap_outer.o)
    0x08000bc2   0x08000bc2   0x00000002   PAD
    0x08000bc4   0x08000bc4   0x00000010   Code   RO         1561    .text               c_w.l(rt_ctype_table.o)
    0x08000bd4   0x08000bd4   0x00000012   Code   RO         1563    .text               c_w.l(exit.o)
    0x08000be6   0x08000be6   0x00000002   PAD
    0x08000be8   0x08000be8   0x00000008   Code   RO         1571    .text               c_w.l(libspace.o)
    0x08000bf0   0x08000bf0   0x00000008   Code   RO         1579    .text               c_w.l(rt_locale_intlibspace.o)
    0x08000bf8   0x08000bf8   0x00000080   Code   RO         1638    .text               c_w.l(strcmpv7m.o)
    0x08000c78   0x08000c78   0x0000000c   Code   RO         1644    .text               c_w.l(sys_exit.o)
    0x08000c84   0x08000c84   0x00000002   Code   RO         1659    .text               c_w.l(use_no_semi.o)
    0x08000c86   0x08000c86   0x00000000   Code   RO         1661    .text               c_w.l(indicate_semi.o)
    0x08000c86   0x08000c86   0x00000042   Code   RO         1250    .text.At_Init       at.o
    0x08000cc8   0x08000cc8   0x00000002   Code   RO          104    .text.BusFault_Handler  stm32f1xx_it.o
    0x08000cca   0x08000cca   0x00000002   Code   RO          110    .text.DebugMon_Handler  stm32f1xx_it.o
    0x08000ccc   0x08000ccc   0x00000008   Code   RO           15    .text.Error_Handler  main.o
    0x08000cd4   0x08000cd4   0x0000001c   Code   RO           79    .text.Get_UART1_Rx_Len  usart.o
    0x08000cf0   0x08000cf0   0x00000040   Code   RO          636    .text.HAL_DMA_Abort  stm32f1xx_hal_dma.o
    0x08000d30   0x08000d30   0x000000f8   Code   RO          638    .text.HAL_DMA_Abort_IT  stm32f1xx_hal_dma.o
    0x08000e28   0x08000e28   0x00000020   Code   RO          502    .text.HAL_Delay     stm32f1xx_hal.o
    0x08000e48   0x08000e48   0x000001ac   Code   RO          602    .text.HAL_GPIO_Init  stm32f1xx_hal_gpio.o
    0x08000ff4   0x08000ff4   0x0000000a   Code   RO          608    .text.HAL_GPIO_WritePin  stm32f1xx_hal_gpio.o
    0x08000ffe   0x08000ffe   0x00000002   PAD
    0x08001000   0x08001000   0x00000008   Code   RO          494    .text.HAL_GetTick   stm32f1xx_hal.o
    0x08001008   0x08001008   0x00000130   Code   RO          174    .text.HAL_I2C_Init  stm32f1xx_hal_i2c.o
    0x08001138   0x08001138   0x00000054   Code   RO           41    .text.HAL_I2C_MspInit  i2c.o
    0x0800118c   0x0800118c   0x00000014   Code   RO          492    .text.HAL_IncTick   stm32f1xx_hal.o
    0x080011a0   0x080011a0   0x00000020   Code   RO          482    .text.HAL_Init      stm32f1xx_hal.o
    0x080011c0   0x080011c0   0x0000003c   Code   RO          484    .text.HAL_InitTick  stm32f1xx_hal.o
    0x080011fc   0x080011fc   0x00000040   Code   RO          125    .text.HAL_MspInit   stm32f1xx_hal_msp.o
    0x0800123c   0x0800123c   0x00000020   Code   RO          668    .text.HAL_NVIC_EnableIRQ  stm32f1xx_hal_cortex.o
    0x0800125c   0x0800125c   0x0000004c   Code   RO          666    .text.HAL_NVIC_SetPriority  stm32f1xx_hal_cortex.o
    0x080012a8   0x080012a8   0x00000020   Code   RO          664    .text.HAL_NVIC_SetPriorityGrouping  stm32f1xx_hal_cortex.o
    0x080012c8   0x080012c8   0x00000004   Code   RO          672    .text.HAL_NVIC_SystemReset  stm32f1xx_hal_cortex.o
    0x080012cc   0x080012cc   0x0000013c   Code   RO          550    .text.HAL_RCC_ClockConfig  stm32f1xx_hal_rcc.o
    0x08001408   0x08001408   0x00000014   Code   RO          562    .text.HAL_RCC_GetPCLK1Freq  stm32f1xx_hal_rcc.o
    0x0800141c   0x0800141c   0x0000001c   Code   RO          564    .text.HAL_RCC_GetPCLK2Freq  stm32f1xx_hal_rcc.o
    0x08001438   0x08001438   0x00000054   Code   RO          552    .text.HAL_RCC_GetSysClockFreq  stm32f1xx_hal_rcc.o
    0x0800148c   0x0800148c   0x000002fc   Code   RO          548    .text.HAL_RCC_OscConfig  stm32f1xx_hal_rcc.o
    0x08001788   0x08001788   0x000000ac   Code   RO          845    .text.HAL_SPI_Init  stm32f1xx_hal_spi.o
    0x08001834   0x08001834   0x00000064   Code   RO           56    .text.HAL_SPI_MspInit  spi.o
    0x08001898   0x08001898   0x00000028   Code   RO          676    .text.HAL_SYSTICK_Config  stm32f1xx_hal_cortex.o
    0x080018c0   0x080018c0   0x00000002   Code   RO         1111    .text.HAL_UARTEx_RxEventCallback  stm32f1xx_hal_uart.o
    0x080018c2   0x080018c2   0x00000002   Code   RO         1109    .text.HAL_UART_ErrorCallback  stm32f1xx_hal_uart.o
    0x080018c4   0x080018c4   0x0000023c   Code   RO         1103    .text.HAL_UART_IRQHandler  stm32f1xx_hal_uart.o
    0x08001b00   0x08001b00   0x0000002c   Code   RO         1019    .text.HAL_UART_Init  stm32f1xx_hal_uart.o
    0x08001b2c   0x08001b2c   0x00000080   Code   RO           75    .text.HAL_UART_MspInit  usart.o
    0x08001bac   0x08001bac   0x00000022   Code   RO         1043    .text.HAL_UART_Receive_IT  stm32f1xx_hal_uart.o
    0x08001bce   0x08001bce   0x00000002   PAD
    0x08001bd0   0x08001bd0   0x00000044   Code   RO           85    .text.HAL_UART_RxCpltCallback  usart.o
    0x08001c14   0x08001c14   0x000000a4   Code   RO         1035    .text.HAL_UART_Transmit  stm32f1xx_hal_uart.o
    0x08001cb8   0x08001cb8   0x00000002   Code   RO         1113    .text.HAL_UART_TxCpltCallback  stm32f1xx_hal_uart.o
    0x08001cba   0x08001cba   0x00000002   Code   RO          100    .text.HardFault_Handler  stm32f1xx_it.o
    0x08001cbc   0x08001cbc   0x00000038   Code   RO         1365    .text.LCD_Area_Set  lcd_init.o
    0x08001cf4   0x08001cf4   0x00000068   Code   RO         1322    .text.LCD_Fill      lcd.o
    0x08001d5c   0x08001d5c   0x00000320   Code   RO         1367    .text.LCD_Init      lcd_init.o
    0x0800207c   0x0800207c   0x0000003c   Code   RO         1359    .text.LCD_WR_DATA   lcd_init.o
    0x080020b8   0x080020b8   0x00000014   Code   RO         1355    .text.LCD_WR_DATA8  lcd_init.o
    0x080020cc   0x080020cc   0x00000040   Code   RO         1361    .text.LCD_WR_DATA_Faster  lcd_init.o
    0x0800210c   0x0800210c   0x00000018   Code   RO         1363    .text.LCD_WR_REG    lcd_init.o
    0x08002124   0x08002124   0x000000fc   Code   RO           28    .text.MX_GPIO_Init  gpio.o
    0x08002220   0x08002220   0x0000003c   Code   RO           39    .text.MX_I2C1_Init  i2c.o
    0x0800225c   0x0800225c   0x00000044   Code   RO           54    .text.MX_SPI1_Init  spi.o
    0x080022a0   0x080022a0   0x00000040   Code   RO           73    .text.MX_USART1_UART_Init  usart.o
    0x080022e0   0x080022e0   0x00000002   Code   RO          102    .text.MemManage_Handler  stm32f1xx_it.o
    0x080022e2   0x080022e2   0x00000002   Code   RO           98    .text.NMI_Handler   stm32f1xx_it.o
    0x080022e4   0x080022e4   0x00000006   Code   RO           17    .text.OUTLINED_FUNCTION_0  main.o
    0x080022ea   0x080022ea   0x0000000e   Code   RO           30    .text.OUTLINED_FUNCTION_0  gpio.o
    0x080022f8   0x080022f8   0x00000010   Code   RO          574    .text.OUTLINED_FUNCTION_0  stm32f1xx_hal_rcc.o
    0x08002308   0x08002308   0x00000014   Code   RO         1139    .text.OUTLINED_FUNCTION_0  stm32f1xx_hal_uart.o
    0x0800231c   0x0800231c   0x00000016   Code   RO         1369    .text.OUTLINED_FUNCTION_0  lcd_init.o
    0x08002332   0x08002332   0x00000012   Code   RO         1393    .text.OUTLINED_FUNCTION_0  ws2812b.o
    0x08002344   0x08002344   0x00000010   Code   RO          576    .text.OUTLINED_FUNCTION_1  stm32f1xx_hal_rcc.o
    0x08002354   0x08002354   0x0000000e   Code   RO          698    .text.OUTLINED_FUNCTION_1  stm32f1xx_hal_cortex.o
    0x08002362   0x08002362   0x00000014   Code   RO         1141    .text.OUTLINED_FUNCTION_1  stm32f1xx_hal_uart.o
    0x08002376   0x08002376   0x00000012   Code   RO         1371    .text.OUTLINED_FUNCTION_1  lcd_init.o
    0x08002388   0x08002388   0x00000014   Code   RO         1159    .text.OUTLINED_FUNCTION_10  stm32f1xx_hal_uart.o
    0x0800239c   0x0800239c   0x00000014   Code   RO         1161    .text.OUTLINED_FUNCTION_11  stm32f1xx_hal_uart.o
    0x080023b0   0x080023b0   0x00000008   Code   RO         1171    .text.OUTLINED_FUNCTION_16  stm32f1xx_hal_uart.o
    0x080023b8   0x080023b8   0x0000000a   Code   RO         1173    .text.OUTLINED_FUNCTION_17  stm32f1xx_hal_uart.o
    0x080023c2   0x080023c2   0x0000000a   Code   RO          578    .text.OUTLINED_FUNCTION_2  stm32f1xx_hal_rcc.o
    0x080023cc   0x080023cc   0x00000014   Code   RO         1143    .text.OUTLINED_FUNCTION_2  stm32f1xx_hal_uart.o
    0x080023e0   0x080023e0   0x00000016   Code   RO         1147    .text.OUTLINED_FUNCTION_4  stm32f1xx_hal_uart.o
    0x080023f6   0x080023f6   0x00000008   Code   RO         1149    .text.OUTLINED_FUNCTION_5  stm32f1xx_hal_uart.o
    0x080023fe   0x080023fe   0x0000000a   Code   RO          402    .text.OUTLINED_FUNCTION_52  stm32f1xx_hal_i2c.o
    0x08002408   0x08002408   0x0000001c   Code   RO         1151    .text.OUTLINED_FUNCTION_6  stm32f1xx_hal_uart.o
    0x08002424   0x08002424   0x00000012   Code   RO          422    .text.OUTLINED_FUNCTION_62  stm32f1xx_hal_i2c.o
    0x08002436   0x08002436   0x0000000c   Code   RO         1153    .text.OUTLINED_FUNCTION_7  stm32f1xx_hal_uart.o
    0x08002442   0x08002442   0x0000000e   Code   RO          458    .text.OUTLINED_FUNCTION_80  stm32f1xx_hal_i2c.o
    0x08002450   0x08002450   0x00000008   Code   RO          470    .text.OUTLINED_FUNCTION_86  stm32f1xx_hal_i2c.o
    0x08002458   0x08002458   0x00000002   Code   RO          112    .text.PendSV_Handler  stm32f1xx_it.o
    0x0800245a   0x0800245a   0x00000002   PAD
    0x0800245c   0x0800245c   0x00000038   Code   RO           83    .text.Read_UART1_Rx  usart.o
    0x08002494   0x08002494   0x00000002   Code   RO          108    .text.SVC_Handler   stm32f1xx_it.o
    0x08002496   0x08002496   0x0000003c   Code   RO         1310    .text.Stream_Init   at_stream_device.o
    0x080024d2   0x080024d2   0x00000004   Code   RO          114    .text.SysTick_Handler  stm32f1xx_it.o
    0x080024d6   0x080024d6   0x0000005e   Code   RO           13    .text.SystemClock_Config  main.o
    0x08002534   0x08002534   0x00000002   Code   RO         1189    .text.SystemInit    system_stm32f1xx.o
    0x08002536   0x08002536   0x0000000c   Code   RO         1107    .text.UART_DMAAbortOnError  stm32f1xx_hal_uart.o
    0x08002542   0x08002542   0x00000042   Code   RO         1067    .text.UART_EndRxTransfer  stm32f1xx_hal_uart.o
    0x08002584   0x08002584   0x000000be   Code   RO         1105    .text.UART_Receive_IT  stm32f1xx_hal_uart.o
    0x08002642   0x08002642   0x00000002   PAD
    0x08002644   0x08002644   0x00000084   Code   RO         1023    .text.UART_SetConfig  stm32f1xx_hal_uart.o
    0x080026c8   0x080026c8   0x00000032   Code   RO         1045    .text.UART_Start_Receive_IT  stm32f1xx_hal_uart.o
    0x080026fa   0x080026fa   0x0000005a   Code   RO         1037    .text.UART_WaitOnFlagUntilTimeout  stm32f1xx_hal_uart.o
    0x08002754   0x08002754   0x0000000c   Code   RO          116    .text.USART1_IRQHandler  stm32f1xx_it.o
    0x08002760   0x08002760   0x00000002   Code   RO          106    .text.UsageFault_Handler  stm32f1xx_it.o
    0x08002762   0x08002762   0x00000002   PAD
    0x08002764   0x08002764   0x00000040   Code   RO           81    .text.Write_UART1_Rx  usart.o
    0x080027a4   0x080027a4   0x00000094   Code   RO         1254    .text._At_Config_no_readString  at.o
    0x08002838   0x08002838   0x00000036   Code   RO         1252    .text._At_Init      at.o
    0x0800286e   0x0800286e   0x00000002   PAD
    0x08002870   0x08002870   0x00000024   Code   RO          674    .text.__NVIC_SystemReset  stm32f1xx_hal_cortex.o
    0x08002894   0x08002894   0x0000007e   Code   RO         1272    .text._at_printf    at.o
    0x08002912   0x08002912   0x00000002   PAD
    0x08002914   0x08002914   0x00000060   Code   RO         1258    .text._checkString  at.o
    0x08002974   0x08002974   0x000000d4   Code   RO         1256    .text._cutString    at.o
    0x08002a48   0x08002a48   0x000000f8   Code   RO         1268    .text._errorToString  at.o
    0x08002b40   0x08002b40   0x0000000c   Code   RO         1260    .text._getParamMaxNum  at.o
    0x08002b4c   0x08002b4c   0x0000000a   Code   RO         1262    .text._getStateTable  at.o
    0x08002b56   0x08002b56   0x0000005a   Code   RO         1270    .text._handle       at.o
    0x08002bb0   0x08002bb0   0x00000052   Code   RO         1238    .text._handleAuto   at.o
    0x08002c02   0x08002c02   0x00000050   Code   RO         1280    .text._paramClear   at.o
    0x08002c52   0x08002c52   0x00000016   Code   RO         1274    .text._print        at.o
    0x08002c68   0x08002c68   0x000000b0   Code   RO         1278    .text._printSet     at.o
    0x08002d18   0x08002d18   0x0000002c   Code   RO         1276    .text._println      at.o
    0x08002d44   0x08002d44   0x00000018   Code   RO         1240    .text._sendInfor    at.o
    0x08002d5c   0x08002d5c   0x0000000e   Code   RO         1264    .text._setInputDevice  at.o
    0x08002d6a   0x08002d6a   0x0000000e   Code   RO         1266    .text._setOutputDevice  at.o
    0x08002d78   0x08002d78   0x00000008   Code   RO         1294    .text.at_free       at_mem.o
    0x08002d80   0x08002d80   0x00000008   Code   RO         1292    .text.at_malloc     at_mem.o
    0x08002d88   0x08002d88   0x00000004   Code   RO         1298    .text.at_memcmp     at_mem.o
    0x08002d8c   0x08002d8c   0x0000000c   Code   RO         1300    .text.at_memcpy     at_mem.o
    0x08002d98   0x08002d98   0x0000000e   Code   RO         1296    .text.at_memset     at_mem.o
    0x08002da6   0x08002da6   0x00000002   PAD
    0x08002da8   0x08002da8   0x00000018   Code   RO          142    .text.at_user_AT    at_user.o
    0x08002dc0   0x08002dc0   0x00000018   Code   RO          144    .text.at_user_AT_List  at_user.o
    0x08002dd8   0x08002dd8   0x0000000a   Code   RO          146    .text.at_user_AT_Reboot  at_user.o
    0x08002de2   0x08002de2   0x00000002   PAD
    0x08002de4   0x08002de4   0x0000004c   Code   RO          134    .text.at_user_init  at_user.o
    0x08002e30   0x08002e30   0x0000000c   Code   RO          138    .text.at_user_sdev_available  at_user.o
    0x08002e3c   0x08002e3c   0x00000034   Code   RO          136    .text.at_user_sdev_print  at_user.o
    0x08002e70   0x08002e70   0x0000000c   Code   RO          140    .text.at_user_sdev_read  at_user.o
    0x08002e7c   0x08002e7c   0x00000014   Code   RO           71    .text.fputc         usart.o
    0x08002e90   0x08002e90   0x0000011c   Code   RO           11    .text.main          main.o
    0x08002fac   0x08002fac   0x0000003c   Code   RO         1216    .text.my_mem_free   malloc.o
    0x08002fe8   0x08002fe8   0x00000028   Code   RO         1204    .text.my_mem_init   malloc.o
    0x08003010   0x08003010   0x00000068   Code   RO         1214    .text.my_mem_malloc  malloc.o
    0x08003078   0x08003078   0x00000028   Code   RO         1206    .text.my_mem_perused  malloc.o
    0x080030a0   0x080030a0   0x00000014   Code   RO         1218    .text.myfree        malloc.o
    0x080030b4   0x080030b4   0x00000020   Code   RO         1220    .text.mymalloc      malloc.o
    0x080030d4   0x080030d4   0x0000001a   Code   RO         1208    .text.mymemcmp      malloc.o
    0x080030ee   0x080030ee   0x00000010   Code   RO         1210    .text.mymemcpy      malloc.o
    0x080030fe   0x080030fe   0x0000000c   Code   RO         1212    .text.mymemset      malloc.o
    0x0800310a   0x0800310a   0x00000002   PAD
    0x0800310c   0x0800310c   0x00000064   Code   RO         1387    .text.ws2812b_bit_reset  ws2812b.o
    0x08003170   0x08003170   0x00000010   Code   RO         1381    .text.ws2812b_clear_rgb_buff  ws2812b.o
    0x08003180   0x08003180   0x00000004   Code   RO         1391    .text.ws2812b_init  ws2812b.o
    0x08003184   0x08003184   0x00000040   Code   RO         1385    .text.ws2812b_send_byte  ws2812b.o
    0x080031c4   0x080031c4   0x00000020   Code   RO         1383    .text.ws2812b_send_node  ws2812b.o
    0x080031e4   0x080031e4   0x0000000e   Code   RO         1487    i._is_digit         c_w.l(__printf_wp.o)
    0x080031f2   0x080031f2   0x00000002   PAD
    0x080031f4   0x080031f4   0x0000002c   Code   RO         1582    locale$$code        c_w.l(lc_ctype_c.o)
    0x08003220   0x08003220   0x00000008   Data   RO         1446    .constdata          c_w.l(_printf_wctomb.o)
    0x08003228   0x08003228   0x00000028   Data   RO         1475    .constdata          c_w.l(_printf_hex_int_ll_ptr.o)
    0x08003250   0x08003250   0x00000011   Data   RO         1495    .constdata          c_w.l(__printf_flags_ss_wp.o)
    0x08003261   0x08003261   0x00000010   Data   RO         1194    .rodata.AHBPrescTable  system_stm32f1xx.o
    0x08003271   0x08003271   0x00000008   Data   RO         1195    .rodata.APBPrescTable  system_stm32f1xx.o
    0x08003279   0x08003279   0x00000013   Data   RO          150    .rodata.str1.1      at_user.o
    0x0800328c   0x0800328c   0x00000020   Data   RO         1282    .rodata.str1.1      at.o
    0x080032ac   0x080032ac   0x00000020   Data   RO         1717    Region$$Table       anon$$obj.o
    0x080032cc   0x080032cc   0x00000110   Data   RO         1581    locale$$data        c_w.l(lc_ctype_c.o)


    Execution Region RW_IRAM1 (Exec base: 0x20000000, Load base: 0x080033e0, Size: 0x00001448, Max: 0x0000c000, ABSOLUTE)

    Exec Addr    Load Addr    Size         Type   Attr      Idx    E Section Name        Object

    0x20000000   0x080033e0   0x00000004   Data   RW         1412    .data               c_w.l(strtok.o)
    0x20000004   0x080033e4   0x00000008   Data   RW          537    .data..L_MergedGlobals  stm32f1xx_hal.o
    0x2000000c   0x080033ec   0x00000004   Data   RW         1193    .data.SystemCoreClock  system_stm32f1xx.o
    0x20000010   0x080033f0   0x00000030   Data   RW          148    .data._atTable      at_user.o
    0x20000040   0x08003420   0x00000014   Data   RW         1229    .data.mallco_dev    malloc.o
    0x20000054   0x08003434   0x0000000c   PAD
    0x20000060        -       0x00000060   Zero   RW         1572    .bss                c_w.l(libspace.o)
    0x200000c0        -       0x00000054   Zero   RW           89    .bss..L_MergedGlobals  usart.o
    0x20000114        -       0x00000068   Zero   RW          151    .bss..L_MergedGlobals  at_user.o
    0x2000017c        -       0x000000c8   Zero   RW           87    .bss.UART1_Rx_Buff  usart.o
    0x20000244        -       0x00000054   Zero   RW           88    .bss.__stdout       usart.o
    0x20000298        -       0x00000032   Zero   RW         1283    .bss._errorToString.error_str  at.o
    0x200002ca        -       0x00000064   Zero   RW          149    .bss.at_user_readString  at_user.o
    0x2000032e   0x08003434   0x00000002   PAD
    0x20000330        -       0x00000054   Zero   RW           45    .bss.hi2c1          i2c.o
    0x20000384        -       0x00000058   Zero   RW           60    .bss.hspi1          spi.o
    0x200003dc        -       0x000001e0   Zero   RW         1346    .bss.lcd_dataout_buff  lcd.o
    0x200005bc   0x08003434   0x00000004   PAD
    0x200005c0        -       0x00000800   Zero   RW         1227    .bss.mem1base       malloc.o
    0x20000dc0        -       0x00000080   Zero   RW         1228    .bss.mem1mapbase    malloc.o
    0x20000e40        -       0x00000004   Zero   RW          536    .bss.uwTick         stm32f1xx_hal.o
    0x20000e44        -       0x00000003   Zero   RW         1395    .bss.ws_rgb         ws2812b.o
    0x20000e47   0x08003434   0x00000001   PAD
    0x20000e48        -       0x00000200   Zero   RW            2    HEAP                startup_stm32f103xe.o
    0x20001048        -       0x00000400   Zero   RW            1    STACK               startup_stm32f103xe.o


==============================================================================

Image component sizes


      Code (inc. data)   RO Data    RW Data    ZI Data      Debug   Object Name

      1518        302         32          0         50      12180   at.o
        46          0          0          0          0       1866   at_mem.o
        60          0          0          0          0       2271   at_stream_device.o
       210         44         19         48        204       4602   at_user.o
       266         16          0          0          0       1761   gpio.o
       144         16          0          0         84       4480   i2c.o
       104          4          0          0        480       7348   lcd.o
      1064         24          0          0          0       3658   lcd_init.o
       392        100          0          0          0       2558   main.o
       350          4          0         20       2176       4505   malloc.o
       168          8          0          0         88       4319   spi.o
        64         26        304          0       1536        824   startup_stm32f103xe.o
       152          8          0          8          4       6250   stm32f1xx_hal.o
       234         32          0          0          0       8713   stm32f1xx_hal_cortex.o
       312         44          0          0          0       7957   stm32f1xx_hal_dma.o
       438         48          0          0          0       4583   stm32f1xx_hal_gpio.o
       354         20          0          0          0      41621   stm32f1xx_hal_i2c.o
        64          8          0          0          0       1228   stm32f1xx_hal_msp.o
      1254         68          0          0          0       7434   stm32f1xx_hal_rcc.o
       172          0          0          0          0      22392   stm32f1xx_hal_spi.o
      1548         12          0          0          0      25131   stm32f1xx_hal_uart.o
        32          4          0          0          0       3875   stm32f1xx_it.o
         2          0         24          4          0       1625   system_stm32f1xx.o
       428         40          0          0        368       7346   usart.o
       234         24          0          0          3       3190   ws2812b.o

    ----------------------------------------------------------------------
      9630        852        411         80       5012     191717   Object Totals
         0          0         32          0          0          0   (incl. Generated)
        20          0          0          0         19          0   (incl. Padding)

    ----------------------------------------------------------------------

      Code (inc. data)   RO Data    RW Data    ZI Data      Debug   Library Member Name

         8          0          0          0          0         68   __main.o
       392          4         17          0          0         92   __printf_flags_ss_wp.o
        14          0          0          0          0         68   __printf_wp.o
         0          0          0          0          0          0   __rtentry.o
        12          0          0          0          0          0   __rtentry2.o
         6          0          0          0          0          0   __rtentry4.o
        52          8          0          0          0          0   __scatter.o
        26          0          0          0          0          0   __scatter_copy.o
        28          0          0          0          0          0   __scatter_zi.o
        72          0          0          0          0         96   _c16rtomb.o
         6          0          0          0          0          0   _printf_a.o
         6          0          0          0          0          0   _printf_c.o
        44          0          0          0          0        108   _printf_char.o
        48          6          0          0          0         96   _printf_char_common.o
        40          0          0          0          0         68   _printf_charcount.o
         6          0          0          0          0          0   _printf_d.o
       120         16          0          0          0         92   _printf_dec.o
         6          0          0          0          0          0   _printf_e.o
         6          0          0          0          0          0   _printf_f.o
         6          0          0          0          0          0   _printf_g.o
       148          4         40          0          0        160   _printf_hex_int_ll_ptr.o
         6          0          0          0          0          0   _printf_i.o
       178          0          0          0          0         88   _printf_intcommon.o
        10          0          0          0          0          0   _printf_l.o
         6          0          0          0          0          0   _printf_lc.o
        10          0          0          0          0          0   _printf_ll.o
         6          0          0          0          0          0   _printf_lld.o
         6          0          0          0          0          0   _printf_lli.o
         6          0          0          0          0          0   _printf_llo.o
         6          0          0          0          0          0   _printf_llu.o
         6          0          0          0          0          0   _printf_llx.o
       124         16          0          0          0         92   _printf_longlong_dec.o
         6          0          0          0          0          0   _printf_ls.o
         6          0          0          0          0          0   _printf_n.o
         6          0          0          0          0          0   _printf_o.o
       112          8          0          0          0        124   _printf_oct_int_ll.o
         6          0          0          0          0          0   _printf_p.o
        78          0          0          0          0        108   _printf_pad.o
         0          0          0          0          0          0   _printf_percent.o
         4          0          0          0          0          0   _printf_percent_end.o
         6          0          0          0          0          0   _printf_s.o
        82          0          0          0          0         80   _printf_str.o
        36          0          0          0          0         84   _printf_truncate.o
         6          0          0          0          0          0   _printf_u.o
        44          0          0          0          0        108   _printf_wchar.o
       188          6          8          0          0         92   _printf_wctomb.o
         6          0          0          0          0          0   _printf_x.o
        16          0          0          0          0         68   _snputc.o
        60          4          0          0          0         80   _vsnprintf.o
        18          0          0          0          0         80   exit.o
         6          0          0          0          0        152   heapauxi.o
         0          0          0          0          0          0   indicate_semi.o
        44         10        272          0          0         76   lc_ctype_c.o
         2          0          0          0          0          0   libinit.o
        20          0          0          0          0          0   libinit2.o
         2          0          0          0          0          0   libshutdown.o
         2          0          0          0          0          0   libshutdown2.o
         8          4          0          0         96         68   libspace.o
       138          0          0          0          0         80   lludiv10.o
        44          4          0          0          0         84   puts.o
        16          4          0          0          0         76   rt_ctype_table.o
         8          4          0          0          0         68   rt_locale_intlibspace.o
        78          0          0          0          0         80   rt_memclr_w.o
         2          0          0          0          0          0   rtexit.o
        10          0          0          0          0          0   rtexit2.o
       128          0          0          0          0         68   strcmpv7m.o
        32          0          0          0          0         80   strcspn.o
        62          0          0          0          0         76   strlen.o
        28          0          0          0          0         80   strspn.o
        12          6          0          4          0         68   strtok.o
        68          4          0          0          0         84   strtok_int.o
        12          4          0          0          0         68   sys_exit.o
        74          0          0          0          0         80   sys_stackheap_outer.o
         2          0          0          0          0         68   use_no_semi.o

    ----------------------------------------------------------------------
      2898        112        337          4         96       3208   Library Totals
        10          0          0          0          0          0   (incl. Padding)

    ----------------------------------------------------------------------

      Code (inc. data)   RO Data    RW Data    ZI Data      Debug   Library Name

      2888        112        337          4         96       3208   c_w.l

    ----------------------------------------------------------------------
      2898        112        337          4         96       3208   Library Totals

    ----------------------------------------------------------------------

==============================================================================


      Code (inc. data)   RO Data    RW Data    ZI Data      Debug   

     12528        964        748         84       5108     192797   Grand Totals
     12528        964        748         84       5108     192797   ELF Image Totals
     12528        964        748         84          0          0   ROM Totals

==============================================================================

    Total RO  Size (Code + RO Data)                13276 (  12.96kB)
    Total RW  Size (RW Data + ZI Data)              5192 (   5.07kB)
    Total ROM Size (Code + RO Data + RW Data)      13360 (  13.05kB)

==============================================================================

