<!doctype html public "-//w3c//dtd html 4.0 transitional//en">
<html><head>
<title>Static Call Graph - [usb\usb.axf]</title></head>
<body><HR>
<H1>Static Call Graph for image usb\usb.axf</H1><HR>
<BR><P>#&#060CALLGRAPH&#062# ARM Linker, 6190004: Last Updated: Tue Dec 19 19:14:05 2023
<BR><P>
<H3>Maximum Stack Usage =       2016 bytes + Unknown(Functions without stacksize, Cycles, Untraceable Function Pointers)</H3><H3>
Call chain for Maximum Stack Depth:</H3>
__rt_entry_main &rArr; main &rArr; lv_port_disp_init &rArr; LCD_Init &rArr; f_open &rArr; dir_register &rArr; dir_find &rArr; dir_next &rArr; create_chain &rArr; put_fat &rArr; OUTLINED_FUNCTION_4 &rArr; move_window &rArr; sync_window &rArr; disk_write
<P>
<H3>
Functions with no stack information
</H3><UL>
 <LI><a href="#[149]">__user_initial_stackheap</a>
</UL>
</UL>
<P>
<H3>
Mutually Recursive functions
</H3> <LI><a href="#[1c]">ADC1_2_IRQHandler</a>&nbsp;&nbsp;&nbsp;&rArr;&nbsp;&nbsp;&nbsp;<a href="#[1c]">ADC1_2_IRQHandler</a><BR>
 <LI><a href="#[4]">BusFault_Handler</a>&nbsp;&nbsp;&nbsp;&rArr;&nbsp;&nbsp;&nbsp;<a href="#[4]">BusFault_Handler</a><BR>
 <LI><a href="#[2]">HardFault_Handler</a>&nbsp;&nbsp;&nbsp;&rArr;&nbsp;&nbsp;&nbsp;<a href="#[2]">HardFault_Handler</a><BR>
 <LI><a href="#[3]">MemManage_Handler</a>&nbsp;&nbsp;&nbsp;&rArr;&nbsp;&nbsp;&nbsp;<a href="#[3]">MemManage_Handler</a><BR>
 <LI><a href="#[1]">NMI_Handler</a>&nbsp;&nbsp;&nbsp;&rArr;&nbsp;&nbsp;&nbsp;<a href="#[1]">NMI_Handler</a><BR>
 <LI><a href="#[18a]">UART_EndRxTransfer</a>&nbsp;&nbsp;&nbsp;&rArr;&nbsp;&nbsp;&nbsp;<a href="#[18a]">UART_EndRxTransfer</a><BR>
 <LI><a href="#[5]">UsageFault_Handler</a>&nbsp;&nbsp;&nbsp;&rArr;&nbsp;&nbsp;&nbsp;<a href="#[5]">UsageFault_Handler</a><BR>
 <LI><a href="#[2e1]">mymemset</a>&nbsp;&nbsp;&nbsp;&rArr;&nbsp;&nbsp;&nbsp;<a href="#[2e1]">mymemset</a><BR>
 <LI><a href="#[1ce]">_lv_area_is_point_on</a>&nbsp;&nbsp;&nbsp;&rArr;&nbsp;&nbsp;&nbsp;<a href="#[1ce]">_lv_area_is_point_on</a><BR>
 <LI><a href="#[1e7]">OUTLINED_FUNCTION_1</a>&nbsp;&nbsp;&nbsp;&rArr;&nbsp;&nbsp;&nbsp;<a href="#[1e8]">refr_obj</a><BR>
 <LI><a href="#[505]">lv_obj_redraw</a>&nbsp;&nbsp;&nbsp;&rArr;&nbsp;&nbsp;&nbsp;<a href="#[1e8]">refr_obj</a><BR>
 <LI><a href="#[52c]">lv_refr_get_top_obj</a>&nbsp;&nbsp;&nbsp;&rArr;&nbsp;&nbsp;&nbsp;<a href="#[52c]">lv_refr_get_top_obj</a><BR>
 <LI><a href="#[2b8]">lv_obj_move_children_by</a>&nbsp;&nbsp;&nbsp;&rArr;&nbsp;&nbsp;&nbsp;<a href="#[2b8]">lv_obj_move_children_by</a><BR>
 <LI><a href="#[3ad]">layout_update_core</a>&nbsp;&nbsp;&nbsp;&rArr;&nbsp;&nbsp;&nbsp;<a href="#[3ad]">layout_update_core</a><BR>
 <LI><a href="#[351]">lv_strcmp</a>&nbsp;&nbsp;&nbsp;&rArr;&nbsp;&nbsp;&nbsp;<a href="#[351]">lv_strcmp</a><BR>
 <LI><a href="#[50d]">refresh_children_style</a>&nbsp;&nbsp;&nbsp;&rArr;&nbsp;&nbsp;&nbsp;<a href="#[50d]">refresh_children_style</a><BR>
 <LI><a href="#[4c3]">lv_obj_is_group_def</a>&nbsp;&nbsp;&nbsp;&rArr;&nbsp;&nbsp;&nbsp;<a href="#[4c3]">lv_obj_is_group_def</a><BR>
 <LI><a href="#[2db]">apply_theme</a>&nbsp;&nbsp;&nbsp;&rArr;&nbsp;&nbsp;&nbsp;<a href="#[2db]">apply_theme</a><BR>
 <LI><a href="#[2dc]">apply_theme_recursion</a>&nbsp;&nbsp;&nbsp;&rArr;&nbsp;&nbsp;&nbsp;<a href="#[2dc]">apply_theme_recursion</a><BR>
 <LI><a href="#[4c1]">lv_obj_construct</a>&nbsp;&nbsp;&nbsp;&rArr;&nbsp;&nbsp;&nbsp;<a href="#[4c1]">lv_obj_construct</a><BR>
 <LI><a href="#[a7]">lv_obj_transform_point</a>&nbsp;&nbsp;&nbsp;&rArr;&nbsp;&nbsp;&nbsp;<a href="#[a7]">lv_obj_transform_point</a><BR>
 <LI><a href="#[2e0]">mymemcpy</a>&nbsp;&nbsp;&nbsp;&rArr;&nbsp;&nbsp;&nbsp;<a href="#[2e0]">mymemcpy</a><BR>
 <LI><a href="#[4cb]">lv_obj_is_editable</a>&nbsp;&nbsp;&nbsp;&rArr;&nbsp;&nbsp;&nbsp;<a href="#[4cb]">lv_obj_is_editable</a><BR>
 <LI><a href="#[4c4]">obj_delete_core</a>&nbsp;&nbsp;&nbsp;&rArr;&nbsp;&nbsp;&nbsp;<a href="#[4c4]">obj_delete_core</a><BR>
 <LI><a href="#[2cb]">_lv_vsnprintf</a>&nbsp;&nbsp;&nbsp;&rArr;&nbsp;&nbsp;&nbsp;<a href="#[2cb]">_lv_vsnprintf</a><BR>
 <LI><a href="#[269]">mem_cpy</a>&nbsp;&nbsp;&nbsp;&rArr;&nbsp;&nbsp;&nbsp;<a href="#[269]">mem_cpy</a><BR>
 <LI><a href="#[322]">mem_set</a>&nbsp;&nbsp;&nbsp;&rArr;&nbsp;&nbsp;&nbsp;<a href="#[322]">mem_set</a><BR>
 <LI><a href="#[510]">report_style_change_core</a>&nbsp;&nbsp;&nbsp;&rArr;&nbsp;&nbsp;&nbsp;<a href="#[510]">report_style_change_core</a><BR>
</UL>
<P>
<H3>
Function Pointers
</H3><UL>
 <LI><a href="#[1c]">ADC1_2_IRQHandler</a> from startup_stm32f103xb.o(.text) referenced from startup_stm32f103xb.o(RESET)
 <LI><a href="#[4]">BusFault_Handler</a> from stm32f1xx_it.o(.text.BusFault_Handler) referenced from startup_stm32f103xb.o(RESET)
 <LI><a href="#[1f]">CAN1_RX1_IRQHandler</a> from startup_stm32f103xb.o(.text) referenced from startup_stm32f103xb.o(RESET)
 <LI><a href="#[20]">CAN1_SCE_IRQHandler</a> from startup_stm32f103xb.o(.text) referenced from startup_stm32f103xb.o(RESET)
 <LI><a href="#[15]">DMA1_Channel1_IRQHandler</a> from startup_stm32f103xb.o(.text) referenced from startup_stm32f103xb.o(RESET)
 <LI><a href="#[16]">DMA1_Channel2_IRQHandler</a> from startup_stm32f103xb.o(.text) referenced from startup_stm32f103xb.o(RESET)
 <LI><a href="#[17]">DMA1_Channel3_IRQHandler</a> from startup_stm32f103xb.o(.text) referenced from startup_stm32f103xb.o(RESET)
 <LI><a href="#[18]">DMA1_Channel4_IRQHandler</a> from startup_stm32f103xb.o(.text) referenced from startup_stm32f103xb.o(RESET)
 <LI><a href="#[19]">DMA1_Channel5_IRQHandler</a> from startup_stm32f103xb.o(.text) referenced from startup_stm32f103xb.o(RESET)
 <LI><a href="#[1a]">DMA1_Channel6_IRQHandler</a> from startup_stm32f103xb.o(.text) referenced from startup_stm32f103xb.o(RESET)
 <LI><a href="#[1b]">DMA1_Channel7_IRQHandler</a> from startup_stm32f103xb.o(.text) referenced from startup_stm32f103xb.o(RESET)
 <LI><a href="#[7]">DebugMon_Handler</a> from stm32f1xx_it.o(.text.DebugMon_Handler) referenced from startup_stm32f103xb.o(RESET)
 <LI><a href="#[10]">EXTI0_IRQHandler</a> from startup_stm32f103xb.o(.text) referenced from startup_stm32f103xb.o(RESET)
 <LI><a href="#[32]">EXTI15_10_IRQHandler</a> from startup_stm32f103xb.o(.text) referenced from startup_stm32f103xb.o(RESET)
 <LI><a href="#[11]">EXTI1_IRQHandler</a> from startup_stm32f103xb.o(.text) referenced from startup_stm32f103xb.o(RESET)
 <LI><a href="#[12]">EXTI2_IRQHandler</a> from startup_stm32f103xb.o(.text) referenced from startup_stm32f103xb.o(RESET)
 <LI><a href="#[13]">EXTI3_IRQHandler</a> from startup_stm32f103xb.o(.text) referenced from startup_stm32f103xb.o(RESET)
 <LI><a href="#[14]">EXTI4_IRQHandler</a> from startup_stm32f103xb.o(.text) referenced from startup_stm32f103xb.o(RESET)
 <LI><a href="#[21]">EXTI9_5_IRQHandler</a> from startup_stm32f103xb.o(.text) referenced from startup_stm32f103xb.o(RESET)
 <LI><a href="#[e]">FLASH_IRQHandler</a> from startup_stm32f103xb.o(.text) referenced from startup_stm32f103xb.o(RESET)
 <LI><a href="#[41]">HAL_Delay</a> from stm32f1xx_hal.o(.text.HAL_Delay) referenced from lcd_init.o(.text.LCD_Init)
 <LI><a href="#[45]">HAL_GPIO_Init</a> from stm32f1xx_hal_gpio.o(.text.HAL_GPIO_Init) referenced from gpio.o(.text.MX_GPIO_Init)
 <LI><a href="#[44]">HAL_GPIO_WritePin</a> from stm32f1xx_hal_gpio.o(.text.HAL_GPIO_WritePin) referenced from gpio.o(.text.MX_GPIO_Init)
 <LI><a href="#[2]">HardFault_Handler</a> from stm32f1xx_it.o(.text.HardFault_Handler) referenced from startup_stm32f103xb.o(RESET)
 <LI><a href="#[2a]">I2C1_ER_IRQHandler</a> from startup_stm32f103xb.o(.text) referenced from startup_stm32f103xb.o(RESET)
 <LI><a href="#[29]">I2C1_EV_IRQHandler</a> from startup_stm32f103xb.o(.text) referenced from startup_stm32f103xb.o(RESET)
 <LI><a href="#[2c]">I2C2_ER_IRQHandler</a> from startup_stm32f103xb.o(.text) referenced from startup_stm32f103xb.o(RESET)
 <LI><a href="#[2b]">I2C2_EV_IRQHandler</a> from startup_stm32f103xb.o(.text) referenced from startup_stm32f103xb.o(RESET)
 <LI><a href="#[40]">LCD_WR_DATA</a> from lcd_init.o(.text.LCD_WR_DATA) referenced from lcd_init.o(.text.LCD_Area_Set)
 <LI><a href="#[43]">LCD_WR_DATA8</a> from lcd_init.o(.text.LCD_WR_DATA8) referenced from lcd_init.o(.text.LCD_Init)
 <LI><a href="#[42]">LCD_WR_REG</a> from lcd_init.o(.text.LCD_WR_REG) referenced from lcd_init.o(.text.LCD_Init)
 <LI><a href="#[3]">MemManage_Handler</a> from stm32f1xx_it.o(.text.MemManage_Handler) referenced from startup_stm32f103xb.o(RESET)
 <LI><a href="#[1]">NMI_Handler</a> from stm32f1xx_it.o(.text.NMI_Handler) referenced from startup_stm32f103xb.o(RESET)
 <LI><a href="#[b]">PVD_IRQHandler</a> from startup_stm32f103xb.o(.text) referenced from startup_stm32f103xb.o(RESET)
 <LI><a href="#[8]">PendSV_Handler</a> from stm32f1xx_it.o(.text.PendSV_Handler) referenced from startup_stm32f103xb.o(RESET)
 <LI><a href="#[f]">RCC_IRQHandler</a> from startup_stm32f103xb.o(.text) referenced from startup_stm32f103xb.o(RESET)
 <LI><a href="#[33]">RTC_Alarm_IRQHandler</a> from startup_stm32f103xb.o(.text) referenced from startup_stm32f103xb.o(RESET)
 <LI><a href="#[d]">RTC_IRQHandler</a> from startup_stm32f103xb.o(.text) referenced from startup_stm32f103xb.o(RESET)
 <LI><a href="#[0]">Reset_Handler</a> from startup_stm32f103xb.o(.text) referenced from startup_stm32f103xb.o(RESET)
 <LI><a href="#[2d]">SPI1_IRQHandler</a> from startup_stm32f103xb.o(.text) referenced from startup_stm32f103xb.o(RESET)
 <LI><a href="#[2e]">SPI2_IRQHandler</a> from startup_stm32f103xb.o(.text) referenced from startup_stm32f103xb.o(RESET)
 <LI><a href="#[46]">SPI2_ReadWriteByte</a> from spi.o(.text.SPI2_ReadWriteByte) referenced from mmc_sd.o(.text.SD_SendCmd)
 <LI><a href="#[6]">SVC_Handler</a> from stm32f1xx_it.o(.text.SVC_Handler) referenced from startup_stm32f103xb.o(RESET)
 <LI><a href="#[9]">SysTick_Handler</a> from stm32f1xx_it.o(.text.SysTick_Handler) referenced from startup_stm32f103xb.o(RESET)
 <LI><a href="#[35]">SystemInit</a> from system_stm32f1xx.o(.text.SystemInit) referenced from startup_stm32f103xb.o(.text)
 <LI><a href="#[c]">TAMPER_IRQHandler</a> from startup_stm32f103xb.o(.text) referenced from startup_stm32f103xb.o(RESET)
 <LI><a href="#[22]">TIM1_BRK_IRQHandler</a> from startup_stm32f103xb.o(.text) referenced from startup_stm32f103xb.o(RESET)
 <LI><a href="#[25]">TIM1_CC_IRQHandler</a> from startup_stm32f103xb.o(.text) referenced from startup_stm32f103xb.o(RESET)
 <LI><a href="#[24]">TIM1_TRG_COM_IRQHandler</a> from startup_stm32f103xb.o(.text) referenced from startup_stm32f103xb.o(RESET)
 <LI><a href="#[23]">TIM1_UP_IRQHandler</a> from startup_stm32f103xb.o(.text) referenced from startup_stm32f103xb.o(RESET)
 <LI><a href="#[26]">TIM2_IRQHandler</a> from startup_stm32f103xb.o(.text) referenced from startup_stm32f103xb.o(RESET)
 <LI><a href="#[27]">TIM3_IRQHandler</a> from startup_stm32f103xb.o(.text) referenced from startup_stm32f103xb.o(RESET)
 <LI><a href="#[28]">TIM4_IRQHandler</a> from stm32f1xx_it.o(.text.TIM4_IRQHandler) referenced from startup_stm32f103xb.o(RESET)
 <LI><a href="#[3f]">UART_DMAAbortOnError</a> from stm32f1xx_hal_uart.o(.text.UART_DMAAbortOnError) referenced from stm32f1xx_hal_uart.o(.text.HAL_UART_IRQHandler)
 <LI><a href="#[2f]">USART1_IRQHandler</a> from stm32f1xx_it.o(.text.USART1_IRQHandler) referenced from startup_stm32f103xb.o(RESET)
 <LI><a href="#[30]">USART2_IRQHandler</a> from startup_stm32f103xb.o(.text) referenced from startup_stm32f103xb.o(RESET)
 <LI><a href="#[31]">USART3_IRQHandler</a> from startup_stm32f103xb.o(.text) referenced from startup_stm32f103xb.o(RESET)
 <LI><a href="#[34]">USBWakeUp_IRQHandler</a> from startup_stm32f103xb.o(.text) referenced from startup_stm32f103xb.o(RESET)
 <LI><a href="#[1d]">USB_HP_CAN1_TX_IRQHandler</a> from startup_stm32f103xb.o(.text) referenced from startup_stm32f103xb.o(RESET)
 <LI><a href="#[1e]">USB_LP_CAN1_RX0_IRQHandler</a> from startup_stm32f103xb.o(.text) referenced from startup_stm32f103xb.o(RESET)
 <LI><a href="#[eb]">USER_initialize</a> from user_diskio.o(.text.USER_initialize) referenced from user_diskio.o(.data.USER_Driver)
 <LI><a href="#[ef]">USER_ioctl</a> from user_diskio.o(.text.USER_ioctl) referenced from user_diskio.o(.data.USER_Driver)
 <LI><a href="#[ed]">USER_read</a> from user_diskio.o(.text.USER_read) referenced from user_diskio.o(.data.USER_Driver)
 <LI><a href="#[ec]">USER_status</a> from user_diskio.o(.text.USER_status) referenced from user_diskio.o(.data.USER_Driver)
 <LI><a href="#[ee]">USER_write</a> from user_diskio.o(.text.USER_write) referenced from user_diskio.o(.data.USER_Driver)
 <LI><a href="#[5]">UsageFault_Handler</a> from stm32f1xx_it.o(.text.UsageFault_Handler) referenced from startup_stm32f103xb.o(RESET)
 <LI><a href="#[a]">WWDG_IRQHandler</a> from startup_stm32f103xb.o(.text) referenced from startup_stm32f103xb.o(RESET)
 <LI><a href="#[36]">__main</a> from __main.o(!!!main) referenced from startup_stm32f103xb.o(.text)
 <LI><a href="#[4b]">_at_printf</a> from at.o(.text._at_printf) referenced from at.o(.text._At_Config_no_readString)
 <LI><a href="#[e4]">_at_user_AT_LED_off</a> from at_user.o(.text._at_user_AT_LED_off) referenced from at_user.o(.data..L_MergedGlobals)
 <LI><a href="#[e3]">_at_user_AT_LED_on</a> from at_user.o(.text._at_user_AT_LED_on) referenced from at_user.o(.data..L_MergedGlobals)
 <LI><a href="#[53]">_checkString</a> from at.o(.text._checkString) referenced from at.o(.text._At_Config_no_readString)
 <LI><a href="#[54]">_cutString</a> from at.o(.text._cutString) referenced from at.o(.text._At_Config_no_readString)
 <LI><a href="#[4e]">_errorToString</a> from at.o(.text._errorToString) referenced from at.o(.text._At_Config_no_readString)
 <LI><a href="#[52]">_getParamMaxNum</a> from at.o(.text._getParamMaxNum) referenced from at.o(.text._At_Config_no_readString)
 <LI><a href="#[51]">_getStateTable</a> from at.o(.text._getStateTable) referenced from at.o(.text._At_Config_no_readString)
 <LI><a href="#[3e]">_get_lc_ctype</a> from lc_ctype_c.o(locale$$code) referenced from rt_ctype_table.o(.text)
 <LI><a href="#[4d]">_handle</a> from at.o(.text._handle) referenced from at.o(.text._At_Config_no_readString)
 <LI><a href="#[4c]">_handleAuto</a> from at.o(.text._handleAuto) referenced from at.o(.text._At_Config_no_readString)
 <LI><a href="#[8b]">_lv_display_refr_timer</a> from lv_refr.o(.text._lv_display_refr_timer) referenced from lv_display.o(.text.lv_display_create)
 <LI><a href="#[9d]">_lv_ll_get_head</a> from lv_ll.o(.text._lv_ll_get_head) referenced from lv_group.o(.text.lv_group_focus_next)
 <LI><a href="#[9e]">_lv_ll_get_next</a> from lv_ll.o(.text._lv_ll_get_next) referenced from lv_group.o(.text.lv_group_focus_next)
 <LI><a href="#[a0]">_lv_ll_get_prev</a> from lv_ll.o(.text._lv_ll_get_prev) referenced from lv_group.o(.text.lv_group_focus_prev)
 <LI><a href="#[9f]">_lv_ll_get_tail</a> from lv_ll.o(.text._lv_ll_get_tail) referenced from lv_group.o(.text.lv_group_focus_prev)
 <LI><a href="#[bd]">_out_buffer</a> from lv_sprintf_builtin.o(.text._out_buffer) referenced from lv_sprintf_builtin.o(.text.lv_vsnprintf)
 <LI><a href="#[6e]">_out_null</a> from lv_sprintf_builtin.o(.text._out_null) referenced from lv_sprintf_builtin.o(.text._lv_vsnprintf)
 <LI><a href="#[4a]">_print</a> from at.o(.text._print) referenced from at.o(.text._At_Config_no_readString)
 <LI><a href="#[48]">_printSet</a> from at.o(.text._printSet) referenced from at.o(.text._At_Config_no_readString)
 <LI><a href="#[3a]">_printf_input_char</a> from _printf_char_common.o(.text) referenced from _printf_char_common.o(.text)
 <LI><a href="#[49]">_println</a> from at.o(.text._println) referenced from at.o(.text._At_Config_no_readString)
 <LI><a href="#[39]">_sbackspace</a> from _sgetc.o(.text) referenced from __0sscanf.o(.text)
 <LI><a href="#[3c]">_scanf_char_input</a> from scanf_char.o(.text) referenced from scanf_char.o(.text)
 <LI><a href="#[47]">_sendInfor</a> from at.o(.text._sendInfor) referenced from at.o(.text._At_Config_no_readString)
 <LI><a href="#[50]">_setInputDevice</a> from at.o(.text._setInputDevice) referenced from at.o(.text._At_Config_no_readString)
 <LI><a href="#[4f]">_setOutputDevice</a> from at.o(.text._setOutputDevice) referenced from at.o(.text._At_Config_no_readString)
 <LI><a href="#[38]">_sgetc</a> from _sgetc.o(.text) referenced from __0sscanf.o(.text)
 <LI><a href="#[37]">_snputc</a> from _snputc.o(.text) referenced from _vsnprintf.o(.text)
 <LI><a href="#[5d]">add_cb</a> from lv_cache_builtin.o(.text.add_cb) referenced from lv_cache_builtin.o(.text._lv_cache_builtin_init)
 <LI><a href="#[55]">anim_timer</a> from lv_anim.o(.text.anim_timer) referenced from lv_anim.o(.text._lv_anim_core_init)
 <LI><a href="#[e5]">at_user_AT</a> from at_user.o(.text.at_user_AT) referenced from at_user.o(.data..L_MergedGlobals)
 <LI><a href="#[e8]">at_user_AT_LED</a> from at_user.o(.text.at_user_AT_LED) referenced from at_user.o(.data..L_MergedGlobals)
 <LI><a href="#[e6]">at_user_AT_List</a> from at_user.o(.text.at_user_AT_List) referenced from at_user.o(.data..L_MergedGlobals)
 <LI><a href="#[e7]">at_user_AT_Reboot</a> from at_user.o(.text.at_user_AT_Reboot) referenced from at_user.o(.data..L_MergedGlobals)
 <LI><a href="#[71]">at_user_sdev_available</a> from at_user.o(.text.at_user_sdev_available) referenced from at_user.o(.text.at_user_init)
 <LI><a href="#[70]">at_user_sdev_print</a> from at_user.o(.text.at_user_sdev_print) referenced from at_user.o(.text.at_user_init)
 <LI><a href="#[6f]">at_user_sdev_read</a> from at_user.o(.text.at_user_sdev_read) referenced from at_user.o(.text.at_user_init)
 <LI><a href="#[64]">buf_align</a> from lv_draw_buf.o(.text.buf_align) referenced from lv_draw_buf.o(.text._lv_draw_buf_init_handlers)
 <LI><a href="#[61]">buf_clear</a> from lv_draw_buf.o(.text.buf_clear) referenced from lv_draw_buf.o(.text._lv_draw_buf_init_handlers)
 <LI><a href="#[60]">buf_copy</a> from lv_draw_buf.o(.text.buf_copy) referenced from lv_draw_buf.o(.text._lv_draw_buf_init_handlers)
 <LI><a href="#[65]">buf_free</a> from lv_draw_buf.o(.text.buf_free) referenced from lv_draw_buf.o(.text._lv_draw_buf_init_handlers)
 <LI><a href="#[62]">buf_go_to_xy</a> from lv_draw_buf.o(.text.buf_go_to_xy) referenced from lv_draw_buf.o(.text._lv_draw_buf_init_handlers)
 <LI><a href="#[66]">buf_malloc</a> from lv_draw_buf.o(.text.buf_malloc) referenced from lv_draw_buf.o(.text._lv_draw_buf_init_handlers)
 <LI><a href="#[89]">cache_invalidate_cb</a> from lv_bin_decoder.o(.text.cache_invalidate_cb) referenced from lv_bin_decoder.o(.text.lv_bin_decoder_open)
 <LI><a href="#[c1]">convert_speed_to_time</a> from lv_anim.o(.text.convert_speed_to_time) referenced from lv_anim.o(.text.resolve_time)
 <LI><a href="#[ba]">dark_color_filter_cb</a> from lv_theme_default.o(.text.dark_color_filter_cb) referenced from lv_theme_default.o(.text.lv_theme_default_init)
 <LI><a href="#[bc]">default_walker</a> from lv_tlsf.o(.text.default_walker) referenced from lv_tlsf.o(.text.lv_tlsf_walk_pool)
 <LI><a href="#[8f]">disp_event_cb</a> from lv_display.o(.text.disp_event_cb) referenced from lv_display.o(.text.lv_display_create)
 <LI><a href="#[ae]">disp_flush</a> from lv_port_disp.o(.text.disp_flush) referenced from lv_port_disp.o(.text.lv_port_disp_init)
 <LI><a href="#[93]">dispatch</a> from lv_draw_sw.o(.text.dispatch) referenced from lv_draw_sw.o(.text.lv_draw_sw_init)
 <LI><a href="#[94]">draw_letter_cb</a> from lv_draw_sw_letter.o(.text.draw_letter_cb) referenced from lv_draw_sw_letter.o(.text.lv_draw_sw_label)
 <LI><a href="#[56]">empty_cb</a> from lv_cache_builtin.o(.text.empty_cb) referenced from lv_cache_builtin.o(.text._lv_cache_builtin_init)
 <LI><a href="#[92]">evaluate</a> from lv_draw_sw.o(.text.evaluate) referenced from lv_draw_sw.o(.text.lv_draw_sw_init)
 <LI><a href="#[5c]">find_by_data_cb</a> from lv_cache_builtin.o(.text.find_by_data_cb) referenced from lv_cache_builtin.o(.text._lv_cache_builtin_init)
 <LI><a href="#[5b]">find_by_src_cb</a> from lv_cache_builtin.o(.text.find_by_src_cb) referenced from lv_cache_builtin.o(.text._lv_cache_builtin_init)
 <LI><a href="#[99]">flex_update</a> from lv_flex.o(.text.flex_update) referenced from lv_flex.o(.text.lv_flex_init)
 <LI><a href="#[3b]">fputc</a> from usart.o(.text.fputc) referenced from _printf_char_file.o(.text)
 <LI><a href="#[59]">get_data_cb</a> from lv_cache_builtin.o(.text.get_data_cb) referenced from lv_cache_builtin.o(.text._lv_cache_builtin_init)
 <LI><a href="#[b9]">grey_filter_cb</a> from lv_theme_default.o(.text.grey_filter_cb) referenced from lv_theme_default.o(.text.lv_theme_default_init)
 <LI><a href="#[9c]">grid_update</a> from lv_grid.o(.text.grid_update) referenced from lv_grid.o(.text.lv_grid_init)
 <LI><a href="#[5a]">invalidate_cb</a> from lv_cache_builtin.o(.text.invalidate_cb) referenced from lv_cache_builtin.o(.text._lv_cache_builtin_init)
 <LI><a href="#[3d]">isspace</a> from isspace.o(.text) referenced from scanf_char.o(.text)
 <LI><a href="#[9a]">kern_pair_16_compare</a> from lv_font_fmt_txt.o(.text.kern_pair_16_compare) referenced from lv_font_fmt_txt.o(.text.lv_font_get_glyph_dsc_fmt_txt)
 <LI><a href="#[9b]">kern_pair_8_compare</a> from lv_font_fmt_txt.o(.text.kern_pair_8_compare) referenced from lv_font_fmt_txt.o(.text.lv_font_get_glyph_dsc_fmt_txt)
 <LI><a href="#[ab]">lv_anim_path_ease_out</a> from lv_anim.o(.text.lv_anim_path_ease_out) referenced from lv_obj_scroll.o(.text.lv_obj_scroll_by)
 <LI><a href="#[ab]">lv_anim_path_ease_out</a> from lv_anim.o(.text.lv_anim_path_ease_out) referenced from lv_roller.o(.text.refr_position)
 <LI><a href="#[7f]">lv_anim_path_linear</a> from lv_anim.o(.text.lv_anim_path_linear) referenced from lv_anim.o(.text.lv_anim_init)
 <LI><a href="#[7f]">lv_anim_path_linear</a> from lv_anim.o(.text.lv_anim_path_linear) referenced from lv_style.o(.text.lv_style_transition_dsc_init)
 <LI><a href="#[7f]">lv_anim_path_linear</a> from lv_anim.o(.text.lv_anim_path_linear) referenced from lv_theme_default.o(.text.lv_theme_default_init)
 <LI><a href="#[c7]">lv_arc_constructor</a> from lv_arc.o(.text.lv_arc_constructor) referenced from lv_arc.o(.rodata.lv_arc_class)
 <LI><a href="#[c8]">lv_arc_event</a> from lv_arc.o(.text.lv_arc_event) referenced from lv_arc.o(.rodata.lv_arc_class)
 <LI><a href="#[77]">lv_area_get_height</a> from lv_flex.o(.text.lv_area_get_height) referenced from lv_flex.o(.text.children_repos)
 <LI><a href="#[81]">lv_area_get_height</a> from lv_bar.o(.text.lv_area_get_height) referenced from lv_bar.o(.text.lv_bar_event)
 <LI><a href="#[5f]">lv_area_get_size</a> from lv_area.o(.text.lv_area_get_size) referenced from lv_refr.o(.text._lv_display_refr_timer)
 <LI><a href="#[76]">lv_area_get_width</a> from lv_flex.o(.text.lv_area_get_width) referenced from lv_flex.o(.text.children_repos)
 <LI><a href="#[82]">lv_area_get_width</a> from lv_bar.o(.text.lv_area_get_width) referenced from lv_bar.o(.text.lv_bar_event)
 <LI><a href="#[78]">lv_area_set_height</a> from lv_area.o(.text.lv_area_set_height) referenced from lv_flex.o(.text.children_repos)
 <LI><a href="#[79]">lv_area_set_width</a> from lv_area.o(.text.lv_area_set_width) referenced from lv_flex.o(.text.children_repos)
 <LI><a href="#[80]">lv_async_timer_cb</a> from lv_async.o(.text.lv_async_timer_cb) referenced from lv_async.o(.text.lv_async_call_cancel)
 <LI><a href="#[83]">lv_bar_anim</a> from lv_bar.o(.text.lv_bar_anim) referenced from lv_bar.o(.text.lv_bar_set_value_with_anim)
 <LI><a href="#[84]">lv_bar_anim_ready</a> from lv_bar.o(.text.lv_bar_anim_ready) referenced from lv_bar.o(.text.lv_bar_set_value_with_anim)
 <LI><a href="#[c9]">lv_bar_constructor</a> from lv_bar.o(.text.lv_bar_constructor) referenced from lv_bar.o(.rodata.lv_bar_class)
 <LI><a href="#[ca]">lv_bar_destructor</a> from lv_bar.o(.text.lv_bar_destructor) referenced from lv_bar.o(.rodata.lv_bar_class)
 <LI><a href="#[cb]">lv_bar_event</a> from lv_bar.o(.text.lv_bar_event) referenced from lv_bar.o(.rodata.lv_bar_class)
 <LI><a href="#[88]">lv_bin_decoder_close</a> from lv_bin_decoder.o(.text.lv_bin_decoder_close) referenced from lv_bin_decoder.o(.text.lv_bin_decoder_init)
 <LI><a href="#[87]">lv_bin_decoder_get_area</a> from lv_bin_decoder.o(.text.lv_bin_decoder_get_area) referenced from lv_bin_decoder.o(.text.lv_bin_decoder_init)
 <LI><a href="#[85]">lv_bin_decoder_info</a> from lv_bin_decoder.o(.text.lv_bin_decoder_info) referenced from lv_bin_decoder.o(.text.lv_bin_decoder_init)
 <LI><a href="#[86]">lv_bin_decoder_open</a> from lv_bin_decoder.o(.text.lv_bin_decoder_open) referenced from lv_bin_decoder.o(.text.lv_bin_decoder_init)
 <LI><a href="#[91]">lv_color_16_16_mix</a> from lv_draw_sw_blend_to_rgb565.o(.text.lv_color_16_16_mix) referenced from lv_draw_sw_blend_to_rgb565.o(.text.lv_draw_sw_blend_color_to_rgb565)
 <LI><a href="#[c6]">lv_color_16_16_mix</a> from lv_draw_sw_transform.o(.text.lv_color_16_16_mix) referenced from lv_draw_sw_transform.o(.text.transform_rgb565a8)
 <LI><a href="#[a3]">lv_color_brightness</a> from lv_led.o(.text.lv_color_brightness) referenced from lv_led.o(.text.lv_led_event)
 <LI><a href="#[a4]">lv_color_mix</a> from lv_led.o(.text.lv_color_mix) referenced from lv_led.o(.text.lv_led_event)
 <LI><a href="#[95]">lv_draw_mask_angle</a> from lv_draw_sw_mask.o(.text.lv_draw_mask_angle) referenced from lv_draw_sw_mask.o(.text.lv_draw_sw_mask_angle_init)
 <LI><a href="#[96]">lv_draw_mask_line</a> from lv_draw_sw_mask.o(.text.lv_draw_mask_line) referenced from lv_draw_sw_mask.o(.text.lv_draw_sw_mask_line_points_init)
 <LI><a href="#[97]">lv_draw_mask_radius</a> from lv_draw_sw_mask.o(.text.lv_draw_mask_radius) referenced from lv_draw_sw_mask.o(.text.lv_draw_sw_mask_radius_init)
 <LI><a href="#[98]">lv_draw_sw_mask_free_param</a> from lv_draw_sw_mask.o(.text.lv_draw_sw_mask_free_param) referenced from lv_draw_sw_triangle.o(.text.lv_draw_sw_triangle)
 <LI><a href="#[cc]">lv_dropdown_constructor</a> from lv_dropdown.o(.text.lv_dropdown_constructor) referenced from lv_dropdown.o(.rodata.lv_dropdown_class)
 <LI><a href="#[cd]">lv_dropdown_destructor</a> from lv_dropdown.o(.text.lv_dropdown_destructor) referenced from lv_dropdown.o(.rodata.lv_dropdown_class)
 <LI><a href="#[ce]">lv_dropdown_event</a> from lv_dropdown.o(.text.lv_dropdown_event) referenced from lv_dropdown.o(.rodata.lv_dropdown_class)
 <LI><a href="#[d1]">lv_dropdown_list_event</a> from lv_dropdown.o(.text.lv_dropdown_list_event) referenced from lv_dropdown.o(.rodata.lv_dropdownlist_class)
 <LI><a href="#[cf]">lv_dropdownlist_constructor</a> from lv_dropdown.o(.text.lv_dropdownlist_constructor) referenced from lv_dropdown.o(.rodata.lv_dropdownlist_class)
 <LI><a href="#[d0]">lv_dropdownlist_destructor</a> from lv_dropdown.o(.text.lv_dropdownlist_destructor) referenced from lv_dropdown.o(.rodata.lv_dropdownlist_class)
 <LI><a href="#[d3]">lv_font_get_bitmap_fmt_txt</a> from lv_font_fmt_txt.o(.text.lv_font_get_bitmap_fmt_txt) referenced from lv_font_montserrat_14.o(.rodata.lv_font_montserrat_14)
 <LI><a href="#[d2]">lv_font_get_glyph_dsc_fmt_txt</a> from lv_font_fmt_txt.o(.text.lv_font_get_glyph_dsc_fmt_txt) referenced from lv_font_montserrat_14.o(.rodata.lv_font_montserrat_14)
 <LI><a href="#[7e]">lv_free</a> from lv_mem.o(.text.lv_free) referenced from lv_grid.o(.text.grid_update)
 <LI><a href="#[d4]">lv_label_constructor</a> from lv_label.o(.text.lv_label_constructor) referenced from lv_label.o(.rodata.lv_label_class)
 <LI><a href="#[d5]">lv_label_destructor</a> from lv_label.o(.text.lv_label_destructor) referenced from lv_label.o(.rodata.lv_label_class)
 <LI><a href="#[d6]">lv_label_event</a> from lv_label.o(.text.lv_label_event) referenced from lv_label.o(.rodata.lv_label_class)
 <LI><a href="#[d7]">lv_led_constructor</a> from lv_led.o(.text.lv_led_constructor) referenced from lv_led.o(.rodata.lv_led_class)
 <LI><a href="#[d8]">lv_led_event</a> from lv_led.o(.text.lv_led_event) referenced from lv_led.o(.rodata.lv_led_class)
 <LI><a href="#[d9]">lv_line_constructor</a> from lv_line.o(.text.lv_line_constructor) referenced from lv_line.o(.rodata.lv_line_class)
 <LI><a href="#[da]">lv_line_event</a> from lv_line.o(.text.lv_line_event) referenced from lv_line.o(.rodata.lv_line_class)
 <LI><a href="#[a6]">lv_mem_walker</a> from lv_mem_core_builtin.o(.text.lv_mem_walker) referenced from lv_mem_core_builtin.o(.text.lv_mem_monitor_core)
 <LI><a href="#[8a]">lv_memzero</a> from lv_draw_sw_blend_to_argb8888.o(.text.lv_memzero) referenced from lv_draw_sw_blend_to_argb8888.o(.text.lv_color_mix_with_alpha_cache_init)
 <LI><a href="#[c5]">lv_obj_add_style</a> from lv_obj_style.o(.text.lv_obj_add_style) referenced from lv_theme_default.o(.text.theme_apply)
 <LI><a href="#[db]">lv_obj_constructor</a> from lv_obj.o(.text.lv_obj_constructor) referenced from lv_obj.o(.rodata.lv_obj_class)
 <LI><a href="#[8c]">lv_obj_create</a> from lv_obj.o(.text.lv_obj_create) referenced from lv_display.o(.text.lv_display_create)
 <LI><a href="#[bf]">lv_obj_delete_async_cb</a> from lv_obj_tree.o(.text.lv_obj_delete_async_cb) referenced from lv_obj_tree.o(.text.obj_delete_core)
 <LI><a href="#[dc]">lv_obj_destructor</a> from lv_obj.o(.text.lv_obj_destructor) referenced from lv_obj.o(.rodata.lv_obj_class)
 <LI><a href="#[dd]">lv_obj_event</a> from lv_obj.o(.text.lv_obj_event) referenced from lv_obj.o(.rodata.lv_obj_class)
 <LI><a href="#[7b]">lv_obj_get_height_with_margin</a> from lv_flex.o(.text.lv_obj_get_height_with_margin) referenced from lv_flex.o(.text.find_track_end)
 <LI><a href="#[73]">lv_obj_get_style_margin_bottom</a> from lv_flex.o(.text.lv_obj_get_style_margin_bottom) referenced from lv_flex.o(.text.children_repos)
 <LI><a href="#[74]">lv_obj_get_style_margin_left</a> from lv_flex.o(.text.lv_obj_get_style_margin_left) referenced from lv_flex.o(.text.children_repos)
 <LI><a href="#[72]">lv_obj_get_style_margin_right</a> from lv_flex.o(.text.lv_obj_get_style_margin_right) referenced from lv_flex.o(.text.children_repos)
 <LI><a href="#[75]">lv_obj_get_style_margin_top</a> from lv_flex.o(.text.lv_obj_get_style_margin_top) referenced from lv_flex.o(.text.children_repos)
 <LI><a href="#[7c]">lv_obj_get_style_prop</a> from lv_obj_style.o(.text.lv_obj_get_style_prop) referenced from lv_flex.o(.text.flex_update)
 <LI><a href="#[7c]">lv_obj_get_style_prop</a> from lv_obj_style.o(.text.lv_obj_get_style_prop) referenced from lv_arc.o(.text.knob_get_extra_size)
 <LI><a href="#[7c]">lv_obj_get_style_prop</a> from lv_obj_style.o(.text.lv_obj_get_style_prop) referenced from lv_obj_draw.o(.text.lv_obj_init_draw_label_dsc)
 <LI><a href="#[7c]">lv_obj_get_style_prop</a> from lv_obj_style.o(.text.lv_obj_get_style_prop) referenced from lv_obj_draw.o(.text.lv_obj_init_draw_rect_dsc)
 <LI><a href="#[7c]">lv_obj_get_style_prop</a> from lv_obj_style.o(.text.lv_obj_get_style_prop) referenced from lv_refr.o(.text.refr_obj)
 <LI><a href="#[7c]">lv_obj_get_style_prop</a> from lv_obj_style.o(.text.lv_obj_get_style_prop) referenced from lv_obj_pos.o(.text.transform_point)
 <LI><a href="#[7c]">lv_obj_get_style_prop</a> from lv_obj_style.o(.text.lv_obj_get_style_prop) referenced from lv_roller.o(.text.transform_vect_recursive)
 <LI><a href="#[7a]">lv_obj_get_width_with_margin</a> from lv_flex.o(.text.lv_obj_get_width_with_margin) referenced from lv_flex.o(.text.find_track_end)
 <LI><a href="#[8d]">lv_obj_remove_style_all</a> from lv_obj_style.o(.text.lv_obj_remove_style_all) referenced from lv_display.o(.text.lv_display_create)
 <LI><a href="#[a8]">lv_obj_send_event</a> from lv_obj_event.o(.text.lv_obj_send_event) referenced from lv_refr.o(.text.lv_obj_redraw)
 <LI><a href="#[a8]">lv_obj_send_event</a> from lv_obj_event.o(.text.lv_obj_send_event) referenced from lv_obj_tree.o(.text.lv_obj_set_parent)
 <LI><a href="#[a8]">lv_obj_send_event</a> from lv_obj_event.o(.text.lv_obj_send_event) referenced from lv_refr.o(.text.refr_obj_and_children)
 <LI><a href="#[8e]">lv_obj_set_scrollbar_mode</a> from lv_obj_scroll.o(.text.lv_obj_set_scrollbar_mode) referenced from lv_display.o(.text.lv_display_create)
 <LI><a href="#[a7]">lv_obj_transform_point</a> from lv_obj_pos.o(.text.lv_obj_transform_point) referenced from lv_obj_pos.o(.text.lv_obj_get_transformed_area)
 <LI><a href="#[5e]">lv_obj_update_layout</a> from lv_obj_pos.o(.text.lv_obj_update_layout) referenced from lv_refr.o(.text._lv_display_refr_timer)
 <LI><a href="#[67]">lv_point_transform</a> from lv_area.o(.text.lv_point_transform) referenced from lv_image_buf.o(.text._lv_image_buf_get_transformed_area)
 <LI><a href="#[de]">lv_roller_constructor</a> from lv_roller.o(.text.lv_roller_constructor) referenced from lv_roller.o(.rodata.lv_roller_class)
 <LI><a href="#[df]">lv_roller_event</a> from lv_roller.o(.text.lv_roller_event) referenced from lv_roller.o(.rodata.lv_roller_class)
 <LI><a href="#[e0]">lv_roller_label_event</a> from lv_roller.o(.text.lv_roller_label_event) referenced from lv_roller.o(.rodata.lv_roller_label_class)
 <LI><a href="#[e1]">lv_slider_constructor</a> from lv_slider.o(.text.lv_slider_constructor) referenced from lv_slider.o(.rodata.lv_slider_class)
 <LI><a href="#[e2]">lv_slider_event</a> from lv_slider.o(.text.lv_slider_event) referenced from lv_slider.o(.rodata.lv_slider_class)
 <LI><a href="#[a9]">lv_style_prop_has_flag</a> from lv_obj_style.o(.text.lv_style_prop_has_flag) referenced from lv_obj_style.o(.text.lv_obj_refresh_style)
 <LI><a href="#[b3]">lv_style_set_bg_color</a> from lv_style_gen.o(.text.lv_style_set_bg_color) referenced from lv_theme_default.o(.text.lv_theme_default_init)
 <LI><a href="#[b5]">lv_style_set_bg_opa</a> from lv_style_gen.o(.text.lv_style_set_bg_opa) referenced from lv_theme_default.o(.text.lv_theme_default_init)
 <LI><a href="#[bb]">lv_style_set_pad_all</a> from lv_theme_default.o(.text.lv_style_set_pad_all) referenced from lv_theme_default.o(.text.lv_theme_default_init)
 <LI><a href="#[b7]">lv_style_set_pad_column</a> from lv_style_gen.o(.text.lv_style_set_pad_column) referenced from lv_theme_default.o(.text.lv_theme_default_init)
 <LI><a href="#[b8]">lv_style_set_pad_row</a> from lv_style_gen.o(.text.lv_style_set_pad_row) referenced from lv_theme_default.o(.text.lv_theme_default_init)
 <LI><a href="#[b4]">lv_style_set_radius</a> from lv_style_gen.o(.text.lv_style_set_radius) referenced from lv_theme_default.o(.text.lv_theme_default_init)
 <LI><a href="#[b6]">lv_style_set_text_color</a> from lv_style_gen.o(.text.lv_style_set_text_color) referenced from lv_theme_default.o(.text.lv_theme_default_init)
 <LI><a href="#[f0]">lv_text_utf8_get_byte_id</a> from lv_text.o(.text.lv_text_utf8_get_byte_id) referenced from lv_text.o(.data._lv_text_encoded_get_byte_id)
 <LI><a href="#[f1]">lv_text_utf8_get_char_id</a> from lv_text.o(.text.lv_text_utf8_get_char_id) referenced from lv_text.o(.data._lv_text_encoded_get_char_id)
 <LI><a href="#[f3]">lv_text_utf8_get_length</a> from lv_text.o(.text.lv_text_utf8_get_length) referenced from lv_text.o(.data._lv_text_get_encoded_length)
 <LI><a href="#[ea]">lv_text_utf8_next</a> from lv_text.o(.text.lv_text_utf8_next) referenced from lv_text.o(.data..L_MergedGlobals)
 <LI><a href="#[f2]">lv_text_utf8_prev</a> from lv_text.o(.text.lv_text_utf8_prev) referenced from lv_text.o(.data._lv_text_encoded_prev)
 <LI><a href="#[e9]">lv_text_utf8_size</a> from lv_text.o(.text.lv_text_utf8_size) referenced from lv_text.o(.data..L_MergedGlobals)
 <LI><a href="#[90]">lv_trigo_sin</a> from lv_math.o(.text.lv_trigo_sin) referenced from lv_draw_arc.o(.text.lv_draw_arc_get_area)
 <LI><a href="#[90]">lv_trigo_sin</a> from lv_math.o(.text.lv_trigo_sin) referenced from lv_draw_sw_transform.o(.text.lv_draw_sw_transform)
 <LI><a href="#[90]">lv_trigo_sin</a> from lv_math.o(.text.lv_trigo_sin) referenced from lv_area.o(.text.lv_point_transform)
 <LI><a href="#[c4]">mem_observer_cb</a> from lv_sysmon.o(.text.mem_observer_cb) referenced from lv_sysmon.o(.text.sysmon_backend_init_async_cb)
 <LI><a href="#[6c]">mem_update_timer_cb</a> from lv_sysmon.o(.text.mem_update_timer_cb) referenced from lv_sysmon.o(.text._lv_sysmon_builtin_init)
 <LI><a href="#[f4]">my_mem_init</a> from malloc.o(.text.my_mem_init) referenced from malloc.o(.data.mallco_dev)
 <LI><a href="#[f5]">my_mem_perused</a> from malloc.o(.text.my_mem_perused) referenced from malloc.o(.data.mallco_dev)
 <LI><a href="#[c2]">perf_monitor_disp_event_cb</a> from lv_sysmon.o(.text.perf_monitor_disp_event_cb) referenced from lv_sysmon.o(.text.sysmon_backend_init_async_cb)
 <LI><a href="#[c3]">perf_observer_cb</a> from lv_sysmon.o(.text.perf_observer_cb) referenced from lv_sysmon.o(.text.sysmon_backend_init_async_cb)
 <LI><a href="#[6b]">perf_update_timer_cb</a> from lv_sysmon.o(.text.perf_update_timer_cb) referenced from lv_sysmon.o(.text._lv_sysmon_builtin_init)
 <LI><a href="#[be]">puts</a> from puts.o(.text) referenced from main.o(.text.main)
 <LI><a href="#[58]">release_cb</a> from lv_cache_builtin.o(.text.release_cb) referenced from lv_cache_builtin.o(.text._lv_cache_builtin_init)
 <LI><a href="#[a5]">resolve_point_coord</a> from lv_line.o(.text.resolve_point_coord) referenced from lv_line.o(.text.lv_line_event)
 <LI><a href="#[aa]">scroll_anim_ready_cb</a> from lv_obj_scroll.o(.text.scroll_anim_ready_cb) referenced from lv_obj_scroll.o(.text.lv_obj_scroll_by)
 <LI><a href="#[c0]">scroll_anim_ready_cb</a> from lv_roller.o(.text.scroll_anim_ready_cb) referenced from lv_roller.o(.text.refr_position)
 <LI><a href="#[ac]">scroll_x_anim</a> from lv_obj_scroll.o(.text.scroll_x_anim) referenced from lv_obj_scroll.o(.text.lv_obj_scroll_to_x)
 <LI><a href="#[ac]">scroll_x_anim</a> from lv_obj_scroll.o(.text.scroll_x_anim) referenced from lv_obj_scroll.o(.text.scroll_area_into_view)
 <LI><a href="#[ad]">scroll_y_anim</a> from lv_obj_scroll.o(.text.scroll_y_anim) referenced from lv_obj_scroll.o(.text.lv_obj_scroll_to_y)
 <LI><a href="#[ad]">scroll_y_anim</a> from lv_obj_scroll.o(.text.scroll_y_anim) referenced from lv_obj_scroll.o(.text.scroll_area_into_view)
 <LI><a href="#[57]">set_max_size_cb</a> from lv_cache_builtin.o(.text.set_max_size_cb) referenced from lv_cache_builtin.o(.text._lv_cache_builtin_init)
 <LI><a href="#[a1]">set_ofs_x_anim</a> from lv_label.o(.text.set_ofs_x_anim) referenced from lv_label.o(.text.lv_label_set_long_mode)
 <LI><a href="#[a2]">set_ofs_y_anim</a> from lv_label.o(.text.set_ofs_y_anim) referenced from lv_label.o(.text.lv_label_set_long_mode)
 <LI><a href="#[af]">set_y_anim</a> from lv_roller.o(.text.set_y_anim) referenced from lv_roller.o(.text.lv_roller_event)
 <LI><a href="#[af]">set_y_anim</a> from lv_roller.o(.text.set_y_anim) referenced from lv_roller.o(.text.refr_position)
 <LI><a href="#[b2]">style_init_reset</a> from lv_theme_default.o(.text.style_init_reset) referenced from lv_theme_default.o(.text.lv_theme_default_init)
 <LI><a href="#[6d]">sysmon_backend_init_async_cb</a> from lv_sysmon.o(.text.sysmon_backend_init_async_cb) referenced from lv_sysmon.o(.text._lv_sysmon_builtin_init)
 <LI><a href="#[b1]">theme_apply</a> from lv_theme_default.o(.text.theme_apply) referenced from lv_theme_default.o(.text.lv_theme_default_init)
 <LI><a href="#[6a]">trans_anim_cb</a> from lv_obj_style.o(.text.trans_anim_cb) referenced from lv_obj_style.o(.text._lv_obj_style_create_transition)
 <LI><a href="#[68]">trans_anim_ready_cb</a> from lv_obj_style.o(.text.trans_anim_ready_cb) referenced from lv_obj_style.o(.text._lv_obj_style_create_transition)
 <LI><a href="#[69]">trans_anim_start_cb</a> from lv_obj_style.o(.text.trans_anim_start_cb) referenced from lv_obj_style.o(.text._lv_obj_style_create_transition)
 <LI><a href="#[7d]">unicode_list_compare</a> from lv_font_fmt_txt.o(.text.unicode_list_compare) referenced from lv_font_fmt_txt.o(.text.get_glyph_dsc_id)
 <LI><a href="#[b0]">unsubscribe_on_delete_cb</a> from lv_observer.o(.text.unsubscribe_on_delete_cb) referenced from lv_observer.o(.text.lv_subject_add_observer_obj)
 <LI><a href="#[63]">width_to_stride</a> from lv_draw_buf.o(.text.width_to_stride) referenced from lv_draw_buf.o(.text._lv_draw_buf_init_handlers)
</UL>
<P>
<H3>
Global Symbols
</H3>
<P><STRONG><a name="[36]"></a>__main</STRONG> (Thumb, 8 bytes, Stack size 0 bytes, __main.o(!!!main))
<BR><BR>[Calls]<UL><LI><a href="#[f6]">&gt;&gt;</a>&nbsp;&nbsp;&nbsp;__scatterload
<LI><a href="#[f7]">&gt;&gt;</a>&nbsp;&nbsp;&nbsp;__rt_entry
</UL>
<BR>[Address Reference Count : 1]<UL><LI> startup_stm32f103xb.o(.text)
</UL>
<P><STRONG><a name="[f6]"></a>__scatterload</STRONG> (Thumb, 0 bytes, Stack size unknown bytes, __scatter.o(!!!scatter))
<BR><BR>[Called By]<UL><LI><a href="#[36]">&gt;&gt;</a>&nbsp;&nbsp;&nbsp;__main
</UL>

<P><STRONG><a name="[f8]"></a>__scatterload_rt2</STRONG> (Thumb, 44 bytes, Stack size unknown bytes, __scatter.o(!!!scatter), UNUSED)
<BR><BR>[Calls]<UL><LI><a href="#[f7]">&gt;&gt;</a>&nbsp;&nbsp;&nbsp;__rt_entry
</UL>

<P><STRONG><a name="[58b]"></a>__scatterload_rt2_thumb_only</STRONG> (Thumb, 0 bytes, Stack size unknown bytes, __scatter.o(!!!scatter), UNUSED)

<P><STRONG><a name="[58c]"></a>__scatterload_null</STRONG> (Thumb, 0 bytes, Stack size unknown bytes, __scatter.o(!!!scatter), UNUSED)

<P><STRONG><a name="[f9]"></a>__scatterload_copy</STRONG> (Thumb, 26 bytes, Stack size unknown bytes, __scatter_copy.o(!!handler_copy), UNUSED)
<BR><BR>[Calls]<UL><LI><a href="#[f9]">&gt;&gt;</a>&nbsp;&nbsp;&nbsp;__scatterload_copy
</UL>
<BR>[Called By]<UL><LI><a href="#[f9]">&gt;&gt;</a>&nbsp;&nbsp;&nbsp;__scatterload_copy
</UL>

<P><STRONG><a name="[58d]"></a>__scatterload_zeroinit</STRONG> (Thumb, 28 bytes, Stack size unknown bytes, __scatter_zi.o(!!handler_zi), UNUSED)

<P><STRONG><a name="[fa]"></a>_printf_n</STRONG> (Thumb, 0 bytes, Stack size unknown bytes, _printf_n.o(.ARM.Collect$$_printf_percent$$00000001))
<BR><BR>[Calls]<UL><LI><a href="#[fb]">&gt;&gt;</a>&nbsp;&nbsp;&nbsp;_printf_charcount
</UL>

<P><STRONG><a name="[130]"></a>_printf_percent</STRONG> (Thumb, 0 bytes, Stack size unknown bytes, _printf_percent.o(.ARM.Collect$$_printf_percent$$00000000))
<BR><BR>[Called By]<UL><LI><a href="#[12e]">&gt;&gt;</a>&nbsp;&nbsp;&nbsp;__printf
</UL>

<P><STRONG><a name="[fc]"></a>_printf_p</STRONG> (Thumb, 0 bytes, Stack size unknown bytes, _printf_p.o(.ARM.Collect$$_printf_percent$$00000002))
<BR><BR>[Stack]<UL><LI>Max Depth = 64 + Unknown Stack Size
<LI>Call Chain = _printf_p &rArr; _printf_hex_ptr &rArr; _printf_longlong_hex &rArr; _printf_int_common &rArr; _printf_post_padding
</UL>
<BR>[Calls]<UL><LI><a href="#[fd]">&gt;&gt;</a>&nbsp;&nbsp;&nbsp;_printf_hex_ptr
</UL>

<P><STRONG><a name="[58e]"></a>_printf_f</STRONG> (Thumb, 0 bytes, Stack size unknown bytes, _printf_f.o(.ARM.Collect$$_printf_percent$$00000003))

<P><STRONG><a name="[58f]"></a>_printf_e</STRONG> (Thumb, 0 bytes, Stack size unknown bytes, _printf_e.o(.ARM.Collect$$_printf_percent$$00000004))

<P><STRONG><a name="[590]"></a>_printf_g</STRONG> (Thumb, 0 bytes, Stack size unknown bytes, _printf_g.o(.ARM.Collect$$_printf_percent$$00000005))

<P><STRONG><a name="[591]"></a>_printf_a</STRONG> (Thumb, 0 bytes, Stack size unknown bytes, _printf_a.o(.ARM.Collect$$_printf_percent$$00000006))

<P><STRONG><a name="[592]"></a>_printf_ll</STRONG> (Thumb, 0 bytes, Stack size unknown bytes, _printf_ll.o(.ARM.Collect$$_printf_percent$$00000007))

<P><STRONG><a name="[fe]"></a>_printf_i</STRONG> (Thumb, 0 bytes, Stack size unknown bytes, _printf_i.o(.ARM.Collect$$_printf_percent$$00000008))
<BR><BR>[Stack]<UL><LI>Max Depth = 72 + Unknown Stack Size
<LI>Call Chain = _printf_i &rArr; _printf_int_dec &rArr; _printf_int_common &rArr; _printf_post_padding
</UL>
<BR>[Calls]<UL><LI><a href="#[ff]">&gt;&gt;</a>&nbsp;&nbsp;&nbsp;_printf_int_dec
</UL>

<P><STRONG><a name="[100]"></a>_printf_d</STRONG> (Thumb, 0 bytes, Stack size unknown bytes, _printf_d.o(.ARM.Collect$$_printf_percent$$00000009))
<BR><BR>[Stack]<UL><LI>Max Depth = 72 + Unknown Stack Size
<LI>Call Chain = _printf_d &rArr; _printf_int_dec &rArr; _printf_int_common &rArr; _printf_post_padding
</UL>
<BR>[Calls]<UL><LI><a href="#[ff]">&gt;&gt;</a>&nbsp;&nbsp;&nbsp;_printf_int_dec
</UL>

<P><STRONG><a name="[101]"></a>_printf_u</STRONG> (Thumb, 0 bytes, Stack size unknown bytes, _printf_u.o(.ARM.Collect$$_printf_percent$$0000000A))
<BR><BR>[Stack]<UL><LI>Max Depth = 72 + Unknown Stack Size
<LI>Call Chain = _printf_u &rArr; _printf_int_dec &rArr; _printf_int_common &rArr; _printf_post_padding
</UL>
<BR>[Calls]<UL><LI><a href="#[ff]">&gt;&gt;</a>&nbsp;&nbsp;&nbsp;_printf_int_dec
</UL>

<P><STRONG><a name="[102]"></a>_printf_o</STRONG> (Thumb, 0 bytes, Stack size unknown bytes, _printf_o.o(.ARM.Collect$$_printf_percent$$0000000B))
<BR><BR>[Stack]<UL><LI>Max Depth = 64 + Unknown Stack Size
<LI>Call Chain = _printf_o &rArr; _printf_int_oct &rArr; _printf_longlong_oct &rArr; _printf_int_common &rArr; _printf_post_padding
</UL>
<BR>[Calls]<UL><LI><a href="#[103]">&gt;&gt;</a>&nbsp;&nbsp;&nbsp;_printf_int_oct
</UL>

<P><STRONG><a name="[104]"></a>_printf_x</STRONG> (Thumb, 0 bytes, Stack size unknown bytes, _printf_x.o(.ARM.Collect$$_printf_percent$$0000000C))
<BR><BR>[Stack]<UL><LI>Max Depth = 80 + Unknown Stack Size
<LI>Call Chain = _printf_x &rArr; _printf_int_hex &rArr; _printf_longlong_hex &rArr; _printf_int_common &rArr; _printf_post_padding
</UL>
<BR>[Calls]<UL><LI><a href="#[105]">&gt;&gt;</a>&nbsp;&nbsp;&nbsp;_printf_int_hex
</UL>

<P><STRONG><a name="[106]"></a>_printf_lli</STRONG> (Thumb, 0 bytes, Stack size unknown bytes, _printf_lli.o(.ARM.Collect$$_printf_percent$$0000000D))
<BR><BR>[Stack]<UL><LI>Max Depth = 72 + Unknown Stack Size
<LI>Call Chain = _printf_lli &rArr; _printf_longlong_dec &rArr; _printf_int_common &rArr; _printf_post_padding
</UL>
<BR>[Calls]<UL><LI><a href="#[107]">&gt;&gt;</a>&nbsp;&nbsp;&nbsp;_printf_longlong_dec
</UL>

<P><STRONG><a name="[108]"></a>_printf_lld</STRONG> (Thumb, 0 bytes, Stack size unknown bytes, _printf_lld.o(.ARM.Collect$$_printf_percent$$0000000E))
<BR><BR>[Stack]<UL><LI>Max Depth = 72 + Unknown Stack Size
<LI>Call Chain = _printf_lld &rArr; _printf_longlong_dec &rArr; _printf_int_common &rArr; _printf_post_padding
</UL>
<BR>[Calls]<UL><LI><a href="#[107]">&gt;&gt;</a>&nbsp;&nbsp;&nbsp;_printf_longlong_dec
</UL>

<P><STRONG><a name="[109]"></a>_printf_llu</STRONG> (Thumb, 0 bytes, Stack size unknown bytes, _printf_llu.o(.ARM.Collect$$_printf_percent$$0000000F))
<BR><BR>[Stack]<UL><LI>Max Depth = 72 + Unknown Stack Size
<LI>Call Chain = _printf_llu &rArr; _printf_longlong_dec &rArr; _printf_int_common &rArr; _printf_post_padding
</UL>
<BR>[Calls]<UL><LI><a href="#[107]">&gt;&gt;</a>&nbsp;&nbsp;&nbsp;_printf_longlong_dec
</UL>

<P><STRONG><a name="[10a]"></a>_printf_llo</STRONG> (Thumb, 0 bytes, Stack size unknown bytes, _printf_llo.o(.ARM.Collect$$_printf_percent$$00000010))
<BR><BR>[Stack]<UL><LI>Max Depth = 56 + Unknown Stack Size
<LI>Call Chain = _printf_llo &rArr; _printf_ll_oct &rArr; _printf_longlong_oct &rArr; _printf_int_common &rArr; _printf_post_padding
</UL>
<BR>[Calls]<UL><LI><a href="#[10b]">&gt;&gt;</a>&nbsp;&nbsp;&nbsp;_printf_ll_oct
</UL>

<P><STRONG><a name="[10c]"></a>_printf_llx</STRONG> (Thumb, 0 bytes, Stack size unknown bytes, _printf_llx.o(.ARM.Collect$$_printf_percent$$00000011))
<BR><BR>[Stack]<UL><LI>Max Depth = 64 + Unknown Stack Size
<LI>Call Chain = _printf_llx &rArr; _printf_ll_hex &rArr; _printf_longlong_hex &rArr; _printf_int_common &rArr; _printf_post_padding
</UL>
<BR>[Calls]<UL><LI><a href="#[10d]">&gt;&gt;</a>&nbsp;&nbsp;&nbsp;_printf_ll_hex
</UL>

<P><STRONG><a name="[593]"></a>_printf_l</STRONG> (Thumb, 0 bytes, Stack size unknown bytes, _printf_l.o(.ARM.Collect$$_printf_percent$$00000012))

<P><STRONG><a name="[10e]"></a>_printf_c</STRONG> (Thumb, 0 bytes, Stack size unknown bytes, _printf_c.o(.ARM.Collect$$_printf_percent$$00000013))
<BR><BR>[Stack]<UL><LI>Max Depth = 40 + Unknown Stack Size
<LI>Call Chain = _printf_c &rArr; _printf_char &rArr; _printf_cs_common &rArr; _printf_str &rArr; _printf_post_padding
</UL>
<BR>[Calls]<UL><LI><a href="#[10f]">&gt;&gt;</a>&nbsp;&nbsp;&nbsp;_printf_char
</UL>

<P><STRONG><a name="[110]"></a>_printf_s</STRONG> (Thumb, 0 bytes, Stack size unknown bytes, _printf_s.o(.ARM.Collect$$_printf_percent$$00000014))
<BR><BR>[Stack]<UL><LI>Max Depth = 40 + Unknown Stack Size
<LI>Call Chain = _printf_s &rArr; _printf_string &rArr; _printf_cs_common &rArr; _printf_str &rArr; _printf_post_padding
</UL>
<BR>[Calls]<UL><LI><a href="#[111]">&gt;&gt;</a>&nbsp;&nbsp;&nbsp;_printf_string
</UL>

<P><STRONG><a name="[112]"></a>_printf_lc</STRONG> (Thumb, 0 bytes, Stack size unknown bytes, _printf_lc.o(.ARM.Collect$$_printf_percent$$00000015))
<BR><BR>[Stack]<UL><LI>Max Depth = 88 + Unknown Stack Size
<LI>Call Chain = _printf_lc &rArr; _printf_wchar &rArr; _printf_lcs_common &rArr; _printf_wctomb &rArr; _wcrtomb
</UL>
<BR>[Calls]<UL><LI><a href="#[113]">&gt;&gt;</a>&nbsp;&nbsp;&nbsp;_printf_wchar
</UL>

<P><STRONG><a name="[114]"></a>_printf_ls</STRONG> (Thumb, 0 bytes, Stack size unknown bytes, _printf_ls.o(.ARM.Collect$$_printf_percent$$00000016))
<BR><BR>[Stack]<UL><LI>Max Depth = 88 + Unknown Stack Size
<LI>Call Chain = _printf_ls &rArr; _printf_wstring &rArr; _printf_lcs_common &rArr; _printf_wctomb &rArr; _wcrtomb
</UL>
<BR>[Calls]<UL><LI><a href="#[115]">&gt;&gt;</a>&nbsp;&nbsp;&nbsp;_printf_wstring
</UL>

<P><STRONG><a name="[594]"></a>_printf_percent_end</STRONG> (Thumb, 0 bytes, Stack size unknown bytes, _printf_percent_end.o(.ARM.Collect$$_printf_percent$$00000017))

<P><STRONG><a name="[11c]"></a>__rt_lib_init</STRONG> (Thumb, 0 bytes, Stack size unknown bytes, libinit.o(.ARM.Collect$$libinit$$00000000))
<BR><BR>[Called By]<UL><LI><a href="#[11b]">&gt;&gt;</a>&nbsp;&nbsp;&nbsp;__rt_entry_li
</UL>

<P><STRONG><a name="[595]"></a>__rt_lib_init_fp_1</STRONG> (Thumb, 0 bytes, Stack size unknown bytes, libinit2.o(.ARM.Collect$$libinit$$00000002))

<P><STRONG><a name="[596]"></a>__rt_lib_init_heap_1</STRONG> (Thumb, 0 bytes, Stack size unknown bytes, libinit2.o(.ARM.Collect$$libinit$$0000000C))

<P><STRONG><a name="[116]"></a>__rt_lib_init_lc_common</STRONG> (Thumb, 0 bytes, Stack size unknown bytes, libinit2.o(.ARM.Collect$$libinit$$00000011))
<BR><BR>[Calls]<UL><LI><a href="#[117]">&gt;&gt;</a>&nbsp;&nbsp;&nbsp;__rt_locale
</UL>

<P><STRONG><a name="[597]"></a>__rt_lib_init_preinit_1</STRONG> (Thumb, 0 bytes, Stack size unknown bytes, libinit2.o(.ARM.Collect$$libinit$$00000006))

<P><STRONG><a name="[598]"></a>__rt_lib_init_rand_1</STRONG> (Thumb, 0 bytes, Stack size unknown bytes, libinit2.o(.ARM.Collect$$libinit$$00000010))

<P><STRONG><a name="[599]"></a>__rt_lib_init_relocate_pie_1</STRONG> (Thumb, 0 bytes, Stack size unknown bytes, libinit2.o(.ARM.Collect$$libinit$$00000004))

<P><STRONG><a name="[59a]"></a>__rt_lib_init_user_alloc_1</STRONG> (Thumb, 0 bytes, Stack size unknown bytes, libinit2.o(.ARM.Collect$$libinit$$0000000E))

<P><STRONG><a name="[59b]"></a>__rt_lib_init_lc_collate_1</STRONG> (Thumb, 0 bytes, Stack size unknown bytes, libinit2.o(.ARM.Collect$$libinit$$00000013))

<P><STRONG><a name="[118]"></a>__rt_lib_init_lc_ctype_2</STRONG> (Thumb, 0 bytes, Stack size unknown bytes, libinit2.o(.ARM.Collect$$libinit$$00000014))
<BR><BR>[Stack]<UL><LI>Max Depth = 8 + Unknown Stack Size
<LI>Call Chain = __rt_lib_init_lc_ctype_2 &rArr; _get_lc_ctype
</UL>
<BR>[Calls]<UL><LI><a href="#[3e]">&gt;&gt;</a>&nbsp;&nbsp;&nbsp;_get_lc_ctype
</UL>

<P><STRONG><a name="[59c]"></a>__rt_lib_init_alloca_1</STRONG> (Thumb, 0 bytes, Stack size unknown bytes, libinit2.o(.ARM.Collect$$libinit$$00000030))

<P><STRONG><a name="[59d]"></a>__rt_lib_init_argv_1</STRONG> (Thumb, 0 bytes, Stack size unknown bytes, libinit2.o(.ARM.Collect$$libinit$$0000002E))

<P><STRONG><a name="[59e]"></a>__rt_lib_init_atexit_1</STRONG> (Thumb, 0 bytes, Stack size unknown bytes, libinit2.o(.ARM.Collect$$libinit$$0000001D))

<P><STRONG><a name="[59f]"></a>__rt_lib_init_clock_1</STRONG> (Thumb, 0 bytes, Stack size unknown bytes, libinit2.o(.ARM.Collect$$libinit$$00000023))

<P><STRONG><a name="[5a0]"></a>__rt_lib_init_cpp_1</STRONG> (Thumb, 0 bytes, Stack size unknown bytes, libinit2.o(.ARM.Collect$$libinit$$00000034))

<P><STRONG><a name="[5a1]"></a>__rt_lib_init_exceptions_1</STRONG> (Thumb, 0 bytes, Stack size unknown bytes, libinit2.o(.ARM.Collect$$libinit$$00000032))

<P><STRONG><a name="[5a2]"></a>__rt_lib_init_fp_trap_1</STRONG> (Thumb, 0 bytes, Stack size unknown bytes, libinit2.o(.ARM.Collect$$libinit$$00000021))

<P><STRONG><a name="[5a3]"></a>__rt_lib_init_getenv_1</STRONG> (Thumb, 0 bytes, Stack size unknown bytes, libinit2.o(.ARM.Collect$$libinit$$00000025))

<P><STRONG><a name="[5a4]"></a>__rt_lib_init_lc_ctype_1</STRONG> (Thumb, 0 bytes, Stack size unknown bytes, libinit2.o(.ARM.Collect$$libinit$$00000015))

<P><STRONG><a name="[5a5]"></a>__rt_lib_init_lc_monetary_1</STRONG> (Thumb, 0 bytes, Stack size unknown bytes, libinit2.o(.ARM.Collect$$libinit$$00000017))

<P><STRONG><a name="[5a6]"></a>__rt_lib_init_lc_numeric_1</STRONG> (Thumb, 0 bytes, Stack size unknown bytes, libinit2.o(.ARM.Collect$$libinit$$00000019))

<P><STRONG><a name="[5a7]"></a>__rt_lib_init_lc_time_1</STRONG> (Thumb, 0 bytes, Stack size unknown bytes, libinit2.o(.ARM.Collect$$libinit$$0000001B))

<P><STRONG><a name="[5a8]"></a>__rt_lib_init_return</STRONG> (Thumb, 0 bytes, Stack size unknown bytes, libinit2.o(.ARM.Collect$$libinit$$00000035))

<P><STRONG><a name="[5a9]"></a>__rt_lib_init_signal_1</STRONG> (Thumb, 0 bytes, Stack size unknown bytes, libinit2.o(.ARM.Collect$$libinit$$0000001F))

<P><STRONG><a name="[5aa]"></a>__rt_lib_init_stdio_1</STRONG> (Thumb, 0 bytes, Stack size unknown bytes, libinit2.o(.ARM.Collect$$libinit$$00000027))

<P><STRONG><a name="[121]"></a>__rt_lib_shutdown</STRONG> (Thumb, 0 bytes, Stack size unknown bytes, libshutdown.o(.ARM.Collect$$libshutdown$$00000000))
<BR><BR>[Called By]<UL><LI><a href="#[120]">&gt;&gt;</a>&nbsp;&nbsp;&nbsp;__rt_exit_ls
</UL>

<P><STRONG><a name="[5ab]"></a>__rt_lib_shutdown_cpp_1</STRONG> (Thumb, 0 bytes, Stack size unknown bytes, libshutdown2.o(.ARM.Collect$$libshutdown$$00000002))

<P><STRONG><a name="[5ac]"></a>__rt_lib_shutdown_fp_trap_1</STRONG> (Thumb, 0 bytes, Stack size unknown bytes, libshutdown2.o(.ARM.Collect$$libshutdown$$00000007))

<P><STRONG><a name="[5ad]"></a>__rt_lib_shutdown_heap_1</STRONG> (Thumb, 0 bytes, Stack size unknown bytes, libshutdown2.o(.ARM.Collect$$libshutdown$$0000000F))

<P><STRONG><a name="[5ae]"></a>__rt_lib_shutdown_return</STRONG> (Thumb, 0 bytes, Stack size unknown bytes, libshutdown2.o(.ARM.Collect$$libshutdown$$00000010))

<P><STRONG><a name="[5af]"></a>__rt_lib_shutdown_signal_1</STRONG> (Thumb, 0 bytes, Stack size unknown bytes, libshutdown2.o(.ARM.Collect$$libshutdown$$0000000A))

<P><STRONG><a name="[5b0]"></a>__rt_lib_shutdown_stdio_1</STRONG> (Thumb, 0 bytes, Stack size unknown bytes, libshutdown2.o(.ARM.Collect$$libshutdown$$00000004))

<P><STRONG><a name="[5b1]"></a>__rt_lib_shutdown_user_alloc_1</STRONG> (Thumb, 0 bytes, Stack size unknown bytes, libshutdown2.o(.ARM.Collect$$libshutdown$$0000000C))

<P><STRONG><a name="[f7]"></a>__rt_entry</STRONG> (Thumb, 0 bytes, Stack size unknown bytes, __rtentry.o(.ARM.Collect$$rtentry$$00000000))
<BR><BR>[Called By]<UL><LI><a href="#[36]">&gt;&gt;</a>&nbsp;&nbsp;&nbsp;__main
<LI><a href="#[f8]">&gt;&gt;</a>&nbsp;&nbsp;&nbsp;__scatterload_rt2
</UL>

<P><STRONG><a name="[5b2]"></a>__rt_entry_presh_1</STRONG> (Thumb, 0 bytes, Stack size unknown bytes, __rtentry2.o(.ARM.Collect$$rtentry$$00000002))

<P><STRONG><a name="[119]"></a>__rt_entry_sh</STRONG> (Thumb, 0 bytes, Stack size unknown bytes, __rtentry4.o(.ARM.Collect$$rtentry$$00000004))
<BR><BR>[Stack]<UL><LI>Max Depth = 8 + Unknown Stack Size
<LI>Call Chain = __rt_entry_sh &rArr; __user_setup_stackheap
</UL>
<BR>[Calls]<UL><LI><a href="#[11a]">&gt;&gt;</a>&nbsp;&nbsp;&nbsp;__user_setup_stackheap
</UL>

<P><STRONG><a name="[11b]"></a>__rt_entry_li</STRONG> (Thumb, 0 bytes, Stack size unknown bytes, __rtentry2.o(.ARM.Collect$$rtentry$$0000000A))
<BR><BR>[Calls]<UL><LI><a href="#[11c]">&gt;&gt;</a>&nbsp;&nbsp;&nbsp;__rt_lib_init
</UL>

<P><STRONG><a name="[5b3]"></a>__rt_entry_postsh_1</STRONG> (Thumb, 0 bytes, Stack size unknown bytes, __rtentry2.o(.ARM.Collect$$rtentry$$00000009))

<P><STRONG><a name="[11d]"></a>__rt_entry_main</STRONG> (Thumb, 0 bytes, Stack size unknown bytes, __rtentry2.o(.ARM.Collect$$rtentry$$0000000D))
<BR><BR>[Stack]<UL><LI>Max Depth = 2016 + Unknown Stack Size
<LI>Call Chain = __rt_entry_main &rArr; main &rArr; lv_port_disp_init &rArr; LCD_Init &rArr; f_open &rArr; dir_register &rArr; dir_find &rArr; dir_next &rArr; create_chain &rArr; put_fat &rArr; OUTLINED_FUNCTION_4 &rArr; move_window &rArr; sync_window &rArr; disk_write
</UL>
<BR>[Calls]<UL><LI><a href="#[11e]">&gt;&gt;</a>&nbsp;&nbsp;&nbsp;main
<LI><a href="#[11f]">&gt;&gt;</a>&nbsp;&nbsp;&nbsp;exit
</UL>

<P><STRONG><a name="[5b4]"></a>__rt_entry_postli_1</STRONG> (Thumb, 0 bytes, Stack size unknown bytes, __rtentry2.o(.ARM.Collect$$rtentry$$0000000C))

<P><STRONG><a name="[14a]"></a>__rt_exit</STRONG> (Thumb, 0 bytes, Stack size unknown bytes, rtexit.o(.ARM.Collect$$rtexit$$00000000))
<BR><BR>[Called By]<UL><LI><a href="#[11f]">&gt;&gt;</a>&nbsp;&nbsp;&nbsp;exit
</UL>

<P><STRONG><a name="[120]"></a>__rt_exit_ls</STRONG> (Thumb, 0 bytes, Stack size unknown bytes, rtexit2.o(.ARM.Collect$$rtexit$$00000003))
<BR><BR>[Calls]<UL><LI><a href="#[121]">&gt;&gt;</a>&nbsp;&nbsp;&nbsp;__rt_lib_shutdown
</UL>

<P><STRONG><a name="[5b5]"></a>__rt_exit_prels_1</STRONG> (Thumb, 0 bytes, Stack size unknown bytes, rtexit2.o(.ARM.Collect$$rtexit$$00000002))

<P><STRONG><a name="[122]"></a>__rt_exit_exit</STRONG> (Thumb, 0 bytes, Stack size unknown bytes, rtexit2.o(.ARM.Collect$$rtexit$$00000004))
<BR><BR>[Calls]<UL><LI><a href="#[123]">&gt;&gt;</a>&nbsp;&nbsp;&nbsp;_sys_exit
</UL>

<P><STRONG><a name="[0]"></a>Reset_Handler</STRONG> (Thumb, 8 bytes, Stack size 0 bytes, startup_stm32f103xb.o(.text))
<BR>[Address Reference Count : 1]<UL><LI> startup_stm32f103xb.o(RESET)
</UL>
<P><STRONG><a name="[1c]"></a>ADC1_2_IRQHandler</STRONG> (Thumb, 0 bytes, Stack size 0 bytes, startup_stm32f103xb.o(.text))
<BR><BR>[Calls]<UL><LI><a href="#[1c]">&gt;&gt;</a>&nbsp;&nbsp;&nbsp;ADC1_2_IRQHandler
</UL>
<BR>[Called By]<UL><LI><a href="#[1c]">&gt;&gt;</a>&nbsp;&nbsp;&nbsp;ADC1_2_IRQHandler
</UL>
<BR>[Address Reference Count : 1]<UL><LI> startup_stm32f103xb.o(RESET)
</UL>
<P><STRONG><a name="[1f]"></a>CAN1_RX1_IRQHandler</STRONG> (Thumb, 0 bytes, Stack size 0 bytes, startup_stm32f103xb.o(.text))
<BR>[Address Reference Count : 1]<UL><LI> startup_stm32f103xb.o(RESET)
</UL>
<P><STRONG><a name="[20]"></a>CAN1_SCE_IRQHandler</STRONG> (Thumb, 0 bytes, Stack size 0 bytes, startup_stm32f103xb.o(.text))
<BR>[Address Reference Count : 1]<UL><LI> startup_stm32f103xb.o(RESET)
</UL>
<P><STRONG><a name="[15]"></a>DMA1_Channel1_IRQHandler</STRONG> (Thumb, 0 bytes, Stack size 0 bytes, startup_stm32f103xb.o(.text))
<BR>[Address Reference Count : 1]<UL><LI> startup_stm32f103xb.o(RESET)
</UL>
<P><STRONG><a name="[16]"></a>DMA1_Channel2_IRQHandler</STRONG> (Thumb, 0 bytes, Stack size 0 bytes, startup_stm32f103xb.o(.text))
<BR>[Address Reference Count : 1]<UL><LI> startup_stm32f103xb.o(RESET)
</UL>
<P><STRONG><a name="[17]"></a>DMA1_Channel3_IRQHandler</STRONG> (Thumb, 0 bytes, Stack size 0 bytes, startup_stm32f103xb.o(.text))
<BR>[Address Reference Count : 1]<UL><LI> startup_stm32f103xb.o(RESET)
</UL>
<P><STRONG><a name="[18]"></a>DMA1_Channel4_IRQHandler</STRONG> (Thumb, 0 bytes, Stack size 0 bytes, startup_stm32f103xb.o(.text))
<BR>[Address Reference Count : 1]<UL><LI> startup_stm32f103xb.o(RESET)
</UL>
<P><STRONG><a name="[19]"></a>DMA1_Channel5_IRQHandler</STRONG> (Thumb, 0 bytes, Stack size 0 bytes, startup_stm32f103xb.o(.text))
<BR>[Address Reference Count : 1]<UL><LI> startup_stm32f103xb.o(RESET)
</UL>
<P><STRONG><a name="[1a]"></a>DMA1_Channel6_IRQHandler</STRONG> (Thumb, 0 bytes, Stack size 0 bytes, startup_stm32f103xb.o(.text))
<BR>[Address Reference Count : 1]<UL><LI> startup_stm32f103xb.o(RESET)
</UL>
<P><STRONG><a name="[1b]"></a>DMA1_Channel7_IRQHandler</STRONG> (Thumb, 0 bytes, Stack size 0 bytes, startup_stm32f103xb.o(.text))
<BR>[Address Reference Count : 1]<UL><LI> startup_stm32f103xb.o(RESET)
</UL>
<P><STRONG><a name="[10]"></a>EXTI0_IRQHandler</STRONG> (Thumb, 0 bytes, Stack size 0 bytes, startup_stm32f103xb.o(.text))
<BR>[Address Reference Count : 1]<UL><LI> startup_stm32f103xb.o(RESET)
</UL>
<P><STRONG><a name="[32]"></a>EXTI15_10_IRQHandler</STRONG> (Thumb, 0 bytes, Stack size 0 bytes, startup_stm32f103xb.o(.text))
<BR>[Address Reference Count : 1]<UL><LI> startup_stm32f103xb.o(RESET)
</UL>
<P><STRONG><a name="[11]"></a>EXTI1_IRQHandler</STRONG> (Thumb, 0 bytes, Stack size 0 bytes, startup_stm32f103xb.o(.text))
<BR>[Address Reference Count : 1]<UL><LI> startup_stm32f103xb.o(RESET)
</UL>
<P><STRONG><a name="[12]"></a>EXTI2_IRQHandler</STRONG> (Thumb, 0 bytes, Stack size 0 bytes, startup_stm32f103xb.o(.text))
<BR>[Address Reference Count : 1]<UL><LI> startup_stm32f103xb.o(RESET)
</UL>
<P><STRONG><a name="[13]"></a>EXTI3_IRQHandler</STRONG> (Thumb, 0 bytes, Stack size 0 bytes, startup_stm32f103xb.o(.text))
<BR>[Address Reference Count : 1]<UL><LI> startup_stm32f103xb.o(RESET)
</UL>
<P><STRONG><a name="[14]"></a>EXTI4_IRQHandler</STRONG> (Thumb, 0 bytes, Stack size 0 bytes, startup_stm32f103xb.o(.text))
<BR>[Address Reference Count : 1]<UL><LI> startup_stm32f103xb.o(RESET)
</UL>
<P><STRONG><a name="[21]"></a>EXTI9_5_IRQHandler</STRONG> (Thumb, 0 bytes, Stack size 0 bytes, startup_stm32f103xb.o(.text))
<BR>[Address Reference Count : 1]<UL><LI> startup_stm32f103xb.o(RESET)
</UL>
<P><STRONG><a name="[e]"></a>FLASH_IRQHandler</STRONG> (Thumb, 0 bytes, Stack size 0 bytes, startup_stm32f103xb.o(.text))
<BR>[Address Reference Count : 1]<UL><LI> startup_stm32f103xb.o(RESET)
</UL>
<P><STRONG><a name="[2a]"></a>I2C1_ER_IRQHandler</STRONG> (Thumb, 0 bytes, Stack size 0 bytes, startup_stm32f103xb.o(.text))
<BR>[Address Reference Count : 1]<UL><LI> startup_stm32f103xb.o(RESET)
</UL>
<P><STRONG><a name="[29]"></a>I2C1_EV_IRQHandler</STRONG> (Thumb, 0 bytes, Stack size 0 bytes, startup_stm32f103xb.o(.text))
<BR>[Address Reference Count : 1]<UL><LI> startup_stm32f103xb.o(RESET)
</UL>
<P><STRONG><a name="[2c]"></a>I2C2_ER_IRQHandler</STRONG> (Thumb, 0 bytes, Stack size 0 bytes, startup_stm32f103xb.o(.text))
<BR>[Address Reference Count : 1]<UL><LI> startup_stm32f103xb.o(RESET)
</UL>
<P><STRONG><a name="[2b]"></a>I2C2_EV_IRQHandler</STRONG> (Thumb, 0 bytes, Stack size 0 bytes, startup_stm32f103xb.o(.text))
<BR>[Address Reference Count : 1]<UL><LI> startup_stm32f103xb.o(RESET)
</UL>
<P><STRONG><a name="[b]"></a>PVD_IRQHandler</STRONG> (Thumb, 0 bytes, Stack size 0 bytes, startup_stm32f103xb.o(.text))
<BR>[Address Reference Count : 1]<UL><LI> startup_stm32f103xb.o(RESET)
</UL>
<P><STRONG><a name="[f]"></a>RCC_IRQHandler</STRONG> (Thumb, 0 bytes, Stack size 0 bytes, startup_stm32f103xb.o(.text))
<BR>[Address Reference Count : 1]<UL><LI> startup_stm32f103xb.o(RESET)
</UL>
<P><STRONG><a name="[33]"></a>RTC_Alarm_IRQHandler</STRONG> (Thumb, 0 bytes, Stack size 0 bytes, startup_stm32f103xb.o(.text))
<BR>[Address Reference Count : 1]<UL><LI> startup_stm32f103xb.o(RESET)
</UL>
<P><STRONG><a name="[d]"></a>RTC_IRQHandler</STRONG> (Thumb, 0 bytes, Stack size 0 bytes, startup_stm32f103xb.o(.text))
<BR>[Address Reference Count : 1]<UL><LI> startup_stm32f103xb.o(RESET)
</UL>
<P><STRONG><a name="[2d]"></a>SPI1_IRQHandler</STRONG> (Thumb, 0 bytes, Stack size 0 bytes, startup_stm32f103xb.o(.text))
<BR>[Address Reference Count : 1]<UL><LI> startup_stm32f103xb.o(RESET)
</UL>
<P><STRONG><a name="[2e]"></a>SPI2_IRQHandler</STRONG> (Thumb, 0 bytes, Stack size 0 bytes, startup_stm32f103xb.o(.text))
<BR>[Address Reference Count : 1]<UL><LI> startup_stm32f103xb.o(RESET)
</UL>
<P><STRONG><a name="[c]"></a>TAMPER_IRQHandler</STRONG> (Thumb, 0 bytes, Stack size 0 bytes, startup_stm32f103xb.o(.text))
<BR>[Address Reference Count : 1]<UL><LI> startup_stm32f103xb.o(RESET)
</UL>
<P><STRONG><a name="[22]"></a>TIM1_BRK_IRQHandler</STRONG> (Thumb, 0 bytes, Stack size 0 bytes, startup_stm32f103xb.o(.text))
<BR>[Address Reference Count : 1]<UL><LI> startup_stm32f103xb.o(RESET)
</UL>
<P><STRONG><a name="[25]"></a>TIM1_CC_IRQHandler</STRONG> (Thumb, 0 bytes, Stack size 0 bytes, startup_stm32f103xb.o(.text))
<BR>[Address Reference Count : 1]<UL><LI> startup_stm32f103xb.o(RESET)
</UL>
<P><STRONG><a name="[24]"></a>TIM1_TRG_COM_IRQHandler</STRONG> (Thumb, 0 bytes, Stack size 0 bytes, startup_stm32f103xb.o(.text))
<BR>[Address Reference Count : 1]<UL><LI> startup_stm32f103xb.o(RESET)
</UL>
<P><STRONG><a name="[23]"></a>TIM1_UP_IRQHandler</STRONG> (Thumb, 0 bytes, Stack size 0 bytes, startup_stm32f103xb.o(.text))
<BR>[Address Reference Count : 1]<UL><LI> startup_stm32f103xb.o(RESET)
</UL>
<P><STRONG><a name="[26]"></a>TIM2_IRQHandler</STRONG> (Thumb, 0 bytes, Stack size 0 bytes, startup_stm32f103xb.o(.text))
<BR>[Address Reference Count : 1]<UL><LI> startup_stm32f103xb.o(RESET)
</UL>
<P><STRONG><a name="[27]"></a>TIM3_IRQHandler</STRONG> (Thumb, 0 bytes, Stack size 0 bytes, startup_stm32f103xb.o(.text))
<BR>[Address Reference Count : 1]<UL><LI> startup_stm32f103xb.o(RESET)
</UL>
<P><STRONG><a name="[30]"></a>USART2_IRQHandler</STRONG> (Thumb, 0 bytes, Stack size 0 bytes, startup_stm32f103xb.o(.text))
<BR>[Address Reference Count : 1]<UL><LI> startup_stm32f103xb.o(RESET)
</UL>
<P><STRONG><a name="[31]"></a>USART3_IRQHandler</STRONG> (Thumb, 0 bytes, Stack size 0 bytes, startup_stm32f103xb.o(.text))
<BR>[Address Reference Count : 1]<UL><LI> startup_stm32f103xb.o(RESET)
</UL>
<P><STRONG><a name="[34]"></a>USBWakeUp_IRQHandler</STRONG> (Thumb, 0 bytes, Stack size 0 bytes, startup_stm32f103xb.o(.text))
<BR>[Address Reference Count : 1]<UL><LI> startup_stm32f103xb.o(RESET)
</UL>
<P><STRONG><a name="[1d]"></a>USB_HP_CAN1_TX_IRQHandler</STRONG> (Thumb, 0 bytes, Stack size 0 bytes, startup_stm32f103xb.o(.text))
<BR>[Address Reference Count : 1]<UL><LI> startup_stm32f103xb.o(RESET)
</UL>
<P><STRONG><a name="[1e]"></a>USB_LP_CAN1_RX0_IRQHandler</STRONG> (Thumb, 0 bytes, Stack size 0 bytes, startup_stm32f103xb.o(.text))
<BR>[Address Reference Count : 1]<UL><LI> startup_stm32f103xb.o(RESET)
</UL>
<P><STRONG><a name="[a]"></a>WWDG_IRQHandler</STRONG> (Thumb, 0 bytes, Stack size 0 bytes, startup_stm32f103xb.o(.text))
<BR>[Address Reference Count : 1]<UL><LI> startup_stm32f103xb.o(RESET)
</UL>
<P><STRONG><a name="[149]"></a>__user_initial_stackheap</STRONG> (Thumb, 0 bytes, Stack size unknown bytes, startup_stm32f103xb.o(.text))
<BR><BR>[Called By]<UL><LI><a href="#[11a]">&gt;&gt;</a>&nbsp;&nbsp;&nbsp;__user_setup_stackheap
</UL>

<P><STRONG><a name="[125]"></a>__aeabi_uldivmod</STRONG> (Thumb, 0 bytes, Stack size 48 bytes, lludivv7m.o(.text))
<BR><BR>[Stack]<UL><LI>Max Depth = 48<LI>Call Chain = __aeabi_uldivmod
</UL>
<BR>[Called By]<UL><LI><a href="#[2ce]">&gt;&gt;</a>&nbsp;&nbsp;&nbsp;_ntoa_long_long
<LI><a href="#[49a]">&gt;&gt;</a>&nbsp;&nbsp;&nbsp;lv_mem_monitor_core
<LI><a href="#[124]">&gt;&gt;</a>&nbsp;&nbsp;&nbsp;_ll_sdiv
</UL>

<P><STRONG><a name="[5b6]"></a>_ll_udiv</STRONG> (Thumb, 240 bytes, Stack size 48 bytes, lludivv7m.o(.text), UNUSED)

<P><STRONG><a name="[3ed]"></a>__aeabi_ldivmod</STRONG> (Thumb, 0 bytes, Stack size 24 bytes, llsdiv.o(.text))
<BR><BR>[Stack]<UL><LI>Max Depth = 24<LI>Call Chain = __aeabi_ldivmod
</UL>
<BR>[Called By]<UL><LI><a href="#[3b1]">&gt;&gt;</a>&nbsp;&nbsp;&nbsp;lv_cubic_bezier
</UL>

<P><STRONG><a name="[124]"></a>_ll_sdiv</STRONG> (Thumb, 116 bytes, Stack size 24 bytes, llsdiv.o(.text), UNUSED)
<BR><BR>[Calls]<UL><LI><a href="#[125]">&gt;&gt;</a>&nbsp;&nbsp;&nbsp;__aeabi_uldivmod
</UL>

<P><STRONG><a name="[126]"></a>_vsnprintf</STRONG> (Thumb, 56 bytes, Stack size 24 bytes, _vsnprintf.o(.text))
<BR><BR>[Stack]<UL><LI>Max Depth = 128 + Unknown Stack Size
<LI>Call Chain = _vsnprintf &rArr; _printf_char_common &rArr; __printf
</UL>
<BR>[Calls]<UL><LI><a href="#[127]">&gt;&gt;</a>&nbsp;&nbsp;&nbsp;_printf_char_common
</UL>
<BR>[Called By]<UL><LI><a href="#[4b]">&gt;&gt;</a>&nbsp;&nbsp;&nbsp;_at_printf
</UL>

<P><STRONG><a name="[128]"></a>__2printf</STRONG> (Thumb, 20 bytes, Stack size 24 bytes, __2printf.o(.text))
<BR><BR>[Stack]<UL><LI>Max Depth = 144 + Unknown Stack Size
<LI>Call Chain = __2printf &rArr; _printf_char_file &rArr; _printf_char_common &rArr; __printf
</UL>
<BR>[Calls]<UL><LI><a href="#[129]">&gt;&gt;</a>&nbsp;&nbsp;&nbsp;_printf_char_file
</UL>
<BR>[Called By]<UL><LI><a href="#[1aa]">&gt;&gt;</a>&nbsp;&nbsp;&nbsp;MMC_SD_Card_Init
</UL>

<P><STRONG><a name="[13a]"></a>_printf_pre_padding</STRONG> (Thumb, 44 bytes, Stack size 16 bytes, _printf_pad.o(.text))
<BR><BR>[Stack]<UL><LI>Max Depth = 16<LI>Call Chain = _printf_pre_padding
</UL>
<BR>[Called By]<UL><LI><a href="#[13d]">&gt;&gt;</a>&nbsp;&nbsp;&nbsp;_printf_wctomb
<LI><a href="#[12c]">&gt;&gt;</a>&nbsp;&nbsp;&nbsp;_printf_int_common
<LI><a href="#[139]">&gt;&gt;</a>&nbsp;&nbsp;&nbsp;_printf_str
</UL>

<P><STRONG><a name="[13b]"></a>_printf_post_padding</STRONG> (Thumb, 34 bytes, Stack size 16 bytes, _printf_pad.o(.text))
<BR><BR>[Stack]<UL><LI>Max Depth = 16<LI>Call Chain = _printf_post_padding
</UL>
<BR>[Called By]<UL><LI><a href="#[13d]">&gt;&gt;</a>&nbsp;&nbsp;&nbsp;_printf_wctomb
<LI><a href="#[12c]">&gt;&gt;</a>&nbsp;&nbsp;&nbsp;_printf_int_common
<LI><a href="#[139]">&gt;&gt;</a>&nbsp;&nbsp;&nbsp;_printf_str
</UL>

<P><STRONG><a name="[ff]"></a>_printf_int_dec</STRONG> (Thumb, 104 bytes, Stack size 24 bytes, _printf_dec.o(.text))
<BR><BR>[Stack]<UL><LI>Max Depth = 72<LI>Call Chain = _printf_int_dec &rArr; _printf_int_common &rArr; _printf_post_padding
</UL>
<BR>[Calls]<UL><LI><a href="#[12c]">&gt;&gt;</a>&nbsp;&nbsp;&nbsp;_printf_int_common
<LI><a href="#[12b]">&gt;&gt;</a>&nbsp;&nbsp;&nbsp;_printf_truncate_unsigned
<LI><a href="#[12a]">&gt;&gt;</a>&nbsp;&nbsp;&nbsp;_printf_truncate_signed
</UL>
<BR>[Called By]<UL><LI><a href="#[101]">&gt;&gt;</a>&nbsp;&nbsp;&nbsp;_printf_u
<LI><a href="#[100]">&gt;&gt;</a>&nbsp;&nbsp;&nbsp;_printf_d
<LI><a href="#[fe]">&gt;&gt;</a>&nbsp;&nbsp;&nbsp;_printf_i
</UL>

<P><STRONG><a name="[12d]"></a>_printf_longlong_hex</STRONG> (Thumb, 86 bytes, Stack size 16 bytes, _printf_hex_int_ll_ptr.o(.text))
<BR><BR>[Stack]<UL><LI>Max Depth = 64<LI>Call Chain = _printf_longlong_hex &rArr; _printf_int_common &rArr; _printf_post_padding
</UL>
<BR>[Calls]<UL><LI><a href="#[12c]">&gt;&gt;</a>&nbsp;&nbsp;&nbsp;_printf_int_common
</UL>
<BR>[Called By]<UL><LI><a href="#[fd]">&gt;&gt;</a>&nbsp;&nbsp;&nbsp;_printf_hex_ptr
<LI><a href="#[10d]">&gt;&gt;</a>&nbsp;&nbsp;&nbsp;_printf_ll_hex
<LI><a href="#[105]">&gt;&gt;</a>&nbsp;&nbsp;&nbsp;_printf_int_hex
</UL>

<P><STRONG><a name="[105]"></a>_printf_int_hex</STRONG> (Thumb, 28 bytes, Stack size 16 bytes, _printf_hex_int_ll_ptr.o(.text))
<BR><BR>[Stack]<UL><LI>Max Depth = 80<LI>Call Chain = _printf_int_hex &rArr; _printf_longlong_hex &rArr; _printf_int_common &rArr; _printf_post_padding
</UL>
<BR>[Calls]<UL><LI><a href="#[12d]">&gt;&gt;</a>&nbsp;&nbsp;&nbsp;_printf_longlong_hex
<LI><a href="#[12b]">&gt;&gt;</a>&nbsp;&nbsp;&nbsp;_printf_truncate_unsigned
</UL>
<BR>[Called By]<UL><LI><a href="#[104]">&gt;&gt;</a>&nbsp;&nbsp;&nbsp;_printf_x
</UL>

<P><STRONG><a name="[10d]"></a>_printf_ll_hex</STRONG> (Thumb, 12 bytes, Stack size 0 bytes, _printf_hex_int_ll_ptr.o(.text))
<BR><BR>[Stack]<UL><LI>Max Depth = 64<LI>Call Chain = _printf_ll_hex &rArr; _printf_longlong_hex &rArr; _printf_int_common &rArr; _printf_post_padding
</UL>
<BR>[Calls]<UL><LI><a href="#[12d]">&gt;&gt;</a>&nbsp;&nbsp;&nbsp;_printf_longlong_hex
</UL>
<BR>[Called By]<UL><LI><a href="#[10c]">&gt;&gt;</a>&nbsp;&nbsp;&nbsp;_printf_llx
</UL>

<P><STRONG><a name="[fd]"></a>_printf_hex_ptr</STRONG> (Thumb, 18 bytes, Stack size 0 bytes, _printf_hex_int_ll_ptr.o(.text))
<BR><BR>[Stack]<UL><LI>Max Depth = 64<LI>Call Chain = _printf_hex_ptr &rArr; _printf_longlong_hex &rArr; _printf_int_common &rArr; _printf_post_padding
</UL>
<BR>[Calls]<UL><LI><a href="#[12d]">&gt;&gt;</a>&nbsp;&nbsp;&nbsp;_printf_longlong_hex
</UL>
<BR>[Called By]<UL><LI><a href="#[fc]">&gt;&gt;</a>&nbsp;&nbsp;&nbsp;_printf_p
</UL>

<P><STRONG><a name="[12e]"></a>__printf</STRONG> (Thumb, 388 bytes, Stack size 40 bytes, __printf_flags_ss_wp.o(.text))
<BR><BR>[Stack]<UL><LI>Max Depth = 40 + Unknown Stack Size
<LI>Call Chain = __printf
</UL>
<BR>[Calls]<UL><LI><a href="#[130]">&gt;&gt;</a>&nbsp;&nbsp;&nbsp;_printf_percent
<LI><a href="#[12f]">&gt;&gt;</a>&nbsp;&nbsp;&nbsp;_is_digit
</UL>
<BR>[Called By]<UL><LI><a href="#[127]">&gt;&gt;</a>&nbsp;&nbsp;&nbsp;_printf_char_common
</UL>

<P><STRONG><a name="[131]"></a>__0sscanf</STRONG> (Thumb, 52 bytes, Stack size 72 bytes, __0sscanf.o(.text))
<BR><BR>[Stack]<UL><LI>Max Depth = 224<LI>Call Chain = __0sscanf &rArr; __vfscanf_char &rArr; __vfscanf &rArr; _scanf_int
</UL>
<BR>[Calls]<UL><LI><a href="#[132]">&gt;&gt;</a>&nbsp;&nbsp;&nbsp;__vfscanf_char
</UL>
<BR>[Called By]<UL><LI><a href="#[1a1]">&gt;&gt;</a>&nbsp;&nbsp;&nbsp;LCD_Init
</UL>

<P><STRONG><a name="[133]"></a>_scanf_int</STRONG> (Thumb, 332 bytes, Stack size 56 bytes, _scanf_int.o(.text))
<BR><BR>[Stack]<UL><LI>Max Depth = 56<LI>Call Chain = _scanf_int
</UL>
<BR>[Calls]<UL><LI><a href="#[134]">&gt;&gt;</a>&nbsp;&nbsp;&nbsp;_chval
</UL>
<BR>[Called By]<UL><LI><a href="#[141]">&gt;&gt;</a>&nbsp;&nbsp;&nbsp;__vfscanf
</UL>

<P><STRONG><a name="[be]"></a>puts</STRONG> (Thumb, 40 bytes, Stack size 8 bytes, puts.o(.text))
<BR><BR>[Stack]<UL><LI>Max Depth = 8<LI>Call Chain = puts
</UL>
<BR>[Calls]<UL><LI><a href="#[3b]">&gt;&gt;</a>&nbsp;&nbsp;&nbsp;fputc
</UL>
<BR>[Called By]<UL><LI><a href="#[1a1]">&gt;&gt;</a>&nbsp;&nbsp;&nbsp;LCD_Init
<LI><a href="#[1aa]">&gt;&gt;</a>&nbsp;&nbsp;&nbsp;MMC_SD_Card_Init
</UL>
<BR>[Address Reference Count : 1]<UL><LI> main.o(.text.main)
</UL>
<P><STRONG><a name="[135]"></a>strtok</STRONG> (Thumb, 6 bytes, Stack size 0 bytes, strtok.o(.text))
<BR><BR>[Stack]<UL><LI>Max Depth = 36<LI>Call Chain = strtok &rArr; __strtok_internal &rArr; strspn
</UL>
<BR>[Calls]<UL><LI><a href="#[136]">&gt;&gt;</a>&nbsp;&nbsp;&nbsp;__strtok_internal
</UL>
<BR>[Called By]<UL><LI><a href="#[54]">&gt;&gt;</a>&nbsp;&nbsp;&nbsp;_cutString
</UL>

<P><STRONG><a name="[1a8]"></a>strchr</STRONG> (Thumb, 20 bytes, Stack size 0 bytes, strchr.o(.text))
<BR><BR>[Called By]<UL><LI><a href="#[1a1]">&gt;&gt;</a>&nbsp;&nbsp;&nbsp;LCD_Init
</UL>

<P><STRONG><a name="[1a7]"></a>strstr</STRONG> (Thumb, 36 bytes, Stack size 12 bytes, strstr.o(.text))
<BR><BR>[Stack]<UL><LI>Max Depth = 12<LI>Call Chain = strstr
</UL>
<BR>[Called By]<UL><LI><a href="#[1a1]">&gt;&gt;</a>&nbsp;&nbsp;&nbsp;LCD_Init
</UL>

<P><STRONG><a name="[286]"></a>strlen</STRONG> (Thumb, 62 bytes, Stack size 8 bytes, strlen.o(.text))
<BR><BR>[Stack]<UL><LI>Max Depth = 8<LI>Call Chain = strlen
</UL>
<BR>[Called By]<UL><LI><a href="#[e8]">&gt;&gt;</a>&nbsp;&nbsp;&nbsp;at_user_AT_LED
<LI><a href="#[70]">&gt;&gt;</a>&nbsp;&nbsp;&nbsp;at_user_sdev_print
<LI><a href="#[54]">&gt;&gt;</a>&nbsp;&nbsp;&nbsp;_cutString
<LI><a href="#[53]">&gt;&gt;</a>&nbsp;&nbsp;&nbsp;_checkString
</UL>

<P><STRONG><a name="[1c4]"></a>__aeabi_memcpy</STRONG> (Thumb, 0 bytes, Stack size 0 bytes, rt_memcpy_v6.o(.text))
<BR><BR>[Called By]<UL><LI><a href="#[33a]">&gt;&gt;</a>&nbsp;&nbsp;&nbsp;lv_draw_rect
<LI><a href="#[1c3]">&gt;&gt;</a>&nbsp;&nbsp;&nbsp;OUTLINED_FUNCTION_0
</UL>

<P><STRONG><a name="[137]"></a>__rt_memcpy</STRONG> (Thumb, 138 bytes, Stack size 0 bytes, rt_memcpy_v6.o(.text), UNUSED)
<BR><BR>[Calls]<UL><LI><a href="#[138]">&gt;&gt;</a>&nbsp;&nbsp;&nbsp;__aeabi_memcpy4
</UL>

<P><STRONG><a name="[5b7]"></a>_memcpy_lastbytes</STRONG> (Thumb, 0 bytes, Stack size unknown bytes, rt_memcpy_v6.o(.text), UNUSED)

<P><STRONG><a name="[138]"></a>__aeabi_memcpy4</STRONG> (Thumb, 0 bytes, Stack size 8 bytes, rt_memcpy_w.o(.text), UNUSED)
<BR><BR>[Called By]<UL><LI><a href="#[137]">&gt;&gt;</a>&nbsp;&nbsp;&nbsp;__rt_memcpy
</UL>

<P><STRONG><a name="[5b8]"></a>__aeabi_memcpy8</STRONG> (Thumb, 0 bytes, Stack size 8 bytes, rt_memcpy_w.o(.text), UNUSED)

<P><STRONG><a name="[5b9]"></a>__rt_memcpy_w</STRONG> (Thumb, 100 bytes, Stack size 8 bytes, rt_memcpy_w.o(.text), UNUSED)

<P><STRONG><a name="[5ba]"></a>_memcpy_lastbytes_aligned</STRONG> (Thumb, 0 bytes, Stack size unknown bytes, rt_memcpy_w.o(.text), UNUSED)

<P><STRONG><a name="[1a5]"></a>__aeabi_memclr4</STRONG> (Thumb, 0 bytes, Stack size unknown bytes, rt_memclr_w.o(.text))
<BR><BR>[Called By]<UL><LI><a href="#[1a1]">&gt;&gt;</a>&nbsp;&nbsp;&nbsp;LCD_Init
<LI><a href="#[4b]">&gt;&gt;</a>&nbsp;&nbsp;&nbsp;_at_printf
<LI><a href="#[8b]">&gt;&gt;</a>&nbsp;&nbsp;&nbsp;_lv_display_refr_timer
<LI><a href="#[331]">&gt;&gt;</a>&nbsp;&nbsp;&nbsp;lv_draw_sw_arc
<LI><a href="#[329]">&gt;&gt;</a>&nbsp;&nbsp;&nbsp;lv_draw_sw_fill
<LI><a href="#[89]">&gt;&gt;</a>&nbsp;&nbsp;&nbsp;cache_invalidate_cb
<LI><a href="#[352]">&gt;&gt;</a>&nbsp;&nbsp;&nbsp;find_track_end
<LI><a href="#[c9]">&gt;&gt;</a>&nbsp;&nbsp;&nbsp;lv_bar_constructor
</UL>

<P><STRONG><a name="[5bb]"></a>__aeabi_memclr8</STRONG> (Thumb, 0 bytes, Stack size unknown bytes, rt_memclr_w.o(.text), UNUSED)

<P><STRONG><a name="[5bc]"></a>__rt_memclr_w</STRONG> (Thumb, 0 bytes, Stack size unknown bytes, rt_memclr_w.o(.text), UNUSED)

<P><STRONG><a name="[5bd]"></a>_memset_w</STRONG> (Thumb, 74 bytes, Stack size 4 bytes, rt_memclr_w.o(.text), UNUSED)

<P><STRONG><a name="[5be]"></a>__use_two_region_memory</STRONG> (Thumb, 2 bytes, Stack size 0 bytes, heapauxi.o(.text), UNUSED)

<P><STRONG><a name="[5bf]"></a>__rt_heap_escrow$2region</STRONG> (Thumb, 2 bytes, Stack size 0 bytes, heapauxi.o(.text), UNUSED)

<P><STRONG><a name="[5c0]"></a>__rt_heap_expand$2region</STRONG> (Thumb, 2 bytes, Stack size 0 bytes, heapauxi.o(.text), UNUSED)

<P><STRONG><a name="[12a]"></a>_printf_truncate_signed</STRONG> (Thumb, 18 bytes, Stack size 0 bytes, _printf_truncate.o(.text))
<BR><BR>[Called By]<UL><LI><a href="#[ff]">&gt;&gt;</a>&nbsp;&nbsp;&nbsp;_printf_int_dec
</UL>

<P><STRONG><a name="[12b]"></a>_printf_truncate_unsigned</STRONG> (Thumb, 18 bytes, Stack size 0 bytes, _printf_truncate.o(.text))
<BR><BR>[Called By]<UL><LI><a href="#[105]">&gt;&gt;</a>&nbsp;&nbsp;&nbsp;_printf_int_hex
<LI><a href="#[ff]">&gt;&gt;</a>&nbsp;&nbsp;&nbsp;_printf_int_dec
<LI><a href="#[103]">&gt;&gt;</a>&nbsp;&nbsp;&nbsp;_printf_int_oct
</UL>

<P><STRONG><a name="[139]"></a>_printf_str</STRONG> (Thumb, 82 bytes, Stack size 16 bytes, _printf_str.o(.text))
<BR><BR>[Stack]<UL><LI>Max Depth = 32<LI>Call Chain = _printf_str &rArr; _printf_post_padding
</UL>
<BR>[Calls]<UL><LI><a href="#[13b]">&gt;&gt;</a>&nbsp;&nbsp;&nbsp;_printf_post_padding
<LI><a href="#[13a]">&gt;&gt;</a>&nbsp;&nbsp;&nbsp;_printf_pre_padding
</UL>
<BR>[Called By]<UL><LI><a href="#[145]">&gt;&gt;</a>&nbsp;&nbsp;&nbsp;_printf_cs_common
</UL>

<P><STRONG><a name="[12c]"></a>_printf_int_common</STRONG> (Thumb, 178 bytes, Stack size 32 bytes, _printf_intcommon.o(.text))
<BR><BR>[Stack]<UL><LI>Max Depth = 48<LI>Call Chain = _printf_int_common &rArr; _printf_post_padding
</UL>
<BR>[Calls]<UL><LI><a href="#[13b]">&gt;&gt;</a>&nbsp;&nbsp;&nbsp;_printf_post_padding
<LI><a href="#[13a]">&gt;&gt;</a>&nbsp;&nbsp;&nbsp;_printf_pre_padding
</UL>
<BR>[Called By]<UL><LI><a href="#[12d]">&gt;&gt;</a>&nbsp;&nbsp;&nbsp;_printf_longlong_hex
<LI><a href="#[ff]">&gt;&gt;</a>&nbsp;&nbsp;&nbsp;_printf_int_dec
<LI><a href="#[140]">&gt;&gt;</a>&nbsp;&nbsp;&nbsp;_printf_longlong_oct
<LI><a href="#[107]">&gt;&gt;</a>&nbsp;&nbsp;&nbsp;_printf_longlong_dec
</UL>

<P><STRONG><a name="[fb]"></a>_printf_charcount</STRONG> (Thumb, 40 bytes, Stack size 0 bytes, _printf_charcount.o(.text))
<BR><BR>[Called By]<UL><LI><a href="#[fa]">&gt;&gt;</a>&nbsp;&nbsp;&nbsp;_printf_n
</UL>

<P><STRONG><a name="[127]"></a>_printf_char_common</STRONG> (Thumb, 32 bytes, Stack size 64 bytes, _printf_char_common.o(.text))
[...]
<LI><a href="#[33d]">&gt;&gt;</a>&nbsp;&nbsp;&nbsp;lv_obj_init_draw_label_dsc
<LI><a href="#[1fd]">&gt;&gt;</a>&nbsp;&nbsp;&nbsp;lv_draw_label
<LI><a href="#[33c]">&gt;&gt;</a>&nbsp;&nbsp;&nbsp;lv_draw_label_dsc_init
<LI><a href="#[229]">&gt;&gt;</a>&nbsp;&nbsp;&nbsp;OUTLINED_FUNCTION_2
<LI><a href="#[531]">&gt;&gt;</a>&nbsp;&nbsp;&nbsp;refr_position
<LI><a href="#[381]">&gt;&gt;</a>&nbsp;&nbsp;&nbsp;get_selected_label_width
<LI><a href="#[37d]">&gt;&gt;</a>&nbsp;&nbsp;&nbsp;get_sel_area
<LI><a href="#[1da]">&gt;&gt;</a>&nbsp;&nbsp;&nbsp;OUTLINED_FUNCTION_0
</UL>
<BR>[Address Reference Count : 1]<UL><LI> lv_roller.o(.rodata.lv_roller_label_class)
</UL>
<P><STRONG><a name="[229]"></a>OUTLINED_FUNCTION_2</STRONG> (Thumb, 10 bytes, Stack size 0 bytes, lv_roller.o(.text.OUTLINED_FUNCTION_2))
<BR><BR>[Calls]<UL><LI><a href="#[22a]">&gt;&gt;</a>&nbsp;&nbsp;&nbsp;lv_label_get_text
</UL>
<BR>[Called By]<UL><LI><a href="#[e0]">&gt;&gt;</a>&nbsp;&nbsp;&nbsp;lv_roller_label_event
</UL>

<P><STRONG><a name="[382]"></a>lv_obj_get_style_text_letter_space</STRONG> (Thumb, 6 bytes, Stack size 0 bytes, lv_roller.o(.text.lv_obj_get_style_text_letter_space))
<BR><BR>[Stack]<UL><LI>Max Depth = 88<LI>Call Chain = lv_obj_get_style_text_letter_space &rArr; lv_obj_get_style_prop &rArr; get_prop_core &rArr; lv_style_get_prop_inlined
</UL>
<BR>[Calls]<UL><LI><a href="#[7c]">&gt;&gt;</a>&nbsp;&nbsp;&nbsp;lv_obj_get_style_prop
</UL>
<BR>[Called By]<UL><LI><a href="#[52d]">&gt;&gt;</a>&nbsp;&nbsp;&nbsp;lv_roller_set_options
<LI><a href="#[381]">&gt;&gt;</a>&nbsp;&nbsp;&nbsp;get_selected_label_width
</UL>

<P><STRONG><a name="[3a2]"></a>inf_normalize</STRONG> (Thumb, 118 bytes, Stack size 24 bytes, lv_roller.o(.text.inf_normalize))
<BR><BR>[Stack]<UL><LI>Max Depth = 352<LI>Call Chain = inf_normalize &rArr; lv_obj_set_y &rArr; lv_obj_set_style_y &rArr; lv_obj_set_local_style_prop &rArr; lv_obj_refresh_style &rArr; lv_obj_refresh_ext_draw_size &rArr; lv_obj_invalidate &rArr; lv_obj_invalidate_area &rArr; _lv_inv_area &rArr; _lv_area_is_in &rArr; OUTLINED_FUNCTION_0 &rArr; _lv_area_is_point_on &rArr;  _lv_area_is_point_on (Cycle)
</UL>
<BR>[Calls]<UL><LI><a href="#[35a]">&gt;&gt;</a>&nbsp;&nbsp;&nbsp;lv_obj_get_content_height
<LI><a href="#[3a3]">&gt;&gt;</a>&nbsp;&nbsp;&nbsp;lv_obj_set_y
<LI><a href="#[37f]">&gt;&gt;</a>&nbsp;&nbsp;&nbsp;lv_obj_get_style_text_line_space
<LI><a href="#[37e]">&gt;&gt;</a>&nbsp;&nbsp;&nbsp;lv_obj_get_style_text_font
<LI><a href="#[377]">&gt;&gt;</a>&nbsp;&nbsp;&nbsp;get_label
</UL>
<BR>[Called By]<UL><LI><a href="#[52d]">&gt;&gt;</a>&nbsp;&nbsp;&nbsp;lv_roller_set_options
<LI><a href="#[c0]">&gt;&gt;</a>&nbsp;&nbsp;&nbsp;scroll_anim_ready_cb
<LI><a href="#[531]">&gt;&gt;</a>&nbsp;&nbsp;&nbsp;refr_position
</UL>

<P><STRONG><a name="[c0]"></a>scroll_anim_ready_cb</STRONG> (Thumb, 16 bytes, Stack size 8 bytes, lv_roller.o(.text.scroll_anim_ready_cb))
<BR><BR>[Stack]<UL><LI>Max Depth = 360<LI>Call Chain = scroll_anim_ready_cb &rArr; inf_normalize &rArr; lv_obj_set_y &rArr; lv_obj_set_style_y &rArr; lv_obj_set_local_style_prop &rArr; lv_obj_refresh_style &rArr; lv_obj_refresh_ext_draw_size &rArr; lv_obj_invalidate &rArr; lv_obj_invalidate_area &rArr; _lv_inv_area &rArr; _lv_area_is_in &rArr; OUTLINED_FUNCTION_0 &rArr; _lv_area_is_point_on &rArr;  _lv_area_is_point_on (Cycle)
</UL>
<BR>[Calls]<UL><LI><a href="#[20d]">&gt;&gt;</a>&nbsp;&nbsp;&nbsp;lv_obj_get_parent
<LI><a href="#[3a2]">&gt;&gt;</a>&nbsp;&nbsp;&nbsp;inf_normalize
</UL>
<BR>[Address Reference Count : 1]<UL><LI> lv_roller.o(.text.refr_position)
</UL>
<P><STRONG><a name="[e1]"></a>lv_slider_constructor</STRONG> (Thumb, 92 bytes, Stack size 8 bytes, lv_slider.o(.text.lv_slider_constructor))
<BR><BR>[Stack]<UL><LI>Max Depth = 320<LI>Call Chain = lv_slider_constructor &rArr; lv_obj_remove_flag &rArr; lv_obj_get_scrollbar_area &rArr; lv_obj_get_scroll_bottom &rArr; lv_obj_get_style_space_bottom &rArr; OUTLINED_FUNCTION_3 &rArr; lv_obj_get_style_border_side &rArr; lv_obj_get_style_prop &rArr; get_prop_core &rArr; lv_style_get_prop_inlined
</UL>
<BR>[Calls]<UL><LI><a href="#[3b3]">&gt;&gt;</a>&nbsp;&nbsp;&nbsp;lv_obj_remove_flag
<LI><a href="#[3b2]">&gt;&gt;</a>&nbsp;&nbsp;&nbsp;lv_obj_add_flag
<LI><a href="#[1e4]">&gt;&gt;</a>&nbsp;&nbsp;&nbsp;lv_display_get_dpi
<LI><a href="#[3b4]">&gt;&gt;</a>&nbsp;&nbsp;&nbsp;lv_obj_set_ext_click_area
</UL>
<BR>[Address Reference Count : 1]<UL><LI> lv_slider.o(.rodata.lv_slider_class)
</UL>
<P><STRONG><a name="[e2]"></a>lv_slider_event</STRONG> (Thumb, 1064 bytes, Stack size 280 bytes, lv_slider.o(.text.lv_slider_event))
<BR><BR>[Stack]<UL><LI>Max Depth = 648<LI>Call Chain = lv_slider_event &rArr; update_knob_pos &rArr; lv_obj_remove_flag &rArr; lv_obj_get_scrollbar_area &rArr; lv_obj_get_scroll_bottom &rArr; lv_obj_get_style_space_bottom &rArr; OUTLINED_FUNCTION_3 &rArr; lv_obj_get_style_border_side &rArr; lv_obj_get_style_prop &rArr; get_prop_core &rArr; lv_style_get_prop_inlined
</UL>
<BR>[Calls]<UL><LI><a href="#[231]">&gt;&gt;</a>&nbsp;&nbsp;&nbsp;lv_event_get_param
<LI><a href="#[50b]">&gt;&gt;</a>&nbsp;&nbsp;&nbsp;lv_obj_refresh_ext_draw_size
<LI><a href="#[3b3]">&gt;&gt;</a>&nbsp;&nbsp;&nbsp;lv_obj_remove_flag
<LI><a href="#[3b2]">&gt;&gt;</a>&nbsp;&nbsp;&nbsp;lv_obj_add_flag
<LI><a href="#[2bc]">&gt;&gt;</a>&nbsp;&nbsp;&nbsp;lv_obj_get_height
<LI><a href="#[33a]">&gt;&gt;</a>&nbsp;&nbsp;&nbsp;lv_draw_rect
<LI><a href="#[2f7]">&gt;&gt;</a>&nbsp;&nbsp;&nbsp;lv_indev_active
<LI><a href="#[3aa]">&gt;&gt;</a>&nbsp;&nbsp;&nbsp;lv_area_increase
<LI><a href="#[339]">&gt;&gt;</a>&nbsp;&nbsp;&nbsp;lv_obj_init_draw_rect_dsc
<LI><a href="#[338]">&gt;&gt;</a>&nbsp;&nbsp;&nbsp;lv_draw_rect_dsc_init
<LI><a href="#[3ba]">&gt;&gt;</a>&nbsp;&nbsp;&nbsp;lv_event_get_layer
<LI><a href="#[3ca]">&gt;&gt;</a>&nbsp;&nbsp;&nbsp;lv_obj_calculate_ext_draw_size
<LI><a href="#[2bb]">&gt;&gt;</a>&nbsp;&nbsp;&nbsp;lv_obj_get_width
<LI><a href="#[1db]">&gt;&gt;</a>&nbsp;&nbsp;&nbsp;lv_event_get_target
<LI><a href="#[324]">&gt;&gt;</a>&nbsp;&nbsp;&nbsp;lv_event_get_code
<LI><a href="#[3b7]">&gt;&gt;</a>&nbsp;&nbsp;&nbsp;lv_group_get_editing
<LI><a href="#[a8]">&gt;&gt;</a>&nbsp;&nbsp;&nbsp;lv_obj_send_event
<LI><a href="#[1b7]">&gt;&gt;</a>&nbsp;&nbsp;&nbsp;lv_obj_invalidate
<LI><a href="#[2fd]">&gt;&gt;</a>&nbsp;&nbsp;&nbsp;lv_group_set_editing
<LI><a href="#[2fc]">&gt;&gt;</a>&nbsp;&nbsp;&nbsp;lv_obj_get_group
<LI><a href="#[2fb]">&gt;&gt;</a>&nbsp;&nbsp;&nbsp;lv_indev_get_type
<LI><a href="#[1ce]">&gt;&gt;</a>&nbsp;&nbsp;&nbsp;_lv_area_is_point_on
<LI><a href="#[a7]">&gt;&gt;</a>&nbsp;&nbsp;&nbsp;lv_obj_transform_point
<LI><a href="#[3b5]">&gt;&gt;</a>&nbsp;&nbsp;&nbsp;lv_obj_event_base
<LI><a href="#[261]">&gt;&gt;</a>&nbsp;&nbsp;&nbsp;lv_memcpy
<LI><a href="#[3b8]">&gt;&gt;</a>&nbsp;&nbsp;&nbsp;lv_indev_get_point
<LI><a href="#[535]">&gt;&gt;</a>&nbsp;&nbsp;&nbsp;lv_bar_get_value
<LI><a href="#[539]">&gt;&gt;</a>&nbsp;&nbsp;&nbsp;lv_slider_set_left_value
<LI><a href="#[537]">&gt;&gt;</a>&nbsp;&nbsp;&nbsp;lv_slider_set_value
<LI><a href="#[240]">&gt;&gt;</a>&nbsp;&nbsp;&nbsp;OUTLINED_FUNCTION_3
<LI><a href="#[1dc]">&gt;&gt;</a>&nbsp;&nbsp;&nbsp;OUTLINED_FUNCTION_0
<LI><a href="#[4e9]">&gt;&gt;</a>&nbsp;&nbsp;&nbsp;lv_obj_get_style_base_dir
<LI><a href="#[4f8]">&gt;&gt;</a>&nbsp;&nbsp;&nbsp;lv_obj_get_style_transform_height
<LI><a href="#[4f9]">&gt;&gt;</a>&nbsp;&nbsp;&nbsp;lv_obj_get_style_transform_width
<LI><a href="#[4f2]">&gt;&gt;</a>&nbsp;&nbsp;&nbsp;lv_obj_get_style_pad_bottom
<LI><a href="#[4f5]">&gt;&gt;</a>&nbsp;&nbsp;&nbsp;lv_obj_get_style_pad_top
<LI><a href="#[4f4]">&gt;&gt;</a>&nbsp;&nbsp;&nbsp;lv_obj_get_style_pad_right
<LI><a href="#[4f3]">&gt;&gt;</a>&nbsp;&nbsp;&nbsp;lv_obj_get_style_pad_left
<LI><a href="#[536]">&gt;&gt;</a>&nbsp;&nbsp;&nbsp;OUTLINED_FUNCTION_2
<LI><a href="#[1dd]">&gt;&gt;</a>&nbsp;&nbsp;&nbsp;is_slider_horizontal
<LI><a href="#[534]">&gt;&gt;</a>&nbsp;&nbsp;&nbsp;update_knob_pos
<LI><a href="#[533]">&gt;&gt;</a>&nbsp;&nbsp;&nbsp;lv_slider_get_mode
<LI><a href="#[538]">&gt;&gt;</a>&nbsp;&nbsp;&nbsp;lv_bar_get_start_value
<LI><a href="#[3cf]">&gt;&gt;</a>&nbsp;&nbsp;&nbsp;lv_bar_is_symmetrical
</UL>
<BR>[Address Reference Count : 1]<UL><LI> lv_slider.o(.rodata.lv_slider_class)
</UL>
<P><STRONG><a name="[533]"></a>lv_slider_get_mode</STRONG> (Thumb, 22 bytes, Stack size 8 bytes, lv_slider.o(.text.lv_slider_get_mode))
<BR><BR>[Stack]<UL><LI>Max Depth = 8<LI>Call Chain = lv_slider_get_mode
</UL>
<BR>[Calls]<UL><LI><a href="#[53a]">&gt;&gt;</a>&nbsp;&nbsp;&nbsp;lv_bar_get_mode
</UL>
<BR>[Called By]<UL><LI><a href="#[534]">&gt;&gt;</a>&nbsp;&nbsp;&nbsp;update_knob_pos
<LI><a href="#[e2]">&gt;&gt;</a>&nbsp;&nbsp;&nbsp;lv_slider_event
</UL>

<P><STRONG><a name="[534]"></a>update_knob_pos</STRONG> (Thumb, 622 bytes, Stack size 56 bytes, lv_slider.o(.text.update_knob_pos))
<BR><BR>[Stack]<UL><LI>Max Depth = 368<LI>Call Chain = update_knob_pos &rArr; lv_obj_remove_flag &rArr; lv_obj_get_scrollbar_area &rArr; lv_obj_get_scroll_bottom &rArr; lv_obj_get_style_space_bottom &rArr; OUTLINED_FUNCTION_3 &rArr; lv_obj_get_style_border_side &rArr; lv_obj_get_style_prop &rArr; get_prop_core &rArr; lv_style_get_prop_inlined
</UL>
<BR>[Calls]<UL><LI><a href="#[3b3]">&gt;&gt;</a>&nbsp;&nbsp;&nbsp;lv_obj_remove_flag
<LI><a href="#[2bc]">&gt;&gt;</a>&nbsp;&nbsp;&nbsp;lv_obj_get_height
<LI><a href="#[2f7]">&gt;&gt;</a>&nbsp;&nbsp;&nbsp;lv_indev_active
<LI><a href="#[2bb]">&gt;&gt;</a>&nbsp;&nbsp;&nbsp;lv_obj_get_width
<LI><a href="#[2f8]">&gt;&gt;</a>&nbsp;&nbsp;&nbsp;lv_indev_get_scroll_obj
<LI><a href="#[a8]">&gt;&gt;</a>&nbsp;&nbsp;&nbsp;lv_obj_send_event
<LI><a href="#[1b7]">&gt;&gt;</a>&nbsp;&nbsp;&nbsp;lv_obj_invalidate
<LI><a href="#[2fb]">&gt;&gt;</a>&nbsp;&nbsp;&nbsp;lv_indev_get_type
<LI><a href="#[3b8]">&gt;&gt;</a>&nbsp;&nbsp;&nbsp;lv_indev_get_point
<LI><a href="#[1fa]">&gt;&gt;</a>&nbsp;&nbsp;&nbsp;OUTLINED_FUNCTION_1
<LI><a href="#[1dc]">&gt;&gt;</a>&nbsp;&nbsp;&nbsp;OUTLINED_FUNCTION_0
<LI><a href="#[4e9]">&gt;&gt;</a>&nbsp;&nbsp;&nbsp;lv_obj_get_style_base_dir
<LI><a href="#[4f2]">&gt;&gt;</a>&nbsp;&nbsp;&nbsp;lv_obj_get_style_pad_bottom
<LI><a href="#[4f5]">&gt;&gt;</a>&nbsp;&nbsp;&nbsp;lv_obj_get_style_pad_top
<LI><a href="#[4f4]">&gt;&gt;</a>&nbsp;&nbsp;&nbsp;lv_obj_get_style_pad_right
<LI><a href="#[4f3]">&gt;&gt;</a>&nbsp;&nbsp;&nbsp;lv_obj_get_style_pad_left
<LI><a href="#[1dd]">&gt;&gt;</a>&nbsp;&nbsp;&nbsp;is_slider_horizontal
<LI><a href="#[533]">&gt;&gt;</a>&nbsp;&nbsp;&nbsp;lv_slider_get_mode
</UL>
<BR>[Called By]<UL><LI><a href="#[e2]">&gt;&gt;</a>&nbsp;&nbsp;&nbsp;lv_slider_event
</UL>

<P><STRONG><a name="[1dd]"></a>is_slider_horizontal</STRONG> (Thumb, 28 bytes, Stack size 16 bytes, lv_slider.o(.text.is_slider_horizontal))
<BR><BR>[Stack]<UL><LI>Max Depth = 16<LI>Call Chain = is_slider_horizontal
</UL>
<BR>[Calls]<UL><LI><a href="#[2bc]">&gt;&gt;</a>&nbsp;&nbsp;&nbsp;lv_obj_get_height
<LI><a href="#[2bb]">&gt;&gt;</a>&nbsp;&nbsp;&nbsp;lv_obj_get_width
</UL>
<BR>[Called By]<UL><LI><a href="#[1dc]">&gt;&gt;</a>&nbsp;&nbsp;&nbsp;OUTLINED_FUNCTION_0
<LI><a href="#[534]">&gt;&gt;</a>&nbsp;&nbsp;&nbsp;update_knob_pos
<LI><a href="#[e2]">&gt;&gt;</a>&nbsp;&nbsp;&nbsp;lv_slider_event
</UL>

<P><STRONG><a name="[536]"></a>OUTLINED_FUNCTION_2</STRONG> (Thumb, 8 bytes, Stack size 0 bytes, lv_slider.o(.text.OUTLINED_FUNCTION_2))
<BR><BR>[Called By]<UL><LI><a href="#[e2]">&gt;&gt;</a>&nbsp;&nbsp;&nbsp;lv_slider_event
</UL>

<P><STRONG><a name="[4f3]"></a>lv_obj_get_style_pad_left</STRONG> (Thumb, 6 bytes, Stack size 0 bytes, lv_slider.o(.text.lv_obj_get_style_pad_left))
<BR><BR>[Stack]<UL><LI>Max Depth = 88<LI>Call Chain = lv_obj_get_style_pad_left &rArr; lv_obj_get_style_prop &rArr; get_prop_core &rArr; lv_style_get_prop_inlined
</UL>
<BR>[Calls]<UL><LI><a href="#[7c]">&gt;&gt;</a>&nbsp;&nbsp;&nbsp;lv_obj_get_style_prop
</UL>
<BR>[Called By]<UL><LI><a href="#[241]">&gt;&gt;</a>&nbsp;&nbsp;&nbsp;position_knob
<LI><a href="#[534]">&gt;&gt;</a>&nbsp;&nbsp;&nbsp;update_knob_pos
<LI><a href="#[e2]">&gt;&gt;</a>&nbsp;&nbsp;&nbsp;lv_slider_event
</UL>

<P><STRONG><a name="[4f4]"></a>lv_obj_get_style_pad_right</STRONG> (Thumb, 6 bytes, Stack size 0 bytes, lv_slider.o(.text.lv_obj_get_style_pad_right))
<BR><BR>[Stack]<UL><LI>Max Depth = 88<LI>Call Chain = lv_obj_get_style_pad_right &rArr; lv_obj_get_style_prop &rArr; get_prop_core &rArr; lv_style_get_prop_inlined
</UL>
<BR>[Calls]<UL><LI><a href="#[7c]">&gt;&gt;</a>&nbsp;&nbsp;&nbsp;lv_obj_get_style_prop
</UL>
<BR>[Called By]<UL><LI><a href="#[241]">&gt;&gt;</a>&nbsp;&nbsp;&nbsp;position_knob
<LI><a href="#[534]">&gt;&gt;</a>&nbsp;&nbsp;&nbsp;update_knob_pos
<LI><a href="#[e2]">&gt;&gt;</a>&nbsp;&nbsp;&nbsp;lv_slider_event
</UL>

<P><STRONG><a name="[4f5]"></a>lv_obj_get_style_pad_top</STRONG> (Thumb, 6 bytes, Stack size 0 bytes, lv_slider.o(.text.lv_obj_get_style_pad_top))
<BR><BR>[Stack]<UL><LI>Max Depth = 88<LI>Call Chain = lv_obj_get_style_pad_top &rArr; lv_obj_get_style_prop &rArr; get_prop_core &rArr; lv_style_get_prop_inlined
</UL>
<BR>[Calls]<UL><LI><a href="#[7c]">&gt;&gt;</a>&nbsp;&nbsp;&nbsp;lv_obj_get_style_prop
</UL>
<BR>[Called By]<UL><LI><a href="#[241]">&gt;&gt;</a>&nbsp;&nbsp;&nbsp;position_knob
<LI><a href="#[534]">&gt;&gt;</a>&nbsp;&nbsp;&nbsp;update_knob_pos
<LI><a href="#[e2]">&gt;&gt;</a>&nbsp;&nbsp;&nbsp;lv_slider_event
</UL>

<P><STRONG><a name="[4f2]"></a>lv_obj_get_style_pad_bottom</STRONG> (Thumb, 6 bytes, Stack size 0 bytes, lv_slider.o(.text.lv_obj_get_style_pad_bottom))
<BR><BR>[Stack]<UL><LI>Max Depth = 88<LI>Call Chain = lv_obj_get_style_pad_bottom &rArr; lv_obj_get_style_prop &rArr; get_prop_core &rArr; lv_style_get_prop_inlined
</UL>
<BR>[Calls]<UL><LI><a href="#[7c]">&gt;&gt;</a>&nbsp;&nbsp;&nbsp;lv_obj_get_style_prop
</UL>
<BR>[Called By]<UL><LI><a href="#[241]">&gt;&gt;</a>&nbsp;&nbsp;&nbsp;position_knob
<LI><a href="#[534]">&gt;&gt;</a>&nbsp;&nbsp;&nbsp;update_knob_pos
<LI><a href="#[e2]">&gt;&gt;</a>&nbsp;&nbsp;&nbsp;lv_slider_event
</UL>

<P><STRONG><a name="[4f9]"></a>lv_obj_get_style_transform_width</STRONG> (Thumb, 10 bytes, Stack size 0 bytes, lv_slider.o(.text.lv_obj_get_style_transform_width))
<BR><BR>[Stack]<UL><LI>Max Depth = 88<LI>Call Chain = lv_obj_get_style_transform_width &rArr; lv_obj_get_style_prop &rArr; get_prop_core &rArr; lv_style_get_prop_inlined
</UL>
<BR>[Calls]<UL><LI><a href="#[7c]">&gt;&gt;</a>&nbsp;&nbsp;&nbsp;lv_obj_get_style_prop
</UL>
<BR>[Called By]<UL><LI><a href="#[241]">&gt;&gt;</a>&nbsp;&nbsp;&nbsp;position_knob
<LI><a href="#[e2]">&gt;&gt;</a>&nbsp;&nbsp;&nbsp;lv_slider_event
</UL>

<P><STRONG><a name="[4f8]"></a>lv_obj_get_style_transform_height</STRONG> (Thumb, 10 bytes, Stack size 0 bytes, lv_slider.o(.text.lv_obj_get_style_transform_height))
<BR><BR>[Stack]<UL><LI>Max Depth = 88<LI>Call Chain = lv_obj_get_style_transform_height &rArr; lv_obj_get_style_prop &rArr; get_prop_core &rArr; lv_style_get_prop_inlined
</UL>
<BR>[Calls]<UL><LI><a href="#[7c]">&gt;&gt;</a>&nbsp;&nbsp;&nbsp;lv_obj_get_style_prop
</UL>
<BR>[Called By]<UL><LI><a href="#[241]">&gt;&gt;</a>&nbsp;&nbsp;&nbsp;position_knob
<LI><a href="#[e2]">&gt;&gt;</a>&nbsp;&nbsp;&nbsp;lv_slider_event
</UL>

<P><STRONG><a name="[4e9]"></a>lv_obj_get_style_base_dir</STRONG> (Thumb, 14 bytes, Stack size 8 bytes, lv_slider.o(.text.lv_obj_get_style_base_dir))
<BR><BR>[Stack]<UL><LI>Max Depth = 96<LI>Call Chain = lv_obj_get_style_base_dir &rArr; lv_obj_get_style_prop &rArr; get_prop_core &rArr; lv_style_get_prop_inlined
</UL>
<BR>[Calls]<UL><LI><a href="#[7c]">&gt;&gt;</a>&nbsp;&nbsp;&nbsp;lv_obj_get_style_prop
</UL>
<BR>[Called By]<UL><LI><a href="#[534]">&gt;&gt;</a>&nbsp;&nbsp;&nbsp;update_knob_pos
<LI><a href="#[e2]">&gt;&gt;</a>&nbsp;&nbsp;&nbsp;lv_slider_event
</UL>

<P><STRONG><a name="[1dc]"></a>OUTLINED_FUNCTION_0</STRONG> (Thumb, 14 bytes, Stack size 0 bytes, lv_slider.o(.text.OUTLINED_FUNCTION_0))
<BR><BR>[Stack]<UL><LI>Max Depth = 16<LI>Call Chain = OUTLINED_FUNCTION_0 &rArr; is_slider_horizontal
</UL>
<BR>[Calls]<UL><LI><a href="#[1dd]">&gt;&gt;</a>&nbsp;&nbsp;&nbsp;is_slider_horizontal
</UL>
<BR>[Called By]<UL><LI><a href="#[534]">&gt;&gt;</a>&nbsp;&nbsp;&nbsp;update_knob_pos
<LI><a href="#[e2]">&gt;&gt;</a>&nbsp;&nbsp;&nbsp;lv_slider_event
</UL>

<P><STRONG><a name="[240]"></a>OUTLINED_FUNCTION_3</STRONG> (Thumb, 10 bytes, Stack size 0 bytes, lv_slider.o(.text.OUTLINED_FUNCTION_3))
<BR><BR>[Stack]<UL><LI>Max Depth = 128<LI>Call Chain = OUTLINED_FUNCTION_3 &rArr; position_knob &rArr; lv_obj_get_style_transform_height &rArr; lv_obj_get_style_prop &rArr; get_prop_core &rArr; lv_style_get_prop_inlined
</UL>
<BR>[Calls]<UL><LI><a href="#[241]">&gt;&gt;</a>&nbsp;&nbsp;&nbsp;position_knob
</UL>
<BR>[Called By]<UL><LI><a href="#[e2]">&gt;&gt;</a>&nbsp;&nbsp;&nbsp;lv_slider_event
</UL>

<P><STRONG><a name="[537]"></a>lv_slider_set_value</STRONG> (Thumb, 6 bytes, Stack size 0 bytes, lv_slider.o(.text.lv_slider_set_value))
<BR><BR>[Stack]<UL><LI>Max Depth = 352<LI>Call Chain = lv_slider_set_value &rArr; lv_bar_set_value &rArr; lv_bar_set_value_with_anim &rArr; lv_obj_invalidate &rArr; lv_obj_invalidate_area &rArr; _lv_inv_area &rArr; _lv_area_is_in &rArr; OUTLINED_FUNCTION_0 &rArr; _lv_area_is_point_on &rArr;  _lv_area_is_point_on (Cycle)
</UL>
<BR>[Calls]<UL><LI><a href="#[3c9]">&gt;&gt;</a>&nbsp;&nbsp;&nbsp;lv_bar_set_value
</UL>
<BR>[Called By]<UL><LI><a href="#[e2]">&gt;&gt;</a>&nbsp;&nbsp;&nbsp;lv_slider_event
</UL>

<P><STRONG><a name="[539]"></a>lv_slider_set_left_value</STRONG> (Thumb, 6 bytes, Stack size 0 bytes, lv_slider.o(.text.lv_slider_set_left_value))
<BR><BR>[Stack]<UL><LI>Max Depth = 352<LI>Call Chain = lv_slider_set_left_value &rArr; lv_bar_set_start_value &rArr; lv_bar_set_value_with_anim &rArr; lv_obj_invalidate &rArr; lv_obj_invalidate_area &rArr; _lv_inv_area &rArr; _lv_area_is_in &rArr; OUTLINED_FUNCTION_0 &rArr; _lv_area_is_point_on &rArr;  _lv_area_is_point_on (Cycle)
</UL>
<BR>[Calls]<UL><LI><a href="#[3d5]">&gt;&gt;</a>&nbsp;&nbsp;&nbsp;lv_bar_set_start_value
</UL>
<BR>[Called By]<UL><LI><a href="#[e2]">&gt;&gt;</a>&nbsp;&nbsp;&nbsp;lv_slider_event
</UL>

<P><STRONG><a name="[1fa]"></a>OUTLINED_FUNCTION_1</STRONG> (Thumb, 12 bytes, Stack size 0 bytes, lv_slider.o(.text.OUTLINED_FUNCTION_1))
<BR><BR>[Stack]<UL><LI>Max Depth = 160<LI>Call Chain = OUTLINED_FUNCTION_1 &rArr; lv_obj_transform_point &rArr;  lv_obj_transform_point (Cycle)
</UL>
<BR>[Calls]<UL><LI><a href="#[a7]">&gt;&gt;</a>&nbsp;&nbsp;&nbsp;lv_obj_transform_point
</UL>
<BR>[Called By]<UL><LI><a href="#[534]">&gt;&gt;</a>&nbsp;&nbsp;&nbsp;update_knob_pos
</UL>

<P><STRONG><a name="[241]"></a>position_knob</STRONG> (Thumb, 150 bytes, Stack size 40 bytes, lv_slider.o(.text.position_knob))
<BR><BR>[Stack]<UL><LI>Max Depth = 128<LI>Call Chain = position_knob &rArr; lv_obj_get_style_transform_height &rArr; lv_obj_get_style_prop &rArr; get_prop_core &rArr; lv_style_get_prop_inlined
</UL>
<BR>[Calls]<UL><LI><a href="#[4f8]">&gt;&gt;</a>&nbsp;&nbsp;&nbsp;lv_obj_get_style_transform_height
<LI><a href="#[4f9]">&gt;&gt;</a>&nbsp;&nbsp;&nbsp;lv_obj_get_style_transform_width
<LI><a href="#[4f2]">&gt;&gt;</a>&nbsp;&nbsp;&nbsp;lv_obj_get_style_pad_bottom
<LI><a href="#[4f5]">&gt;&gt;</a>&nbsp;&nbsp;&nbsp;lv_obj_get_style_pad_top
<LI><a href="#[4f4]">&gt;&gt;</a>&nbsp;&nbsp;&nbsp;lv_obj_get_style_pad_right
<LI><a href="#[4f3]">&gt;&gt;</a>&nbsp;&nbsp;&nbsp;lv_obj_get_style_pad_left
</UL>
<BR>[Called By]<UL><LI><a href="#[240]">&gt;&gt;</a>&nbsp;&nbsp;&nbsp;OUTLINED_FUNCTION_3
</UL>

<P><STRONG><a name="[3a]"></a>_printf_input_char</STRONG> (Thumb, 10 bytes, Stack size 0 bytes, _printf_char_common.o(.text))
<BR>[Address Reference Count : 1]<UL><LI> _printf_char_common.o(.text)
</UL>
<P><STRONG><a name="[3c]"></a>_scanf_char_input</STRONG> (Thumb, 12 bytes, Stack size 0 bytes, scanf_char.o(.text))
<BR>[Address Reference Count : 1]<UL><LI> scanf_char.o(.text)
</UL><P>
<H3>
Undefined Global Symbols
</H3><HR></body></html>
