Component: Arm Compiler for Embedded 6.19 Tool: armlink [5e73cb00]

==============================================================================

Section Cross References

    startup_stm32f103xb.o(STACK) refers (Special) to heapauxi.o(.text) for __use_two_region_memory
    startup_stm32f103xb.o(HEAP) refers (Special) to heapauxi.o(.text) for __use_two_region_memory
    startup_stm32f103xb.o(RESET) refers (Special) to heapauxi.o(.text) for __use_two_region_memory
    startup_stm32f103xb.o(RESET) refers to startup_stm32f103xb.o(STACK) for __initial_sp
    startup_stm32f103xb.o(RESET) refers to startup_stm32f103xb.o(.text) for Reset_Handler
    startup_stm32f103xb.o(RESET) refers to stm32f1xx_it.o(.text.NMI_Handler) for NMI_Handler
    startup_stm32f103xb.o(RESET) refers to stm32f1xx_it.o(.text.HardFault_Handler) for HardFault_Handler
    startup_stm32f103xb.o(RESET) refers to stm32f1xx_it.o(.text.MemManage_Handler) for MemManage_Handler
    startup_stm32f103xb.o(RESET) refers to stm32f1xx_it.o(.text.BusFault_Handler) for BusFault_Handler
    startup_stm32f103xb.o(RESET) refers to stm32f1xx_it.o(.text.UsageFault_Handler) for UsageFault_Handler
    startup_stm32f103xb.o(RESET) refers to stm32f1xx_it.o(.text.SVC_Handler) for SVC_Handler
    startup_stm32f103xb.o(RESET) refers to stm32f1xx_it.o(.text.DebugMon_Handler) for DebugMon_Handler
    startup_stm32f103xb.o(RESET) refers to stm32f1xx_it.o(.text.PendSV_Handler) for PendSV_Handler
    startup_stm32f103xb.o(RESET) refers to stm32f1xx_it.o(.text.SysTick_Handler) for SysTick_Handler
    startup_stm32f103xb.o(RESET) refers to stm32f1xx_it.o(.text.USB_LP_CAN1_RX0_IRQHandler) for USB_LP_CAN1_RX0_IRQHandler
    startup_stm32f103xb.o(RESET) refers to stm32f1xx_it.o(.text.USART1_IRQHandler) for USART1_IRQHandler
    startup_stm32f103xb.o(.text) refers (Special) to heapauxi.o(.text) for __use_two_region_memory
    startup_stm32f103xb.o(.text) refers to system_stm32f1xx.o(.text.SystemInit) for SystemInit
    startup_stm32f103xb.o(.text) refers to __main.o(!!!main) for __main
    startup_stm32f103xb.o(.text) refers to startup_stm32f103xb.o(HEAP) for Heap_Mem
    startup_stm32f103xb.o(.text) refers to startup_stm32f103xb.o(STACK) for Stack_Mem
    at_user.o(.text.at_user_init) refers to at_stream_device.o(.text.Stream_Init) for Stream_Init
    at_user.o(.text.at_user_init) refers to at.o(.text.At_Init) for At_Init
    at_user.o(.text.at_user_init) refers to at.o(.text.At_Create) for At_Create
    at_user.o(.text.at_user_init) refers to at_user.o(.text.at_user_sdev_read) for at_user_sdev_read
    at_user.o(.text.at_user_init) refers to at_user.o(.bss..L_MergedGlobals.14) for [Anonymous Symbol]
    at_user.o(.text.at_user_init) refers to at_user.o(.text.at_user_sdev_print) for at_user_sdev_print
    at_user.o(.text.at_user_init) refers to at_user.o(.text.at_user_sdev_available) for at_user_sdev_available
    at_user.o(.text.at_user_init) refers to at_user.o(.bss.at_user_readString) for [Anonymous Symbol]
    at_user.o(.text.at_user_init) refers to at_user.o(.data..L_MergedGlobals) for [Anonymous Symbol]
    at_user.o(.text.at_user_init) refers to at_user.o(.bss._at_LED) for [Anonymous Symbol]
    at_user.o(.ARM.exidx.text.at_user_init) refers to at_user.o(.text.at_user_init) for [Anonymous Symbol]
    at_user.o(.text.at_user_sdev_print) refers to strlen.o(.text) for strlen
    at_user.o(.text.at_user_sdev_print) refers to stm32f1xx_hal_uart.o(.text.HAL_UART_Transmit) for HAL_UART_Transmit
    at_user.o(.text.at_user_sdev_print) refers to usart.o(.bss..L_MergedGlobals) for huart1
    at_user.o(.ARM.exidx.text.at_user_sdev_print) refers to at_user.o(.text.at_user_sdev_print) for [Anonymous Symbol]
    at_user.o(.text.at_user_sdev_available) refers to usart.o(.text.Get_UART1_Rx_Len) for Get_UART1_Rx_Len
    at_user.o(.ARM.exidx.text.at_user_sdev_available) refers to at_user.o(.text.at_user_sdev_available) for [Anonymous Symbol]
    at_user.o(.text.at_user_sdev_read) refers to usart.o(.text.Read_UART1_Rx) for Read_UART1_Rx
    at_user.o(.ARM.exidx.text.at_user_sdev_read) refers to at_user.o(.text.at_user_sdev_read) for [Anonymous Symbol]
    at_user.o(.text.at_user_AT) refers to at_user.o(.bss..L_MergedGlobals.14) for [Anonymous Symbol]
    at_user.o(.text.at_user_AT) refers to at_user.o(.rodata.str1.1) for [Anonymous Symbol]
    at_user.o(.ARM.exidx.text.at_user_AT) refers to at_user.o(.text.at_user_AT) for [Anonymous Symbol]
    at_user.o(.text.at_user_AT_List) refers to at_user.o(.bss..L_MergedGlobals.14) for [Anonymous Symbol]
    at_user.o(.ARM.exidx.text.at_user_AT_List) refers to at_user.o(.text.at_user_AT_List) for [Anonymous Symbol]
    at_user.o(.text.at_user_AT_Reboot) refers to stm32f1xx_hal_cortex.o(.text.HAL_NVIC_SystemReset) for HAL_NVIC_SystemReset
    at_user.o(.ARM.exidx.text.at_user_AT_Reboot) refers to at_user.o(.text.at_user_AT_Reboot) for [Anonymous Symbol]
    at_user.o(.text.at_user_AT_LED) refers to strlen.o(.text) for strlen
[...]
    HAL_SYSTICK_Config                       0x08002605   Thumb Code    32  stm32f1xx_hal_cortex.o(.text.HAL_SYSTICK_Config)
    HAL_UARTEx_RxEventCallback               0x0800262d   Thumb Code     2  stm32f1xx_hal_uart.o(.text.HAL_UARTEx_RxEventCallback)
    HAL_UART_ErrorCallback                   0x0800262f   Thumb Code     2  stm32f1xx_hal_uart.o(.text.HAL_UART_ErrorCallback)
    HAL_UART_IRQHandler                      0x08002631   Thumb Code   568  stm32f1xx_hal_uart.o(.text.HAL_UART_IRQHandler)
    HAL_UART_Init                            0x0800286d   Thumb Code    44  stm32f1xx_hal_uart.o(.text.HAL_UART_Init)
    HAL_UART_MspInit                         0x08002899   Thumb Code   120  usart.o(.text.HAL_UART_MspInit)
    HAL_UART_Receive_IT                      0x08002919   Thumb Code    34  stm32f1xx_hal_uart.o(.text.HAL_UART_Receive_IT)
    HAL_UART_RxCpltCallback                  0x0800293d   Thumb Code    60  usart.o(.text.HAL_UART_RxCpltCallback)
    HAL_UART_Transmit                        0x08002981   Thumb Code   164  stm32f1xx_hal_uart.o(.text.HAL_UART_Transmit)
    HAL_UART_TxCpltCallback                  0x08002a25   Thumb Code     2  stm32f1xx_hal_uart.o(.text.HAL_UART_TxCpltCallback)
    HardFault_Handler                        0x08002a27   Thumb Code     2  stm32f1xx_it.o(.text.HardFault_Handler)
    LCD_Address_Set                          0x08002a55   Thumb Code    52  lcd_init.o(.text.LCD_Address_Set)
    LCD_DrawPoint                            0x08002a8d   Thumb Code    22  lcd.o(.text.LCD_DrawPoint)
    LCD_Fill                                 0x08002aa3   Thumb Code    60  lcd.o(.text.LCD_Fill)
    LCD_Init                                 0x08002ae1   Thumb Code   792  lcd_init.o(.text.LCD_Init)
    LCD_ShowChar                             0x08002e0d   Thumb Code   284  lcd.o(.text.LCD_ShowChar)
    LCD_ShowFloatNum1                        0x08002f39   Thumb Code   200  lcd.o(.text.LCD_ShowFloatNum1)
    LCD_ShowIntNum                           0x08003005   Thumb Code   152  lcd.o(.text.LCD_ShowIntNum)
    LCD_ShowString                           0x0800309d   Thumb Code    60  lcd.o(.text.LCD_ShowString)
    LCD_WR_DATA                              0x080030d9   Thumb Code    28  lcd_init.o(.text.LCD_WR_DATA)
    LCD_WR_DATA8                             0x080030f5   Thumb Code    12  lcd_init.o(.text.LCD_WR_DATA8)
    LCD_WR_REG                               0x08003101   Thumb Code    16  lcd_init.o(.text.LCD_WR_REG)
    LCD_Writ_Bus                             0x08003115   Thumb Code    48  lcd_init.o(.text.LCD_Writ_Bus)
    MMC_SD_Card_Init                         0x0800314d   Thumb Code    68  mmc_sd.o(.text.MMC_SD_Card_Init)
    MSC_BOT_CplClrFeature                    0x0800321f   Thumb Code    48  usbd_msc_bot.o(.text.MSC_BOT_CplClrFeature)
    MSC_BOT_DataIn                           0x0800324f   Thumb Code    58  usbd_msc_bot.o(.text.MSC_BOT_DataIn)
    MSC_BOT_DataOut                          0x08003289   Thumb Code   212  usbd_msc_bot.o(.text.MSC_BOT_DataOut)
    MSC_BOT_DeInit                           0x08003361   Thumb Code    10  usbd_msc_bot.o(.text.MSC_BOT_DeInit)
    MSC_BOT_Init                             0x0800336b   Thumb Code    50  usbd_msc_bot.o(.text.MSC_BOT_Init)
    MSC_BOT_Reset                            0x0800339d   Thumb Code    22  usbd_msc_bot.o(.text.MSC_BOT_Reset)
    MSC_BOT_SendCSW                          0x080033b5   Thumb Code    48  usbd_msc_bot.o(.text.MSC_BOT_SendCSW)
    MX_FATFS_Init                            0x080033e9   Thumb Code    16  fatfs.o(.text.MX_FATFS_Init)
    MX_GPIO_Init                             0x08003401   Thumb Code   200  gpio.o(.text.MX_GPIO_Init)
    MX_SPI2_Init                             0x080034d9   Thumb Code    64  spi.o(.text.MX_SPI2_Init)
    MX_USART1_UART_Init                      0x08003521   Thumb Code    60  usart.o(.text.MX_USART1_UART_Init)
    MX_USB_DEVICE_Init                       0x08003565   Thumb Code    64  usb_device.o(.text.MX_USB_DEVICE_Init)
    MemManage_Handler                        0x080035b5   Thumb Code     2  stm32f1xx_it.o(.text.MemManage_Handler)
    NMI_Handler                              0x080035b7   Thumb Code     2  stm32f1xx_it.o(.text.NMI_Handler)
    PendSV_Handler                           0x08003901   Thumb Code     2  stm32f1xx_it.o(.text.PendSV_Handler)
    Read_UART1_Rx                            0x08003905   Thumb Code    52  usart.o(.text.Read_UART1_Rx)
    SCSI_ProcessCmd                          0x08003965   Thumb Code  1056  usbd_msc_scsi.o(.text.SCSI_ProcessCmd)
    SCSI_SenseCode                           0x08003d91   Thumb Code    40  usbd_msc_scsi.o(.text.SCSI_SenseCode)
    SD_DisSelect                             0x08003db9   Thumb Code    20  mmc_sd.o(.text.SD_DisSelect)
    SD_GetResponse                           0x08003dcd   Thumb Code    56  mmc_sd.o(.text.SD_GetResponse)
    SD_Init                                  0x08003e05   Thumb Code   324  mmc_sd.o(.text.SD_Init)
    SD_ReadDisk                              0x08003f49   Thumb Code    80  mmc_sd.o(.text.SD_ReadDisk)
    SD_RecvData                              0x08003f99   Thumb Code    44  mmc_sd.o(.text.SD_RecvData)
    SD_SPI_SpeedHigh                         0x08003fc5   Thumb Code     6  mmc_sd.o(.text.SD_SPI_SpeedHigh)
    SD_SPI_SpeedLow                          0x08003fcb   Thumb Code     6  mmc_sd.o(.text.SD_SPI_SpeedLow)
    SD_Select                                0x08003fd1   Thumb Code    32  mmc_sd.o(.text.SD_Select)
    SD_SendBlock                             0x08003ff5   Thumb Code    76  mmc_sd.o(.text.SD_SendBlock)
    SD_SendCmd                               0x08004041   Thumb Code    88  mmc_sd.o(.text.SD_SendCmd)
    SD_WaitReady                             0x0800409d   Thumb Code    28  mmc_sd.o(.text.SD_WaitReady)
    SD_WriteDisk                             0x080040b9   Thumb Code   112  mmc_sd.o(.text.SD_WriteDisk)
    SPI2_ReadWriteByte                       0x0800412d   Thumb Code    36  spi.o(.text.SPI2_ReadWriteByte)
    SPI2_SetSpeed                            0x08004151   Thumb Code    40  spi.o(.text.SPI2_SetSpeed)
    SVC_Handler                              0x080042ab   Thumb Code     2  stm32f1xx_it.o(.text.SVC_Handler)
    Stream_Init                              0x080042ad   Thumb Code    60  at_stream_device.o(.text.Stream_Init)
    SysTick_Handler                          0x080042e9   Thumb Code     4  stm32f1xx_it.o(.text.SysTick_Handler)
    SystemClock_Config                       0x080042ed   Thumb Code   122  main.o(.text.SystemClock_Config)
    SystemInit                               0x08004367   Thumb Code     2  system_stm32f1xx.o(.text.SystemInit)
    UART_Start_Receive_IT                    0x080044f9   Thumb Code    50  stm32f1xx_hal_uart.o(.text.UART_Start_Receive_IT)
    USART1_IRQHandler                        0x08004585   Thumb Code     8  stm32f1xx_it.o(.text.USART1_IRQHandler)
    USBD_ClrClassConfig                      0x08004591   Thumb Code    14  usbd_core.o(.text.USBD_ClrClassConfig)
    USBD_CtlContinueRx                       0x0800459f   Thumb Code    16  usbd_ioreq.o(.text.USBD_CtlContinueRx)
    USBD_CtlContinueSendData                 0x080045af   Thumb Code    16  usbd_ioreq.o(.text.USBD_CtlContinueSendData)
    USBD_CtlError                            0x080045bf   Thumb Code    22  usbd_ctlreq.o(.text.USBD_CtlError)
    USBD_CtlReceiveStatus                    0x080045d5   Thumb Code    22  usbd_ioreq.o(.text.USBD_CtlReceiveStatus)
    USBD_CtlSendData                         0x080045eb   Thumb Code    26  usbd_ioreq.o(.text.USBD_CtlSendData)
    USBD_CtlSendStatus                       0x08004605   Thumb Code    22  usbd_ioreq.o(.text.USBD_CtlSendStatus)
    USBD_FS_ConfigStrDescriptor              0x0800461d   Thumb Code    16  usbd_desc.o(.text.USBD_FS_ConfigStrDescriptor)
    USBD_FS_DeviceDescriptor                 0x08004639   Thumb Code     8  usbd_desc.o(.text.USBD_FS_DeviceDescriptor)
    USBD_FS_InterfaceStrDescriptor           0x08004645   Thumb Code    16  usbd_desc.o(.text.USBD_FS_InterfaceStrDescriptor)
    USBD_FS_LangIDStrDescriptor              0x08004665   Thumb Code     8  usbd_desc.o(.text.USBD_FS_LangIDStrDescriptor)
    USBD_FS_ManufacturerStrDescriptor        0x08004671   Thumb Code    16  usbd_desc.o(.text.USBD_FS_ManufacturerStrDescriptor)
    USBD_FS_ProductStrDescriptor             0x08004695   Thumb Code    16  usbd_desc.o(.text.USBD_FS_ProductStrDescriptor)
    USBD_FS_SerialStrDescriptor              0x080046bd   Thumb Code    44  usbd_desc.o(.text.USBD_FS_SerialStrDescriptor)
    USBD_GetString                           0x080046f1   Thumb Code    62  usbd_ctlreq.o(.text.USBD_GetString)
    USBD_Init                                0x08004749   Thumb Code    42  usbd_core.o(.text.USBD_Init)
    USBD_LL_ClearStallEP                     0x08004773   Thumb Code    18  usbd_conf.o(.text.USBD_LL_ClearStallEP)
    USBD_LL_CloseEP                          0x08004785   Thumb Code    18  usbd_conf.o(.text.USBD_LL_CloseEP)
    USBD_LL_DataInStage                      0x08004797   Thumb Code   190  usbd_core.o(.text.USBD_LL_DataInStage)
    USBD_LL_DataOutStage                     0x08004855   Thumb Code   126  usbd_core.o(.text.USBD_LL_DataOutStage)
    USBD_LL_FlushEP                          0x080048d3   Thumb Code    18  usbd_conf.o(.text.USBD_LL_FlushEP)
    USBD_LL_GetRxDataSize                    0x080048e5   Thumb Code     8  usbd_conf.o(.text.USBD_LL_GetRxDataSize)
    USBD_LL_Init                             0x080048ed   Thumb Code   100  usbd_conf.o(.text.USBD_LL_Init)
    USBD_LL_IsStallEP                        0x0800495d   Thumb Code    34  usbd_conf.o(.text.USBD_LL_IsStallEP)
    USBD_LL_OpenEP                           0x0800497f   Thumb Code    24  usbd_conf.o(.text.USBD_LL_OpenEP)
    USBD_LL_PrepareReceive                   0x08004997   Thumb Code    18  usbd_conf.o(.text.USBD_LL_PrepareReceive)
    USBD_LL_Reset                            0x080049a9   Thumb Code    80  usbd_core.o(.text.USBD_LL_Reset)
    USBD_LL_Resume                           0x080049f9   Thumb Code    20  usbd_core.o(.text.USBD_LL_Resume)
    USBD_LL_SOF                              0x08004a0d   Thumb Code    24  usbd_core.o(.text.USBD_LL_SOF)
    USBD_LL_SetSpeed                         0x08004a25   Thumb Code     6  usbd_core.o(.text.USBD_LL_SetSpeed)
    USBD_LL_SetUSBAddress                    0x08004a2b   Thumb Code    18  usbd_conf.o(.text.USBD_LL_SetUSBAddress)
    USBD_LL_SetupStage                       0x08004a3d   Thumb Code    86  usbd_core.o(.text.USBD_LL_SetupStage)
    USBD_LL_StallEP                          0x08004a93   Thumb Code    18  usbd_conf.o(.text.USBD_LL_StallEP)
    USBD_LL_Start                            0x08004aa5   Thumb Code    18  usbd_conf.o(.text.USBD_LL_Start)
    USBD_LL_Suspend                          0x08004ab7   Thumb Code    18  usbd_core.o(.text.USBD_LL_Suspend)
    USBD_LL_Transmit                         0x08004ac9   Thumb Code    18  usbd_conf.o(.text.USBD_LL_Transmit)
    USBD_MSC_DataIn                          0x08004adb   Thumb Code    10  usbd_msc.o(.text.USBD_MSC_DataIn)
    USBD_MSC_DataOut                         0x08004ae5   Thumb Code    10  usbd_msc.o(.text.USBD_MSC_DataOut)
    USBD_MSC_DeInit                          0x08004aef   Thumb Code    50  usbd_msc.o(.text.USBD_MSC_DeInit)
    USBD_MSC_GetDeviceQualifierDescriptor    0x08004b21   Thumb Code     8  usbd_msc.o(.text.USBD_MSC_GetDeviceQualifierDescriptor)
    USBD_MSC_GetFSCfgDesc                    0x08004b2d   Thumb Code     8  usbd_msc.o(.text.USBD_MSC_GetFSCfgDesc)
    USBD_MSC_GetHSCfgDesc                    0x08004b39   Thumb Code     8  usbd_msc.o(.text.USBD_MSC_GetHSCfgDesc)
    USBD_MSC_GetOtherSpeedCfgDesc            0x08004b45   Thumb Code     8  usbd_msc.o(.text.USBD_MSC_GetOtherSpeedCfgDesc)
    USBD_MSC_Init                            0x08004b51   Thumb Code    76  usbd_msc.o(.text.USBD_MSC_Init)
    USBD_MSC_RegisterStorage                 0x08004b9d   Thumb Code    10  usbd_msc.o(.text.USBD_MSC_RegisterStorage)
    USBD_MSC_Setup                           0x08004ba7   Thumb Code   290  usbd_msc.o(.text.USBD_MSC_Setup)
    USBD_ParseSetupRequest                   0x08004cc9   Thumb Code    22  usbd_ctlreq.o(.text.USBD_ParseSetupRequest)
    USBD_RegisterClass                       0x08004cdf   Thumb Code    14  usbd_core.o(.text.USBD_RegisterClass)
    USBD_SetClassConfig                      0x08004ced   Thumb Code    26  usbd_core.o(.text.USBD_SetClassConfig)
    USBD_Start                               0x08004d07   Thumb Code    10  usbd_core.o(.text.USBD_Start)
    USBD_StdDevReq                           0x08004d11   Thumb Code   596  usbd_ctlreq.o(.text.USBD_StdDevReq)
    USBD_StdEPReq                            0x08004f69   Thumb Code   280  usbd_ctlreq.o(.text.USBD_StdEPReq)
    USBD_StdItfReq                           0x08005081   Thumb Code    60  usbd_ctlreq.o(.text.USBD_StdItfReq)
    USBD_static_free                         0x080050bd   Thumb Code     2  usbd_conf.o(.text.USBD_static_free)
    USBD_static_malloc                       0x080050c1   Thumb Code     4  usbd_conf.o(.text.USBD_static_malloc)
    USB_ActivateEndpoint                     0x080050c9   Thumb Code   524  stm32f1xx_ll_usb.o(.text.USB_ActivateEndpoint)
    USB_CoreInit                             0x080052dd   Thumb Code     4  stm32f1xx_ll_usb.o(.text.USB_CoreInit)
    USB_DeactivateEndpoint                   0x080052e1   Thumb Code   182  stm32f1xx_ll_usb.o(.text.USB_DeactivateEndpoint)
    USB_DevConnect                           0x08005397   Thumb Code     4  stm32f1xx_ll_usb.o(.text.USB_DevConnect)
    USB_DevDisconnect                        0x0800539b   Thumb Code     4  stm32f1xx_ll_usb.o(.text.USB_DevDisconnect)
    USB_DevInit                              0x0800539f   Thumb Code    24  stm32f1xx_ll_usb.o(.text.USB_DevInit)
    USB_DisableGlobalInt                     0x080053b7   Thumb Code    14  stm32f1xx_ll_usb.o(.text.USB_DisableGlobalInt)
    USB_EP0_OutStart                         0x080053c5   Thumb Code     4  stm32f1xx_ll_usb.o(.text.USB_EP0_OutStart)
    USB_EPClearStall                         0x080053c9   Thumb Code   106  stm32f1xx_ll_usb.o(.text.USB_EPClearStall)
    USB_EPSetStall                           0x08005435   Thumb Code    44  stm32f1xx_ll_usb.o(.text.USB_EPSetStall)
    USB_EPStartXfer                          0x08005465   Thumb Code   996  stm32f1xx_ll_usb.o(.text.USB_EPStartXfer)
    USB_EnableGlobalInt                      0x08005851   Thumb Code    14  stm32f1xx_ll_usb.o(.text.USB_EnableGlobalInt)
    USB_FlushRxFifo                          0x0800585f   Thumb Code     4  stm32f1xx_ll_usb.o(.text.USB_FlushRxFifo)
    USB_FlushTxFifo                          0x08005863   Thumb Code     4  stm32f1xx_ll_usb.o(.text.USB_FlushTxFifo)
    USB_LP_CAN1_RX0_IRQHandler               0x08005869   Thumb Code     8  stm32f1xx_it.o(.text.USB_LP_CAN1_RX0_IRQHandler)
    USB_ReadInterrupts                       0x08005875   Thumb Code     6  stm32f1xx_ll_usb.o(.text.USB_ReadInterrupts)
    USB_ReadPMA                              0x0800587b   Thumb Code    42  stm32f1xx_ll_usb.o(.text.USB_ReadPMA)
    USB_SetCurrentMode                       0x080058a5   Thumb Code     4  stm32f1xx_ll_usb.o(.text.USB_SetCurrentMode)
    USB_SetDevAddress                        0x080058a9   Thumb Code    12  stm32f1xx_ll_usb.o(.text.USB_SetDevAddress)
    USB_WritePMA                             0x080058b5   Thumb Code    28  stm32f1xx_ll_usb.o(.text.USB_WritePMA)
    USER_initialize                          0x080058d1   Thumb Code    44  user_diskio.o(.text.USER_initialize)
    USER_ioctl                               0x08005901   Thumb Code     4  user_diskio.o(.text.USER_ioctl)
    USER_read                                0x08005905   Thumb Code    28  user_diskio.o(.text.USER_read)
    USER_status                              0x08005921   Thumb Code    20  user_diskio.o(.text.USER_status)
    USER_write                               0x08005939   Thumb Code    28  user_diskio.o(.text.USER_write)
    UsageFault_Handler                       0x08005955   Thumb Code     2  stm32f1xx_it.o(.text.UsageFault_Handler)
    Write_UART1_Rx                           0x08005959   Thumb Code    56  usart.o(.text.Write_UART1_Rx)
    _handleAuto                              0x08005e01   Thumb Code    82  at.o(.text._handleAuto)
    _sendInfor                               0x08005f95   Thumb Code    16  at.o(.text._sendInfor)
    at_free                                  0x08005fc9   Thumb Code     8  at_mem.o(.text.at_free)
    at_malloc                                0x08005fd1   Thumb Code     8  at_mem.o(.text.at_malloc)
    at_memcmp                                0x08005fd9   Thumb Code     4  at_mem.o(.text.at_memcmp)
    at_memcpy                                0x08005fdd   Thumb Code    12  at_mem.o(.text.at_memcpy)
    at_memset                                0x08005fe9   Thumb Code    14  at_mem.o(.text.at_memset)
    at_user_init                             0x080060f9   Thumb Code    76  at_user.o(.text.at_user_init)
    fputc                                    0x080061ad   Thumb Code    16  usart.o(.text.fputc)
    main                                     0x080061c1   Thumb Code   280  main.o(.text.main)
    my_mem_free                              0x0800637d   Thumb Code    60  malloc.o(.text.my_mem_free)
    my_mem_init                              0x080063b9   Thumb Code    40  malloc.o(.text.my_mem_init)
    my_mem_malloc                            0x080063e1   Thumb Code   104  malloc.o(.text.my_mem_malloc)
    my_mem_perused                           0x08006449   Thumb Code    40  malloc.o(.text.my_mem_perused)
    myfree                                   0x08006471   Thumb Code    20  malloc.o(.text.myfree)
    mymalloc                                 0x08006485   Thumb Code    28  malloc.o(.text.mymalloc)
    mymemcmp                                 0x080064a5   Thumb Code    26  malloc.o(.text.mymemcmp)
    mymemcpy                                 0x080064bf   Thumb Code    16  malloc.o(.text.mymemcpy)
    mymemset                                 0x080064cf   Thumb Code    12  malloc.o(.text.mymemset)
    mypow                                    0x080064db   Thumb Code    16  lcd.o(.text.mypow)
    _is_digit                                0x080064eb   Thumb Code    14  __printf_wp.o(i._is_digit)
    _get_lc_ctype                            0x080064f9   Thumb Code    44  lc_ctype_c.o(locale$$code)
    __aeabi_fdiv                             0x08006525   Thumb Code     0  fdiv.o(x$fpl$fdiv)
    _fdiv                                    0x08006525   Thumb Code   384  fdiv.o(x$fpl$fdiv)
    __aeabi_f2iz                             0x080066a9   Thumb Code     0  ffix.o(x$fpl$ffix)
    _ffix                                    0x080066a9   Thumb Code    54  ffix.o(x$fpl$ffix)
    __aeabi_ui2f                             0x080066e1   Thumb Code     0  fflt_clz.o(x$fpl$ffltu)
    _ffltu                                   0x080066e1   Thumb Code    38  fflt_clz.o(x$fpl$ffltu)
    __aeabi_fmul                             0x08006709   Thumb Code     0  fmul.o(x$fpl$fmul)
    _fmul                                    0x08006709   Thumb Code   258  fmul.o(x$fpl$fmul)
    __fpl_fnaninf                            0x0800680b   Thumb Code   140  fnaninf.o(x$fpl$fnaninf)
    __fpl_fretinf                            0x08006897   Thumb Code    10  fretinf.o(x$fpl$fretinf)
    __I$use$fp                               0x080068a0   Number         0  usenofp.o(x$fpl$usenofp)
    AHBPrescTable                            0x080068e4   Data          16  system_stm32f1xx.o(.rodata.AHBPrescTable)
    APBPrescTable                            0x080068f4   Data           8  system_stm32f1xx.o(.rodata.APBPrescTable)
    MSC_Mode_Sense10_data                    0x080068fc   Data           8  usbd_msc_data.o(.rodata.MSC_Mode_Sense10_data)
    MSC_Mode_Sense6_data                     0x08006904   Data           8  usbd_msc_data.o(.rodata.MSC_Mode_Sense6_data)
    MSC_Page00_Inquiry_Data                  0x0800690c   Data           7  usbd_msc_data.o(.rodata.MSC_Page00_Inquiry_Data)
    STORAGE_Inquirydata_FS                   0x08006913   Data          36  usbd_storage_if.o(.rodata.STORAGE_Inquirydata_FS)
    ascii_1206                               0x08006937   Data        1140  lcd.o(.rodata.ascii_1206)
    ascii_1608                               0x08006dab   Data        1520  lcd.o(.rodata.ascii_1608)
    ascii_2412                               0x0800739b   Data        4560  lcd.o(.rodata.ascii_2412)
    ascii_3216                               0x0800856b   Data        6080  lcd.o(.rodata.ascii_3216)
    Region$$Table$$Base                      0x08009d78   Number         0  anon$$obj.o(Region$$Table)
    Region$$Table$$Limit                     0x08009d98   Number         0  anon$$obj.o(Region$$Table)
    __ctype                                  0x08009da5   Data           0  lc_ctype_c.o(locale$$data)
    uwTickFreq                               0x20000064   Data           1  stm32f1xx_hal.o(.data..L_MergedGlobals)
    uwTickPrio                               0x20000068   Data           4  stm32f1xx_hal.o(.data..L_MergedGlobals)
    FS_Desc                                  0x2000006c   Data          28  usbd_desc.o(.data.FS_Desc)
    SystemCoreClock                          0x2000008c   Data           4  system_stm32f1xx.o(.data.SystemCoreClock)
    USBD_FS_DeviceDesc                       0x20000090   Data          18  usbd_desc.o(.data.USBD_FS_DeviceDesc)
    USBD_LangIDDesc                          0x200000a4   Data           4  usbd_desc.o(.data.USBD_LangIDDesc)
    USBD_MSC                                 0x200000a8   Data          56  usbd_msc.o(.data.USBD_MSC)
    USBD_MSC_CfgFSDesc                       0x200000e0   Data          32  usbd_msc.o(.data.USBD_MSC_CfgFSDesc)
    USBD_MSC_CfgHSDesc                       0x20000100   Data          32  usbd_msc.o(.data.USBD_MSC_CfgHSDesc)
    USBD_MSC_DeviceQualifierDesc             0x20000120   Data          10  usbd_msc.o(.data.USBD_MSC_DeviceQualifierDesc)
    USBD_MSC_OtherSpeedCfgDesc               0x2000012c   Data          32  usbd_msc.o(.data.USBD_MSC_OtherSpeedCfgDesc)
    USBD_Storage_Interface_fops_FS           0x2000014c   Data          32  usbd_storage_if.o(.data.USBD_Storage_Interface_fops_FS)
    USBD_StringSerial                        0x2000016c   Data          26  usbd_desc.o(.data.USBD_StringSerial)
    USER_Driver                              0x20000188   Data          20  user_diskio.o(.data.USER_Driver)
    mallco_dev                               0x2000019c   Data          20  malloc.o(.data.mallco_dev)
    __libspace_start                         0x200001c0   Data          96  libspace.o(.bss)
    UART1_aRxBuffer                          0x20000220   Data           1  usart.o(.bss..L_MergedGlobals)
    __temporary_stack_top$libspace           0x20000220   Data           0  libspace.o(.bss)
    huart1                                   0x2000022c   Data          72  usart.o(.bss..L_MergedGlobals)
    retUSER                                  0x20000274   Data           1  fatfs.o(.bss..L_MergedGlobals)
    USERPath                                 0x20000275   Data           4  fatfs.o(.bss..L_MergedGlobals)
    at                                       0x2000028c   Data          88  at_user.o(.bss..L_MergedGlobals.14)
    SD_Type                                  0x200002e4   Data           1  mmc_sd.o(.bss.SD_Type)
    USBD_StrDesc                             0x200003b0   Data         512  usbd_desc.o(.bss.USBD_StrDesc)
    __stdout                                 0x20000e20   Data          84  usart.o(.bss.__stdout)
    disk                                     0x20000f64   Data          12  ff_gen_drv.o(.bss.disk)
    hUsbDeviceFS                             0x20000f70   Data         708  usb_device.o(.bss.hUsbDeviceFS)
    hpcd_USB_FS                              0x20001234   Data         752  usbd_conf.o(.bss.hpcd_USB_FS)
    hspi2                                    0x20001524   Data          88  spi.o(.bss.hspi2)
    mem1base                                 0x20001580   Data        2048  malloc.o(.bss.mem1base)
    mem1mapbase                              0x20001d80   Data         128  malloc.o(.bss.mem1mapbase)
    uwTick                                   0x20001e00   Data           4  stm32f1xx_hal.o(.bss.uwTick)



==============================================================================

Memory Map of the image

  Image Entry point : 0x080000ed

  Load Region LR_IROM1 (Base: 0x08000000, Size: 0x0000a080, Max: 0x00010000, ABSOLUTE, COMPRESSED[0x00009fc0])

    Execution Region ER_IROM1 (Exec base: 0x08000000, Load base: 0x08000000, Size: 0x00009ea8, Max: 0x00010000, ABSOLUTE)

    Exec Addr    Load Addr    Size         Type   Attr      Idx    E Section Name        Object

    0x08000000   0x08000000   0x000000ec   Data   RO            3    RESET               startup_stm32f103xb.o
    0x080000ec   0x080000ec   0x00000008   Code   RO         1979  * !!!main             c_w.l(__main.o)
    0x080000f4   0x080000f4   0x00000034   Code   RO         2248    !!!scatter          c_w.l(__scatter.o)
    0x08000128   0x08000128   0x0000005a   Code   RO         2246    !!dczerorl2         c_w.l(__dczerorl2.o)
    0x08000182   0x08000182   0x00000002   PAD
    0x08000184   0x08000184   0x0000001c   Code   RO         2250    !!handler_zi        c_w.l(__scatter_zi.o)
    0x080001a0   0x080001a0   0x00000000   Code   RO         1967    .ARM.Collect$$_printf_percent$$00000000  c_w.l(_printf_percent.o)
    0x080001a0   0x080001a0   0x00000006   Code   RO         2027    .ARM.Collect$$_printf_percent$$00000001  c_w.l(_printf_n.o)
    0x080001a6   0x080001a6   0x00000006   Code   RO         2028    .ARM.Collect$$_printf_percent$$00000002  c_w.l(_printf_p.o)
    0x080001ac   0x080001ac   0x00000006   Code   RO         2033    .ARM.Collect$$_printf_percent$$00000003  c_w.l(_printf_f.o)
    0x080001b2   0x080001b2   0x00000006   Code   RO         2034    .ARM.Collect$$_printf_percent$$00000004  c_w.l(_printf_e.o)
    0x080001b8   0x080001b8   0x00000006   Code   RO         2035    .ARM.Collect$$_printf_percent$$00000005  c_w.l(_printf_g.o)
    0x080001be   0x080001be   0x00000006   Code   RO         2036    .ARM.Collect$$_printf_percent$$00000006  c_w.l(_printf_a.o)
    0x080001c4   0x080001c4   0x0000000a   Code   RO         2041    .ARM.Collect$$_printf_percent$$00000007  c_w.l(_printf_ll.o)
    0x080001ce   0x080001ce   0x00000006   Code   RO         2030    .ARM.Collect$$_printf_percent$$00000008  c_w.l(_printf_i.o)
    0x080001d4   0x080001d4   0x00000006   Code   RO         2031    .ARM.Collect$$_printf_percent$$00000009  c_w.l(_printf_d.o)
    0x080001da   0x080001da   0x00000006   Code   RO         2032    .ARM.Collect$$_printf_percent$$0000000A  c_w.l(_printf_u.o)
    0x080001e0   0x080001e0   0x00000006   Code   RO         2029    .ARM.Collect$$_printf_percent$$0000000B  c_w.l(_printf_o.o)
    0x080001e6   0x080001e6   0x00000006   Code   RO         1966    .ARM.Collect$$_printf_percent$$0000000C  c_w.l(_printf_x.o)
    0x080001ec   0x080001ec   0x00000006   Code   RO         2038    .ARM.Collect$$_printf_percent$$0000000D  c_w.l(_printf_lli.o)
    0x080001f2   0x080001f2   0x00000006   Code   RO         2039    .ARM.Collect$$_printf_percent$$0000000E  c_w.l(_printf_lld.o)
    0x080001f8   0x080001f8   0x00000006   Code   RO         2040    .ARM.Collect$$_printf_percent$$0000000F  c_w.l(_printf_llu.o)
    0x080001fe   0x080001fe   0x00000006   Code   RO         2045    .ARM.Collect$$_printf_percent$$00000010  c_w.l(_printf_llo.o)
    0x08000204   0x08000204   0x00000006   Code   RO         2046    .ARM.Collect$$_printf_percent$$00000011  c_w.l(_printf_llx.o)
    0x0800020a   0x0800020a   0x0000000a   Code   RO         2042    .ARM.Collect$$_printf_percent$$00000012  c_w.l(_printf_l.o)
    0x08000214   0x08000214   0x00000006   Code   RO         2025    .ARM.Collect$$_printf_percent$$00000013  c_w.l(_printf_c.o)
    0x0800021a   0x0800021a   0x00000006   Code   RO         2026    .ARM.Collect$$_printf_percent$$00000014  c_w.l(_printf_s.o)
    0x08000220   0x08000220   0x00000006   Code   RO         2043    .ARM.Collect$$_printf_percent$$00000015  c_w.l(_printf_lc.o)
    0x08000226   0x08000226   0x00000006   Code   RO         2044    .ARM.Collect$$_printf_percent$$00000016  c_w.l(_printf_ls.o)
    0x0800022c   0x0800022c   0x00000004   Code   RO         2037    .ARM.Collect$$_printf_percent$$00000017  c_w.l(_printf_percent_end.o)
    0x08000230   0x08000230   0x00000002   Code   RO         2098    .ARM.Collect$$libinit$$00000000  c_w.l(libinit.o)
    0x08000232   0x08000232   0x00000000   Code   RO         2113    .ARM.Collect$$libinit$$00000002  c_w.l(libinit2.o)
    0x08000232   0x08000232   0x00000000   Code   RO         2115    .ARM.Collect$$libinit$$00000004  c_w.l(libinit2.o)
    0x08000232   0x08000232   0x00000000   Code   RO         2117    .ARM.Collect$$libinit$$00000006  c_w.l(libinit2.o)
    0x08000232   0x08000232   0x00000000   Code   RO         2120    .ARM.Collect$$libinit$$0000000C  c_w.l(libinit2.o)
    0x08000232   0x08000232   0x00000000   Code   RO         2122    .ARM.Collect$$libinit$$0000000E  c_w.l(libinit2.o)
    0x08000232   0x08000232   0x00000000   Code   RO         2124    .ARM.Collect$$libinit$$00000010  c_w.l(libinit2.o)
    0x08000232   0x08000232   0x00000006   Code   RO         2125    .ARM.Collect$$libinit$$00000011  c_w.l(libinit2.o)
    0x08000238   0x08000238   0x00000000   Code   RO         2127    .ARM.Collect$$libinit$$00000013  c_w.l(libinit2.o)
    0x08000238   0x08000238   0x0000000c   Code   RO         2128    .ARM.Collect$$libinit$$00000014  c_w.l(libinit2.o)
    0x08000244   0x08000244   0x00000000   Code   RO         2129    .ARM.Collect$$libinit$$00000015  c_w.l(libinit2.o)
    0x08000244   0x08000244   0x00000000   Code   RO         2131    .ARM.Collect$$libinit$$00000017  c_w.l(libinit2.o)
    0x08000244   0x08000244   0x00000000   Code   RO         2133    .ARM.Collect$$libinit$$00000019  c_w.l(libinit2.o)
    0x08000244   0x08000244   0x00000000   Code   RO         2135    .ARM.Collect$$libinit$$0000001B  c_w.l(libinit2.o)
    0x08000244   0x08000244   0x00000000   Code   RO         2137    .ARM.Collect$$libinit$$0000001D  c_w.l(libinit2.o)
    0x08000244   0x08000244   0x00000000   Code   RO         2139    .ARM.Collect$$libinit$$0000001F  c_w.l(libinit2.o)
    0x08000244   0x08000244   0x00000000   Code   RO         2141    .ARM.Collect$$libinit$$00000021  c_w.l(libinit2.o)
    0x08000244   0x08000244   0x00000000   Code   RO         2143    .ARM.Collect$$libinit$$00000023  c_w.l(libinit2.o)
    0x08000244   0x08000244   0x00000000   Code   RO         2145    .ARM.Collect$$libinit$$00000025  c_w.l(libinit2.o)
    0x08000244   0x08000244   0x00000000   Code   RO         2147    .ARM.Collect$$libinit$$00000027  c_w.l(libinit2.o)
    0x08000244   0x08000244   0x00000000   Code   RO         2151    .ARM.Collect$$libinit$$0000002E  c_w.l(libinit2.o)
    0x08000244   0x08000244   0x00000000   Code   RO         2153    .ARM.Collect$$libinit$$00000030  c_w.l(libinit2.o)
    0x08000244   0x08000244   0x00000000   Code   RO         2155    .ARM.Collect$$libinit$$00000032  c_w.l(libinit2.o)
    0x08000244   0x08000244   0x00000000   Code   RO         2157    .ARM.Collect$$libinit$$00000034  c_w.l(libinit2.o)
    0x08000244   0x08000244   0x00000002   Code   RO         2158    .ARM.Collect$$libinit$$00000035  c_w.l(libinit2.o)
    0x08000246   0x08000246   0x00000002   Code   RO         2182    .ARM.Collect$$libshutdown$$00000000  c_w.l(libshutdown.o)
    0x08000248   0x08000248   0x00000000   Code   RO         2197    .ARM.Collect$$libshutdown$$00000002  c_w.l(libshutdown2.o)
    0x08000248   0x08000248   0x00000000   Code   RO         2199    .ARM.Collect$$libshutdown$$00000004  c_w.l(libshutdown2.o)
    0x08000248   0x08000248   0x00000000   Code   RO         2202    .ARM.Collect$$libshutdown$$00000007  c_w.l(libshutdown2.o)
    0x08000248   0x08000248   0x00000000   Code   RO         2205    .ARM.Collect$$libshutdown$$0000000A  c_w.l(libshutdown2.o)
    0x08000248   0x08000248   0x00000000   Code   RO         2207    .ARM.Collect$$libshutdown$$0000000C  c_w.l(libshutdown2.o)
    0x08000248   0x08000248   0x00000000   Code   RO         2210    .ARM.Collect$$libshutdown$$0000000F  c_w.l(libshutdown2.o)
    0x08000248   0x08000248   0x00000002   Code   RO         2211    .ARM.Collect$$libshutdown$$00000010  c_w.l(libshutdown2.o)
    0x0800024a   0x0800024a   0x00000000   Code   RO         1997    .ARM.Collect$$rtentry$$00000000  c_w.l(__rtentry.o)
    0x0800024a   0x0800024a   0x00000000   Code   RO         2055    .ARM.Collect$$rtentry$$00000002  c_w.l(__rtentry2.o)
    0x0800024a   0x0800024a   0x00000006   Code   RO         2067    .ARM.Collect$$rtentry$$00000004  c_w.l(__rtentry4.o)
    0x08000250   0x08000250   0x00000000   Code   RO         2057    .ARM.Collect$$rtentry$$00000009  c_w.l(__rtentry2.o)
    0x08000250   0x08000250   0x00000004   Code   RO         2058    .ARM.Collect$$rtentry$$0000000A  c_w.l(__rtentry2.o)
    0x08000254   0x08000254   0x00000000   Code   RO         2060    .ARM.Collect$$rtentry$$0000000C  c_w.l(__rtentry2.o)
    0x08000254   0x08000254   0x00000008   Code   RO         2061    .ARM.Collect$$rtentry$$0000000D  c_w.l(__rtentry2.o)
    0x0800025c   0x0800025c   0x00000002   Code   RO         2102    .ARM.Collect$$rtexit$$00000000  c_w.l(rtexit.o)
    0x0800025e   0x0800025e   0x00000000   Code   RO         2160    .ARM.Collect$$rtexit$$00000002  c_w.l(rtexit2.o)
    0x0800025e   0x0800025e   0x00000004   Code   RO         2161    .ARM.Collect$$rtexit$$00000003  c_w.l(rtexit2.o)
    0x08000262   0x08000262   0x00000006   Code   RO         2162    .ARM.Collect$$rtexit$$00000004  c_w.l(rtexit2.o)
    0x08000268   0x08000268   0x00000040   Code   RO            4    .text               startup_stm32f103xb.o
    0x080002a8   0x080002a8   0x0000003c   Code   RO         1915    .text               c_w.l(_vsnprintf.o)
    0x080002e4   0x080002e4   0x00000018   Code   RO         1917    .text               c_w.l(__2printf.o)
    0x080002fc   0x080002fc   0x0000004e   Code   RO         1923    .text               c_w.l(_printf_pad.o)
    0x0800034a   0x0800034a   0x00000002   PAD
    0x0800034c   0x0800034c   0x00000094   Code   RO         1943    .text               c_w.l(_printf_hex_int_ll_ptr.o)
    0x080003e0   0x080003e0   0x00000188   Code   RO         1963    .text               c_w.l(__printf_flags_ss_wp.o)
    0x08000568   0x08000568   0x0000002c   Code   RO         1968    .text               c_w.l(puts.o)
    0x08000594   0x08000594   0x0000000c   Code   RO         1970    .text               c_w.l(strtok.o)
    0x080005a0   0x080005a0   0x0000003e   Code   RO         1973    .text               c_w.l(strlen.o)
    0x080005de   0x080005de   0x0000004e   Code   RO         1975    .text               c_w.l(rt_memclr_w.o)
    0x0800062c   0x0800062c   0x00000006   Code   RO         1977    .text               c_w.l(heapauxi.o)
    0x08000632   0x08000632   0x00000024   Code   RO         1998    .text               c_w.l(_printf_truncate.o)
    0x08000656   0x08000656   0x00000052   Code   RO         2000    .text               c_w.l(_printf_str.o)
    0x080006a8   0x080006a8   0x000000b2   Code   RO         2002    .text               c_w.l(_printf_intcommon.o)
    0x0800075a   0x0800075a   0x00000002   PAD
    0x0800075c   0x0800075c   0x00000078   Code   RO         2004    .text               c_w.l(_printf_dec.o)
    0x080007d4   0x080007d4   0x00000028   Code   RO         2006    .text               c_w.l(_printf_charcount.o)
    0x080007fc   0x080007fc   0x00000030   Code   RO         2008    .text               c_w.l(_printf_char_common.o)
    0x0800082c   0x0800082c   0x00000010   Code   RO         2010    .text               c_w.l(_snputc.o)
    0x0800083c   0x0800083c   0x00000024   Code   RO         2012    .text               c_w.l(_printf_char_file.o)
    0x08000860   0x08000860   0x000000bc   Code   RO         2014    .text               c_w.l(_printf_wctomb.o)
    0x0800091c   0x0800091c   0x0000007c   Code   RO         2017    .text               c_w.l(_printf_longlong_dec.o)
    0x08000998   0x08000998   0x00000070   Code   RO         2023    .text               c_w.l(_printf_oct_int_ll.o)
    0x08000a08   0x08000a08   0x00000044   Code   RO         2047    .text               c_w.l(strtok_int.o)
    0x08000a4c   0x08000a4c   0x0000008a   Code   RO         2069    .text               c_w.l(lludiv10.o)
    0x08000ad6   0x08000ad6   0x0000002c   Code   RO         2073    .text               c_w.l(_printf_char.o)
    0x08000b02   0x08000b02   0x0000002c   Code   RO         2075    .text               c_w.l(_printf_wchar.o)
    0x08000b2e   0x08000b2e   0x00000008   Code   RO         2077    .text               c_w.l(ferror.o)
    0x08000b36   0x08000b36   0x00000048   Code   RO         2081    .text               c_w.l(_c16rtomb.o)
    0x08000b7e   0x08000b7e   0x00000020   Code   RO         2083    .text               c_w.l(strcspn.o)
    0x08000b9e   0x08000b9e   0x0000001c   Code   RO         2085    .text               c_w.l(strspn.o)
    0x08000bba   0x08000bba   0x0000004a   Code   RO         2087    .text               c_w.l(sys_stackheap_outer.o)
    0x08000c04   0x08000c04   0x00000010   Code   RO         2089    .text               c_w.l(rt_ctype_table.o)
    0x08000c14   0x08000c14   0x00000012   Code   RO         2091    .text               c_w.l(exit.o)
    0x08000c26   0x08000c26   0x00000002   PAD
    0x08000c28   0x08000c28   0x00000008   Code   RO         2099    .text               c_w.l(libspace.o)
    0x08000c30   0x08000c30   0x00000008   Code   RO         2107    .text               c_w.l(rt_locale_intlibspace.o)
    0x08000c38   0x08000c38   0x00000080   Code   RO         2166    .text               c_w.l(strcmpv7m.o)
    0x08000cb8   0x08000cb8   0x0000000c   Code   RO         2172    .text               c_w.l(sys_exit.o)
    0x08000cc4   0x08000cc4   0x00000002   Code   RO         2187    .text               c_w.l(use_no_semi.o)
    0x08000cc6   0x08000cc6   0x00000000   Code   RO         2189    .text               c_w.l(indicate_semi.o)
    0x08000cc6   0x08000cc6   0x00000058   Code   RO         1158    .text.At_Create     at.o
    0x08000d1e   0x08000d1e   0x00000042   Code   RO         1166    .text.At_Init       at.o
    0x08000d60   0x08000d60   0x00000002   Code   RO          192    .text.BusFault_Handler  stm32f1xx_it.o
    0x08000d62   0x08000d62   0x00000002   Code   RO          198    .text.DebugMon_Handler  stm32f1xx_it.o
    0x08000d64   0x08000d64   0x00000008   Code   RO          110    .text.Error_Handler  main.o
    0x08000d6c   0x08000d6c   0x00000006   Code   RO         1497    .text.FATFS_LinkDriver  ff_gen_drv.o
    0x08000d72   0x08000d72   0x00000002   PAD
    0x08000d74   0x08000d74   0x00000040   Code   RO         1495    .text.FATFS_LinkDriverEx  ff_gen_drv.o
    0x08000db4   0x08000db4   0x0000001c   Code   RO          167    .text.Get_UART1_Rx_Len  usart.o
    0x08000dd0   0x08000dd0   0x00000040   Code   RO          586    .text.HAL_DMA_Abort  stm32f1xx_hal_dma.o
    0x08000e10   0x08000e10   0x000000a0   Code   RO          588    .text.HAL_DMA_Abort_IT  stm32f1xx_hal_dma.o
    0x08000eb0   0x08000eb0   0x00000020   Code   RO          452    .text.HAL_Delay     stm32f1xx_hal.o
    0x08000ed0   0x08000ed0   0x000001b0   Code   RO          552    .text.HAL_GPIO_Init  stm32f1xx_hal_gpio.o
    0x08001080   0x08001080   0x0000000a   Code   RO          558    .text.HAL_GPIO_WritePin  stm32f1xx_hal_gpio.o
    0x0800108a   0x0800108a   0x00000002   PAD
    0x0800108c   0x0800108c   0x00000008   Code   RO          444    .text.HAL_GetTick   stm32f1xx_hal.o
    0x08001094   0x08001094   0x00000014   Code   RO          442    .text.HAL_IncTick   stm32f1xx_hal.o
    0x080010a8   0x080010a8   0x00000024   Code   RO          432    .text.HAL_Init      stm32f1xx_hal.o
    0x080010cc   0x080010cc   0x00000040   Code   RO          434    .text.HAL_InitTick  stm32f1xx_hal.o
    0x0800110c   0x0800110c   0x00000044   Code   RO          215    .text.HAL_MspInit   stm32f1xx_hal_msp.o
    0x08001150   0x08001150   0x00000020   Code   RO          618    .text.HAL_NVIC_EnableIRQ  stm32f1xx_hal_cortex.o
    0x08001170   0x08001170   0x0000004c   Code   RO          616    .text.HAL_NVIC_SetPriority  stm32f1xx_hal_cortex.o
    0x080011bc   0x080011bc   0x00000020   Code   RO          614    .text.HAL_NVIC_SetPriorityGrouping  stm32f1xx_hal_cortex.o
    0x080011dc   0x080011dc   0x00000004   Code   RO          622    .text.HAL_NVIC_SystemReset  stm32f1xx_hal_cortex.o
    0x080011e0   0x080011e0   0x00000032   Code   RO          338    .text.HAL_PCDEx_PMAConfig  stm32f1xx_hal_pcd_ex.o
    0x08001212   0x08001212   0x00000002   Code   RO         1710    .text.HAL_PCDEx_SetConnectionState  usbd_conf.o
    0x08001214   0x08001214   0x00000012   Code   RO         1656    .text.HAL_PCD_DataInStageCallback  usbd_conf.o
    0x08001226   0x08001226   0x00000014   Code   RO         1654    .text.HAL_PCD_DataOutStageCallback  usbd_conf.o
    0x0800123a   0x0800123a   0x00000038   Code   RO          284    .text.HAL_PCD_EP_Close  stm32f1xx_hal_pcd.o
    0x08001272   0x08001272   0x0000004e   Code   RO          294    .text.HAL_PCD_EP_ClrStall  stm32f1xx_hal_pcd.o
    0x080012c0   0x080012c0   0x0000002e   Code   RO          298    .text.HAL_PCD_EP_Flush  stm32f1xx_hal_pcd.o
    0x080012ee   0x080012ee   0x00000012   Code   RO          288    .text.HAL_PCD_EP_GetRxCount  stm32f1xx_hal_pcd.o
    0x08001300   0x08001300   0x00000048   Code   RO          282    .text.HAL_PCD_EP_Open  stm32f1xx_hal_pcd.o
    0x08001348   0x08001348   0x0000002c   Code   RO          286    .text.HAL_PCD_EP_Receive  stm32f1xx_hal_pcd.o
    0x08001374   0x08001374   0x00000070   Code   RO          292    .text.HAL_PCD_EP_SetStall  stm32f1xx_hal_pcd.o
    0x080013e4   0x080013e4   0x0000002e   Code   RO          290    .text.HAL_PCD_EP_Transmit  stm32f1xx_hal_pcd.o
    0x08001412   0x08001412   0x00000002   PAD
    0x08001414   0x08001414   0x000007fa   Code   RO          250    .text.HAL_PCD_IRQHandler  stm32f1xx_hal_pcd.o
    0x08001c0e   0x08001c0e   0x000000ca   Code   RO          238    .text.HAL_PCD_Init  stm32f1xx_hal_pcd.o
    0x08001cd8   0x08001cd8   0x0000003c   Code   RO         1648    .text.HAL_PCD_MspInit  usbd_conf.o
    0x08001d14   0x08001d14   0x00000024   Code   RO         1660    .text.HAL_PCD_ResetCallback  usbd_conf.o
    0x08001d38   0x08001d38   0x00000008   Code   RO         1664    .text.HAL_PCD_ResumeCallback  usbd_conf.o
    0x08001d40   0x08001d40   0x00000008   Code   RO         1658    .text.HAL_PCD_SOFCallback  usbd_conf.o
    0x08001d48   0x08001d48   0x0000001c   Code   RO          254    .text.HAL_PCD_SetAddress  stm32f1xx_hal_pcd.o
    0x08001d64   0x08001d64   0x0000000e   Code   RO         1652    .text.HAL_PCD_SetupStageCallback  usbd_conf.o
    0x08001d72   0x08001d72   0x00000026   Code   RO          246    .text.HAL_PCD_Start  stm32f1xx_hal_pcd.o
    0x08001d98   0x08001d98   0x00000020   Code   RO         1662    .text.HAL_PCD_SuspendCallback  usbd_conf.o
    0x08001db8   0x08001db8   0x000000e4   Code   RO          538    .text.HAL_RCCEx_PeriphCLKConfig  stm32f1xx_hal_rcc_ex.o
    0x08001e9c   0x08001e9c   0x0000013c   Code   RO          500    .text.HAL_RCC_ClockConfig  stm32f1xx_hal_rcc.o
    0x08001fd8   0x08001fd8   0x00000014   Code   RO          512    .text.HAL_RCC_GetPCLK1Freq  stm32f1xx_hal_rcc.o
    0x08001fec   0x08001fec   0x0000001c   Code   RO          514    .text.HAL_RCC_GetPCLK2Freq  stm32f1xx_hal_rcc.o
    0x08002008   0x08002008   0x00000054   Code   RO          502    .text.HAL_RCC_GetSysClockFreq  stm32f1xx_hal_rcc.o
    0x0800205c   0x0800205c   0x000002fc   Code   RO          498    .text.HAL_RCC_OscConfig  stm32f1xx_hal_rcc.o
    0x08002358   0x08002358   0x000000ac   Code   RO          795    .text.HAL_SPI_Init  stm32f1xx_hal_spi.o
    0x08002404   0x08002404   0x00000070   Code   RO          140    .text.HAL_SPI_MspInit  spi.o
    0x08002474   0x08002474   0x0000018e   Code   RO          809    .text.HAL_SPI_TransmitReceive  stm32f1xx_hal_spi.o
    0x08002602   0x08002602   0x00000002   PAD
    0x08002604   0x08002604   0x00000028   Code   RO          626    .text.HAL_SYSTICK_Config  stm32f1xx_hal_cortex.o
    0x0800262c   0x0800262c   0x00000002   Code   RO         1061    .text.HAL_UARTEx_RxEventCallback  stm32f1xx_hal_uart.o
    0x0800262e   0x0800262e   0x00000002   Code   RO         1059    .text.HAL_UART_ErrorCallback  stm32f1xx_hal_uart.o
    0x08002630   0x08002630   0x0000023c   Code   RO         1053    .text.HAL_UART_IRQHandler  stm32f1xx_hal_uart.o
    0x0800286c   0x0800286c   0x0000002c   Code   RO          969    .text.HAL_UART_Init  stm32f1xx_hal_uart.o
    0x08002898   0x08002898   0x00000080   Code   RO          163    .text.HAL_UART_MspInit  usart.o
    0x08002918   0x08002918   0x00000022   Code   RO          993    .text.HAL_UART_Receive_IT  stm32f1xx_hal_uart.o
    0x0800293a   0x0800293a   0x00000002   PAD
    0x0800293c   0x0800293c   0x00000044   Code   RO          173    .text.HAL_UART_RxCpltCallback  usart.o
    0x08002980   0x08002980   0x000000a4   Code   RO          985    .text.HAL_UART_Transmit  stm32f1xx_hal_uart.o
    0x08002a24   0x08002a24   0x00000002   Code   RO         1063    .text.HAL_UART_TxCpltCallback  stm32f1xx_hal_uart.o
    0x08002a26   0x08002a26   0x00000002   Code   RO          188    .text.HardFault_Handler  stm32f1xx_it.o
    0x08002a28   0x08002a28   0x0000002a   Code   RO         1607    .text.IntToUnicode  usbd_desc.o
    0x08002a52   0x08002a52   0x00000002   PAD
    0x08002a54   0x08002a54   0x00000038   Code   RO           54    .text.LCD_Address_Set  lcd_init.o
    0x08002a8c   0x08002a8c   0x00000016   Code   RO           68    .text.LCD_DrawPoint  lcd.o
    0x08002aa2   0x08002aa2   0x0000003c   Code   RO           66    .text.LCD_Fill      lcd.o
    0x08002ade   0x08002ade   0x00000002   PAD
    0x08002ae0   0x08002ae0   0x0000032c   Code   RO           56    .text.LCD_Init      lcd_init.o
    0x08002e0c   0x08002e0c   0x0000012c   Code   RO           76    .text.LCD_ShowChar  lcd.o
    0x08002f38   0x08002f38   0x000000cc   Code   RO           84    .text.LCD_ShowFloatNum1  lcd.o
    0x08003004   0x08003004   0x00000098   Code   RO           82    .text.LCD_ShowIntNum  lcd.o
    0x0800309c   0x0800309c   0x0000003c   Code   RO           78    .text.LCD_ShowString  lcd.o
    0x080030d8   0x080030d8   0x0000001c   Code   RO           50    .text.LCD_WR_DATA   lcd_init.o
    0x080030f4   0x080030f4   0x0000000c   Code   RO           48    .text.LCD_WR_DATA8  lcd_init.o
    0x08003100   0x08003100   0x00000014   Code   RO           52    .text.LCD_WR_REG    lcd_init.o
    0x08003114   0x08003114   0x00000038   Code   RO           46    .text.LCD_Writ_Bus  lcd_init.o
    0x0800314c   0x0800314c   0x00000090   Code   RO         1561    .text.MMC_SD_Card_Init  mmc_sd.o
    0x080031dc   0x080031dc   0x00000042   Code   RO         1868    .text.MSC_BOT_Abort  usbd_msc_bot.o
    0x0800321e   0x0800321e   0x00000030   Code   RO         1866    .text.MSC_BOT_CplClrFeature  usbd_msc_bot.o
    0x0800324e   0x0800324e   0x0000003a   Code   RO         1860    .text.MSC_BOT_DataIn  usbd_msc_bot.o
    0x08003288   0x08003288   0x000000d8   Code   RO         1864    .text.MSC_BOT_DataOut  usbd_msc_bot.o
    0x08003360   0x08003360   0x0000000a   Code   RO         1858    .text.MSC_BOT_DeInit  usbd_msc_bot.o
    0x0800336a   0x0800336a   0x00000032   Code   RO         1854    .text.MSC_BOT_Init  usbd_msc_bot.o
    0x0800339c   0x0800339c   0x00000016   Code   RO         1856    .text.MSC_BOT_Reset  usbd_msc_bot.o
    0x080033b2   0x080033b2   0x00000002   PAD
    0x080033b4   0x080033b4   0x00000034   Code   RO         1862    .text.MSC_BOT_SendCSW  usbd_msc_bot.o
    0x080033e8   0x080033e8   0x00000018   Code   RO         1292    .text.MX_FATFS_Init  fatfs.o
    0x08003400   0x08003400   0x000000d8   Code   RO          127    .text.MX_GPIO_Init  gpio.o
    0x080034d8   0x080034d8   0x00000048   Code   RO          138    .text.MX_SPI2_Init  spi.o
    0x08003520   0x08003520   0x00000044   Code   RO          161    .text.MX_USART1_UART_Init  usart.o
    0x08003564   0x08003564   0x00000050   Code   RO         1584    .text.MX_USB_DEVICE_Init  usb_device.o
    0x080035b4   0x080035b4   0x00000002   Code   RO          190    .text.MemManage_Handler  stm32f1xx_it.o
    0x080035b6   0x080035b6   0x00000002   Code   RO          186    .text.NMI_Handler   stm32f1xx_it.o
    0x080035b8   0x080035b8   0x0000000e   Code   RO          112    .text.OUTLINED_FUNCTION_0  main.o
    0x080035c6   0x080035c6   0x0000000e   Code   RO          129    .text.OUTLINED_FUNCTION_0  gpio.o
    0x080035d4   0x080035d4   0x00000014   Code   RO          306    .text.OUTLINED_FUNCTION_0  stm32f1xx_hal_pcd.o
    0x080035e8   0x080035e8   0x00000008   Code   RO          410    .text.OUTLINED_FUNCTION_0  stm32f1xx_ll_usb.o
    0x080035f0   0x080035f0   0x00000010   Code   RO          524    .text.OUTLINED_FUNCTION_0  stm32f1xx_hal_rcc.o
    0x08003600   0x08003600   0x00000014   Code   RO         1089    .text.OUTLINED_FUNCTION_0  stm32f1xx_hal_uart.o
    0x08003614   0x08003614   0x00000008   Code   RO         1563    .text.OUTLINED_FUNCTION_0  mmc_sd.o
    0x0800361c   0x0800361c   0x00000006   Code   RO         1609    .text.OUTLINED_FUNCTION_0  usbd_desc.o
    0x08003622   0x08003622   0x0000000c   Code   RO         1782    .text.OUTLINED_FUNCTION_0  usbd_ctlreq.o
    0x0800362e   0x0800362e   0x0000000c   Code   RO         1870    .text.OUTLINED_FUNCTION_0  usbd_msc_bot.o
    0x0800363a   0x0800363a   0x0000000a   Code   RO         1896    .text.OUTLINED_FUNCTION_0  usbd_msc_scsi.o
    0x08003644   0x08003644   0x0000000a   Code   RO           90    .text.OUTLINED_FUNCTION_1  lcd.o
    0x0800364e   0x0800364e   0x0000000a   Code   RO          308    .text.OUTLINED_FUNCTION_1  stm32f1xx_hal_pcd.o
    0x08003658   0x08003658   0x00000016   Code   RO          412    .text.OUTLINED_FUNCTION_1  stm32f1xx_ll_usb.o
    0x0800366e   0x0800366e   0x00000010   Code   RO          526    .text.OUTLINED_FUNCTION_1  stm32f1xx_hal_rcc.o
    0x0800367e   0x0800367e   0x0000000e   Code   RO          648    .text.OUTLINED_FUNCTION_1  stm32f1xx_hal_cortex.o
    0x0800368c   0x0800368c   0x00000014   Code   RO         1091    .text.OUTLINED_FUNCTION_1  stm32f1xx_hal_uart.o
    0x080036a0   0x080036a0   0x00000006   Code   RO         1565    .text.OUTLINED_FUNCTION_1  mmc_sd.o
    0x080036a6   0x080036a6   0x00000006   Code   RO         1784    .text.OUTLINED_FUNCTION_1  usbd_ctlreq.o
    0x080036ac   0x080036ac   0x0000000a   Code   RO         1872    .text.OUTLINED_FUNCTION_1  usbd_msc_bot.o
    0x080036b6   0x080036b6   0x00000014   Code   RO         1898    .text.OUTLINED_FUNCTION_1  usbd_msc_scsi.o
    0x080036ca   0x080036ca   0x0000000e   Code   RO          326    .text.OUTLINED_FUNCTION_10  stm32f1xx_hal_pcd.o
    0x080036d8   0x080036d8   0x00000014   Code   RO         1109    .text.OUTLINED_FUNCTION_10  stm32f1xx_hal_uart.o
    0x080036ec   0x080036ec   0x0000000e   Code   RO          328    .text.OUTLINED_FUNCTION_11  stm32f1xx_hal_pcd.o
    0x080036fa   0x080036fa   0x00000014   Code   RO         1111    .text.OUTLINED_FUNCTION_11  stm32f1xx_hal_uart.o
    0x0800370e   0x0800370e   0x0000000a   Code   RO          931    .text.OUTLINED_FUNCTION_13  stm32f1xx_hal_spi.o
    0x08003718   0x08003718   0x00000010   Code   RO          937    .text.OUTLINED_FUNCTION_16  stm32f1xx_hal_spi.o
    0x08003728   0x08003728   0x00000008   Code   RO         1121    .text.OUTLINED_FUNCTION_16  stm32f1xx_hal_uart.o
    0x08003730   0x08003730   0x00000010   Code   RO          939    .text.OUTLINED_FUNCTION_17  stm32f1xx_hal_spi.o
    0x08003740   0x08003740   0x0000000a   Code   RO         1123    .text.OUTLINED_FUNCTION_17  stm32f1xx_hal_uart.o
    0x0800374a   0x0800374a   0x0000000a   Code   RO          943    .text.OUTLINED_FUNCTION_19  stm32f1xx_hal_spi.o
    0x08003754   0x08003754   0x0000000e   Code   RO           92    .text.OUTLINED_FUNCTION_2  lcd.o
    0x08003762   0x08003762   0x00000008   Code   RO          310    .text.OUTLINED_FUNCTION_2  stm32f1xx_hal_pcd.o
    0x0800376a   0x0800376a   0x0000000c   Code   RO          414    .text.OUTLINED_FUNCTION_2  stm32f1xx_ll_usb.o
    0x08003776   0x08003776   0x0000000a   Code   RO          528    .text.OUTLINED_FUNCTION_2  stm32f1xx_hal_rcc.o
    0x08003780   0x08003780   0x00000014   Code   RO         1093    .text.OUTLINED_FUNCTION_2  stm32f1xx_hal_uart.o
    0x08003794   0x08003794   0x00000006   Code   RO         1567    .text.OUTLINED_FUNCTION_2  mmc_sd.o
    0x0800379a   0x0800379a   0x00000006   Code   RO         1786    .text.OUTLINED_FUNCTION_2  usbd_ctlreq.o
    0x080037a0   0x080037a0   0x0000000c   Code   RO         1900    .text.OUTLINED_FUNCTION_2  usbd_msc_scsi.o
    0x080037ac   0x080037ac   0x00000008   Code   RO          945    .text.OUTLINED_FUNCTION_20  stm32f1xx_hal_spi.o
    0x080037b4   0x080037b4   0x0000000e   Code   RO          949    .text.OUTLINED_FUNCTION_22  stm32f1xx_hal_spi.o
    0x080037c2   0x080037c2   0x0000000a   Code   RO          953    .text.OUTLINED_FUNCTION_24  stm32f1xx_hal_spi.o
    0x080037cc   0x080037cc   0x00000016   Code   RO          312    .text.OUTLINED_FUNCTION_3  stm32f1xx_hal_pcd.o
    0x080037e2   0x080037e2   0x0000000a   Code   RO         1569    .text.OUTLINED_FUNCTION_3  mmc_sd.o
    0x080037ec   0x080037ec   0x0000000a   Code   RO         1788    .text.OUTLINED_FUNCTION_3  usbd_ctlreq.o
    0x080037f6   0x080037f6   0x0000000c   Code   RO         1902    .text.OUTLINED_FUNCTION_3  usbd_msc_scsi.o
    0x08003802   0x08003802   0x0000000a   Code   RO          314    .text.OUTLINED_FUNCTION_4  stm32f1xx_hal_pcd.o
    0x0800380c   0x0800380c   0x00000010   Code   RO          418    .text.OUTLINED_FUNCTION_4  stm32f1xx_ll_usb.o
    0x0800381c   0x0800381c   0x00000016   Code   RO         1097    .text.OUTLINED_FUNCTION_4  stm32f1xx_hal_uart.o
    0x08003832   0x08003832   0x0000000a   Code   RO         1571    .text.OUTLINED_FUNCTION_4  mmc_sd.o
    0x0800383c   0x0800383c   0x00000012   Code   RO          316    .text.OUTLINED_FUNCTION_5  stm32f1xx_hal_pcd.o
    0x0800384e   0x0800384e   0x00000010   Code   RO          420    .text.OUTLINED_FUNCTION_5  stm32f1xx_ll_usb.o
    0x0800385e   0x0800385e   0x00000012   Code   RO          915    .text.OUTLINED_FUNCTION_5  stm32f1xx_hal_spi.o
    0x08003870   0x08003870   0x00000008   Code   RO         1099    .text.OUTLINED_FUNCTION_5  stm32f1xx_hal_uart.o
    0x08003878   0x08003878   0x0000000a   Code   RO         1573    .text.OUTLINED_FUNCTION_5  mmc_sd.o
    0x08003882   0x08003882   0x00000012   Code   RO          318    .text.OUTLINED_FUNCTION_6  stm32f1xx_hal_pcd.o
    0x08003894   0x08003894   0x0000000e   Code   RO          422    .text.OUTLINED_FUNCTION_6  stm32f1xx_ll_usb.o
    0x080038a2   0x080038a2   0x00000010   Code   RO          917    .text.OUTLINED_FUNCTION_6  stm32f1xx_hal_spi.o
    0x080038b2   0x080038b2   0x0000001c   Code   RO         1101    .text.OUTLINED_FUNCTION_6  stm32f1xx_hal_uart.o
    0x080038ce   0x080038ce   0x00000008   Code   RO          320    .text.OUTLINED_FUNCTION_7  stm32f1xx_hal_pcd.o
    0x080038d6   0x080038d6   0x0000000c   Code   RO         1103    .text.OUTLINED_FUNCTION_7  stm32f1xx_hal_uart.o
    0x080038e2   0x080038e2   0x00000010   Code   RO          322    .text.OUTLINED_FUNCTION_8  stm32f1xx_hal_pcd.o
    0x080038f2   0x080038f2   0x0000000e   Code   RO          324    .text.OUTLINED_FUNCTION_9  stm32f1xx_hal_pcd.o
    0x08003900   0x08003900   0x00000002   Code   RO          200    .text.PendSV_Handler  stm32f1xx_it.o
    0x08003902   0x08003902   0x00000002   PAD
    0x08003904   0x08003904   0x0000003c   Code   RO          171    .text.Read_UART1_Rx  usart.o
    0x08003940   0x08003940   0x00000024   Code   RO         1894    .text.SCSI_CheckAddressRange  usbd_msc_scsi.o
    0x08003964   0x08003964   0x0000042c   Code   RO         1890    .text.SCSI_ProcessCmd  usbd_msc_scsi.o
    0x08003d90   0x08003d90   0x00000028   Code   RO         1892    .text.SCSI_SenseCode  usbd_msc_scsi.o
    0x08003db8   0x08003db8   0x00000014   Code   RO         1535    .text.SD_DisSelect  mmc_sd.o
    0x08003dcc   0x08003dcc   0x00000038   Code   RO         1541    .text.SD_GetResponse  mmc_sd.o
    0x08003e04   0x08003e04   0x00000144   Code   RO         1555    .text.SD_Init       mmc_sd.o
    0x08003f48   0x08003f48   0x00000050   Code   RO         1557    .text.SD_ReadDisk   mmc_sd.o
    0x08003f98   0x08003f98   0x0000002c   Code   RO         1543    .text.SD_RecvData   mmc_sd.o
    0x08003fc4   0x08003fc4   0x00000006   Code   RO         1533    .text.SD_SPI_SpeedHigh  mmc_sd.o
    0x08003fca   0x08003fca   0x00000006   Code   RO         1531    .text.SD_SPI_SpeedLow  mmc_sd.o
    0x08003fd0   0x08003fd0   0x00000024   Code   RO         1537    .text.SD_Select     mmc_sd.o
    0x08003ff4   0x08003ff4   0x0000004c   Code   RO         1545    .text.SD_SendBlock  mmc_sd.o
    0x08004040   0x08004040   0x0000005c   Code   RO         1547    .text.SD_SendCmd    mmc_sd.o
    0x0800409c   0x0800409c   0x0000001c   Code   RO         1539    .text.SD_WaitReady  mmc_sd.o
    0x080040b8   0x080040b8   0x00000074   Code   RO         1559    .text.SD_WriteDisk  mmc_sd.o
    0x0800412c   0x0800412c   0x00000024   Code   RO          146    .text.SPI2_ReadWriteByte  spi.o
    0x08004150   0x08004150   0x0000002c   Code   RO          144    .text.SPI2_SetSpeed  spi.o
    0x0800417c   0x0800417c   0x00000020   Code   RO          805    .text.SPI_EndRxTxTransaction  stm32f1xx_hal_spi.o
    0x0800419c   0x0800419c   0x000000b4   Code   RO          903    .text.SPI_WaitFlagStateUntilTimeout  stm32f1xx_hal_spi.o
    0x08004250   0x08004250   0x0000000e   Code   RO         1626    .text.STORAGE_GetCapacity_FS  usbd_storage_if.o
    0x0800425e   0x0800425e   0x00000004   Code   RO         1636    .text.STORAGE_GetMaxLun_FS  usbd_storage_if.o
    0x08004262   0x08004262   0x00000010   Code   RO         1624    .text.STORAGE_Init_FS  usbd_storage_if.o
    0x08004272   0x08004272   0x00000004   Code   RO         1628    .text.STORAGE_IsReady_FS  usbd_storage_if.o
    0x08004276   0x08004276   0x00000004   Code   RO         1630    .text.STORAGE_IsWriteProtected_FS  usbd_storage_if.o
    0x0800427a   0x0800427a   0x00000018   Code   RO         1632    .text.STORAGE_Read_FS  usbd_storage_if.o
    0x08004292   0x08004292   0x00000018   Code   RO         1634    .text.STORAGE_Write_FS  usbd_storage_if.o
    0x080042aa   0x080042aa   0x00000002   Code   RO          196    .text.SVC_Handler   stm32f1xx_it.o
    0x080042ac   0x080042ac   0x0000003c   Code   RO         1226    .text.Stream_Init   at_stream_device.o
    0x080042e8   0x080042e8   0x00000004   Code   RO          202    .text.SysTick_Handler  stm32f1xx_it.o
    0x080042ec   0x080042ec   0x0000007a   Code   RO          108    .text.SystemClock_Config  main.o
    0x08004366   0x08004366   0x00000002   Code   RO         1139    .text.SystemInit    system_stm32f1xx.o
    0x08004368   0x08004368   0x0000000c   Code   RO         1057    .text.UART_DMAAbortOnError  stm32f1xx_hal_uart.o
    0x08004374   0x08004374   0x00000042   Code   RO         1017    .text.UART_EndRxTransfer  stm32f1xx_hal_uart.o
    0x080043b6   0x080043b6   0x000000be   Code   RO         1055    .text.UART_Receive_IT  stm32f1xx_hal_uart.o
    0x08004474   0x08004474   0x00000084   Code   RO          973    .text.UART_SetConfig  stm32f1xx_hal_uart.o
    0x080044f8   0x080044f8   0x00000032   Code   RO          995    .text.UART_Start_Receive_IT  stm32f1xx_hal_uart.o
    0x0800452a   0x0800452a   0x0000005a   Code   RO          987    .text.UART_WaitOnFlagUntilTimeout  stm32f1xx_hal_uart.o
    0x08004584   0x08004584   0x0000000c   Code   RO          206    .text.USART1_IRQHandler  stm32f1xx_it.o
    0x08004590   0x08004590   0x0000000e   Code   RO         1736    .text.USBD_ClrClassConfig  usbd_core.o
    0x0800459e   0x0800459e   0x00000010   Code   RO         1805    .text.USBD_CtlContinueRx  usbd_ioreq.o
    0x080045ae   0x080045ae   0x00000010   Code   RO         1801    .text.USBD_CtlContinueSendData  usbd_ioreq.o
    0x080045be   0x080045be   0x00000016   Code   RO         1772    .text.USBD_CtlError  usbd_ctlreq.o
    0x080045d4   0x080045d4   0x00000016   Code   RO         1809    .text.USBD_CtlReceiveStatus  usbd_ioreq.o
    0x080045ea   0x080045ea   0x0000001a   Code   RO         1799    .text.USBD_CtlSendData  usbd_ioreq.o
    0x08004604   0x08004604   0x00000016   Code   RO         1807    .text.USBD_CtlSendStatus  usbd_ioreq.o
    0x0800461a   0x0800461a   0x00000002   PAD
    0x0800461c   0x0800461c   0x0000001c   Code   RO         1603    .text.USBD_FS_ConfigStrDescriptor  usbd_desc.o
    0x08004638   0x08004638   0x0000000c   Code   RO         1593    .text.USBD_FS_DeviceDescriptor  usbd_desc.o
    0x08004644   0x08004644   0x00000020   Code   RO         1605    .text.USBD_FS_InterfaceStrDescriptor  usbd_desc.o
    0x08004664   0x08004664   0x0000000c   Code   RO         1595    .text.USBD_FS_LangIDStrDescriptor  usbd_desc.o
    0x08004670   0x08004670   0x00000024   Code   RO         1597    .text.USBD_FS_ManufacturerStrDescriptor  usbd_desc.o
    0x08004694   0x08004694   0x00000028   Code   RO         1599    .text.USBD_FS_ProductStrDescriptor  usbd_desc.o
    0x080046bc   0x080046bc   0x00000034   Code   RO         1601    .text.USBD_FS_SerialStrDescriptor  usbd_desc.o
    0x080046f0   0x080046f0   0x0000003e   Code   RO         1780    .text.USBD_GetString  usbd_ctlreq.o
    0x0800472e   0x0800472e   0x00000002   PAD
    0x08004730   0x08004730   0x00000018   Code   RO         1678    .text.USBD_Get_USB_Status  usbd_conf.o
    0x08004748   0x08004748   0x0000002a   Code   RO         1722    .text.USBD_Init     usbd_core.o
    0x08004772   0x08004772   0x00000012   Code   RO         1692    .text.USBD_LL_ClearStallEP  usbd_conf.o
    0x08004784   0x08004784   0x00000012   Code   RO         1686    .text.USBD_LL_CloseEP  usbd_conf.o
    0x08004796   0x08004796   0x000000be   Code   RO         1742    .text.USBD_LL_DataInStage  usbd_core.o
    0x08004854   0x08004854   0x0000007e   Code   RO         1740    .text.USBD_LL_DataOutStage  usbd_core.o
    0x080048d2   0x080048d2   0x00000012   Code   RO         1688    .text.USBD_LL_FlushEP  usbd_conf.o
    0x080048e4   0x080048e4   0x00000008   Code   RO         1702    .text.USBD_LL_GetRxDataSize  usbd_conf.o
    0x080048ec   0x080048ec   0x00000070   Code   RO         1674    .text.USBD_LL_Init  usbd_conf.o
    0x0800495c   0x0800495c   0x00000022   Code   RO         1694    .text.USBD_LL_IsStallEP  usbd_conf.o
    0x0800497e   0x0800497e   0x00000018   Code   RO         1684    .text.USBD_LL_OpenEP  usbd_conf.o
    0x08004996   0x08004996   0x00000012   Code   RO         1700    .text.USBD_LL_PrepareReceive  usbd_conf.o
    0x080049a8   0x080049a8   0x00000050   Code   RO         1744    .text.USBD_LL_Reset  usbd_core.o
    0x080049f8   0x080049f8   0x00000014   Code   RO         1750    .text.USBD_LL_Resume  usbd_core.o
    0x08004a0c   0x08004a0c   0x00000018   Code   RO         1752    .text.USBD_LL_SOF   usbd_core.o
    0x08004a24   0x08004a24   0x00000006   Code   RO         1746    .text.USBD_LL_SetSpeed  usbd_core.o
    0x08004a2a   0x08004a2a   0x00000012   Code   RO         1696    .text.USBD_LL_SetUSBAddress  usbd_conf.o
    0x08004a3c   0x08004a3c   0x00000056   Code   RO         1738    .text.USBD_LL_SetupStage  usbd_core.o
    0x08004a92   0x08004a92   0x00000012   Code   RO         1690    .text.USBD_LL_StallEP  usbd_conf.o
    0x08004aa4   0x08004aa4   0x00000012   Code   RO         1680    .text.USBD_LL_Start  usbd_conf.o
    0x08004ab6   0x08004ab6   0x00000012   Code   RO         1748    .text.USBD_LL_Suspend  usbd_core.o
    0x08004ac8   0x08004ac8   0x00000012   Code   RO         1698    .text.USBD_LL_Transmit  usbd_conf.o
    0x08004ada   0x08004ada   0x0000000a   Code   RO         1827    .text.USBD_MSC_DataIn  usbd_msc.o
    0x08004ae4   0x08004ae4   0x0000000a   Code   RO         1829    .text.USBD_MSC_DataOut  usbd_msc.o
    0x08004aee   0x08004aee   0x00000032   Code   RO         1823    .text.USBD_MSC_DeInit  usbd_msc.o
    0x08004b20   0x08004b20   0x0000000c   Code   RO         1837    .text.USBD_MSC_GetDeviceQualifierDescriptor  usbd_msc.o
    0x08004b2c   0x08004b2c   0x0000000c   Code   RO         1833    .text.USBD_MSC_GetFSCfgDesc  usbd_msc.o
    0x08004b38   0x08004b38   0x0000000c   Code   RO         1831    .text.USBD_MSC_GetHSCfgDesc  usbd_msc.o
    0x08004b44   0x08004b44   0x0000000c   Code   RO         1835    .text.USBD_MSC_GetOtherSpeedCfgDesc  usbd_msc.o
    0x08004b50   0x08004b50   0x0000004c   Code   RO         1821    .text.USBD_MSC_Init  usbd_msc.o
    0x08004b9c   0x08004b9c   0x0000000a   Code   RO         1839    .text.USBD_MSC_RegisterStorage  usbd_msc.o
    0x08004ba6   0x08004ba6   0x00000122   Code   RO         1825    .text.USBD_MSC_Setup  usbd_msc.o
    0x08004cc8   0x08004cc8   0x00000016   Code   RO         1778    .text.USBD_ParseSetupRequest  usbd_ctlreq.o
    0x08004cde   0x08004cde   0x0000000e   Code   RO         1726    .text.USBD_RegisterClass  usbd_core.o
    0x08004cec   0x08004cec   0x0000001a   Code   RO         1734    .text.USBD_SetClassConfig  usbd_core.o
    0x08004d06   0x08004d06   0x0000000a   Code   RO         1728    .text.USBD_Start    usbd_core.o
    0x08004d10   0x08004d10   0x00000258   Code   RO         1770    .text.USBD_StdDevReq  usbd_ctlreq.o
    0x08004f68   0x08004f68   0x00000118   Code   RO         1776    .text.USBD_StdEPReq  usbd_ctlreq.o
    0x08005080   0x08005080   0x0000003c   Code   RO         1774    .text.USBD_StdItfReq  usbd_ctlreq.o
    0x080050bc   0x080050bc   0x00000002   Code   RO         1708    .text.USBD_static_free  usbd_conf.o
    0x080050be   0x080050be   0x00000002   PAD
    0x080050c0   0x080050c0   0x00000008   Code   RO         1706    .text.USBD_static_malloc  usbd_conf.o
    0x080050c8   0x080050c8   0x00000214   Code   RO          368    .text.USB_ActivateEndpoint  stm32f1xx_ll_usb.o
    0x080052dc   0x080052dc   0x00000004   Code   RO          354    .text.USB_CoreInit  stm32f1xx_ll_usb.o
    0x080052e0   0x080052e0   0x000000b6   Code   RO          370    .text.USB_DeactivateEndpoint  stm32f1xx_ll_usb.o
    0x08005396   0x08005396   0x00000004   Code   RO          386    .text.USB_DevConnect  stm32f1xx_ll_usb.o
    0x0800539a   0x0800539a   0x00000004   Code   RO          388    .text.USB_DevDisconnect  stm32f1xx_ll_usb.o
    0x0800539e   0x0800539e   0x00000018   Code   RO          362    .text.USB_DevInit   stm32f1xx_ll_usb.o
    0x080053b6   0x080053b6   0x0000000e   Code   RO          358    .text.USB_DisableGlobalInt  stm32f1xx_ll_usb.o
    0x080053c4   0x080053c4   0x00000004   Code   RO          402    .text.USB_EP0_OutStart  stm32f1xx_ll_usb.o
    0x080053c8   0x080053c8   0x0000006a   Code   RO          378    .text.USB_EPClearStall  stm32f1xx_ll_usb.o
    0x08005432   0x08005432   0x00000002   PAD
    0x08005434   0x08005434   0x00000030   Code   RO          376    .text.USB_EPSetStall  stm32f1xx_ll_usb.o
    0x08005464   0x08005464   0x000003ec   Code   RO          372    .text.USB_EPStartXfer  stm32f1xx_ll_usb.o
    0x08005850   0x08005850   0x0000000e   Code   RO          356    .text.USB_EnableGlobalInt  stm32f1xx_ll_usb.o
    0x0800585e   0x0800585e   0x00000004   Code   RO          366    .text.USB_FlushRxFifo  stm32f1xx_ll_usb.o
    0x08005862   0x08005862   0x00000004   Code   RO          364    .text.USB_FlushTxFifo  stm32f1xx_ll_usb.o
    0x08005866   0x08005866   0x00000002   PAD
    0x08005868   0x08005868   0x0000000c   Code   RO          204    .text.USB_LP_CAN1_RX0_IRQHandler  stm32f1xx_it.o
    0x08005874   0x08005874   0x00000006   Code   RO          390    .text.USB_ReadInterrupts  stm32f1xx_ll_usb.o
    0x0800587a   0x0800587a   0x0000002a   Code   RO          408    .text.USB_ReadPMA   stm32f1xx_ll_usb.o
    0x080058a4   0x080058a4   0x00000004   Code   RO          360    .text.USB_SetCurrentMode  stm32f1xx_ll_usb.o
    0x080058a8   0x080058a8   0x0000000c   Code   RO          384    .text.USB_SetDevAddress  stm32f1xx_ll_usb.o
    0x080058b4   0x080058b4   0x0000001c   Code   RO          374    .text.USB_WritePMA  stm32f1xx_ll_usb.o
    0x080058d0   0x080058d0   0x00000030   Code   RO         1272    .text.USER_initialize  user_diskio.o
    0x08005900   0x08005900   0x00000004   Code   RO         1280    .text.USER_ioctl    user_diskio.o
    0x08005904   0x08005904   0x0000001c   Code   RO         1276    .text.USER_read     user_diskio.o
    0x08005920   0x08005920   0x00000018   Code   RO         1274    .text.USER_status   user_diskio.o
    0x08005938   0x08005938   0x0000001c   Code   RO         1278    .text.USER_write    user_diskio.o
    0x08005954   0x08005954   0x00000002   Code   RO          194    .text.UsageFault_Handler  stm32f1xx_it.o
    0x08005956   0x08005956   0x00000002   PAD
    0x08005958   0x08005958   0x00000040   Code   RO          169    .text.Write_UART1_Rx  usart.o
    0x08005998   0x08005998   0x00000094   Code   RO         1170    .text._At_Config_no_readString  at.o
    0x08005a2c   0x08005a2c   0x00000038   Code   RO         1160    .text._At_Create    at.o
    0x08005a64   0x08005a64   0x00000036   Code   RO         1168    .text._At_Init      at.o
    0x08005a9a   0x08005a9a   0x00000002   PAD
    0x08005a9c   0x08005a9c   0x00000024   Code   RO          624    .text.__NVIC_SystemReset  stm32f1xx_hal_cortex.o
    0x08005ac0   0x08005ac0   0x0000007e   Code   RO         1188    .text._at_printf    at.o
    0x08005b3e   0x08005b3e   0x00000002   PAD
    0x08005b40   0x08005b40   0x00000010   Code   RO           29    .text._at_user_AT_LED_off  at_user.o
    0x08005b50   0x08005b50   0x00000014   Code   RO           27    .text._at_user_AT_LED_on  at_user.o
    0x08005b64   0x08005b64   0x00000060   Code   RO         1174    .text._checkString  at.o
    0x08005bc4   0x08005bc4   0x000000d4   Code   RO         1172    .text._cutString    at.o
    0x08005c98   0x08005c98   0x000000f8   Code   RO         1184    .text._errorToString  at.o
    0x08005d90   0x08005d90   0x0000000c   Code   RO         1176    .text._getParamMaxNum  at.o
    0x08005d9c   0x08005d9c   0x0000000a   Code   RO         1178    .text._getStateTable  at.o
    0x08005da6   0x08005da6   0x0000005a   Code   RO         1186    .text._handle       at.o
    0x08005e00   0x08005e00   0x00000052   Code   RO         1154    .text._handleAuto   at.o
    0x08005e52   0x08005e52   0x00000050   Code   RO         1196    .text._paramClear   at.o
    0x08005ea2   0x08005ea2   0x00000016   Code   RO         1190    .text._print        at.o
    0x08005eb8   0x08005eb8   0x000000b0   Code   RO         1194    .text._printSet     at.o
    0x08005f68   0x08005f68   0x0000002c   Code   RO         1192    .text._println      at.o
    0x08005f94   0x08005f94   0x00000018   Code   RO         1156    .text._sendInfor    at.o
    0x08005fac   0x08005fac   0x0000000e   Code   RO         1180    .text._setInputDevice  at.o
    0x08005fba   0x08005fba   0x0000000e   Code   RO         1182    .text._setOutputDevice  at.o
    0x08005fc8   0x08005fc8   0x00000008   Code   RO         1210    .text.at_free       at_mem.o
    0x08005fd0   0x08005fd0   0x00000008   Code   RO         1208    .text.at_malloc     at_mem.o
    0x08005fd8   0x08005fd8   0x00000004   Code   RO         1214    .text.at_memcmp     at_mem.o
    0x08005fdc   0x08005fdc   0x0000000c   Code   RO         1216    .text.at_memcpy     at_mem.o
    0x08005fe8   0x08005fe8   0x0000000e   Code   RO         1212    .text.at_memset     at_mem.o
    0x08005ff6   0x08005ff6   0x00000002   PAD
    0x08005ff8   0x08005ff8   0x00000010   Code   RO           19    .text.at_user_AT    at_user.o
    0x08006008   0x08006008   0x000000cc   Code   RO           25    .text.at_user_AT_LED  at_user.o
    0x080060d4   0x080060d4   0x00000018   Code   RO           21    .text.at_user_AT_List  at_user.o
    0x080060ec   0x080060ec   0x0000000a   Code   RO           23    .text.at_user_AT_Reboot  at_user.o
    0x080060f6   0x080060f6   0x00000002   PAD
    0x080060f8   0x080060f8   0x00000068   Code   RO           11    .text.at_user_init  at_user.o
    0x08006160   0x08006160   0x0000000c   Code   RO           15    .text.at_user_sdev_available  at_user.o
    0x0800616c   0x0800616c   0x00000034   Code   RO           13    .text.at_user_sdev_print  at_user.o
    0x080061a0   0x080061a0   0x0000000c   Code   RO           17    .text.at_user_sdev_read  at_user.o
    0x080061ac   0x080061ac   0x00000014   Code   RO          159    .text.fputc         usart.o
    0x080061c0   0x080061c0   0x000001bc   Code   RO          106    .text.main          main.o
    0x0800637c   0x0800637c   0x0000003c   Code   RO         1250    .text.my_mem_free   malloc.o
    0x080063b8   0x080063b8   0x00000028   Code   RO         1238    .text.my_mem_init   malloc.o
    0x080063e0   0x080063e0   0x00000068   Code   RO         1248    .text.my_mem_malloc  malloc.o
    0x08006448   0x08006448   0x00000028   Code   RO         1240    .text.my_mem_perused  malloc.o
    0x08006470   0x08006470   0x00000014   Code   RO         1252    .text.myfree        malloc.o
    0x08006484   0x08006484   0x00000020   Code   RO         1254    .text.mymalloc      malloc.o
    0x080064a4   0x080064a4   0x0000001a   Code   RO         1242    .text.mymemcmp      malloc.o
    0x080064be   0x080064be   0x00000010   Code   RO         1244    .text.mymemcpy      malloc.o
    0x080064ce   0x080064ce   0x0000000c   Code   RO         1246    .text.mymemset      malloc.o
    0x080064da   0x080064da   0x00000010   Code   RO           80    .text.mypow         lcd.o
    0x080064ea   0x080064ea   0x0000000e   Code   RO         1956    i._is_digit         c_w.l(__printf_wp.o)
    0x080064f8   0x080064f8   0x0000002c   Code   RO         2110    locale$$code        c_w.l(lc_ctype_c.o)
    0x08006524   0x08006524   0x00000184   Code   RO         1982    x$fpl$fdiv          fz_ws.l(fdiv.o)
    0x080066a8   0x080066a8   0x00000036   Code   RO         1985    x$fpl$ffix          fz_ws.l(ffix.o)
    0x080066de   0x080066de   0x00000002   PAD
    0x080066e0   0x080066e0   0x00000026   Code   RO         1989    x$fpl$ffltu         fz_ws.l(fflt_clz.o)
    0x08006706   0x08006706   0x00000002   PAD
    0x08006708   0x08006708   0x00000102   Code   RO         1995    x$fpl$fmul          fz_ws.l(fmul.o)
    0x0800680a   0x0800680a   0x0000008c   Code   RO         2049    x$fpl$fnaninf       fz_ws.l(fnaninf.o)
    0x08006896   0x08006896   0x0000000a   Code   RO         2051    x$fpl$fretinf       fz_ws.l(fretinf.o)
    0x080068a0   0x080068a0   0x00000000   Code   RO         2053    x$fpl$usenofp       fz_ws.l(usenofp.o)
    0x080068a0   0x080068a0   0x00000028   Data   RO         1944    .constdata          c_w.l(_printf_hex_int_ll_ptr.o)
    0x080068c8   0x080068c8   0x00000011   Data   RO         1964    .constdata          c_w.l(__printf_flags_ss_wp.o)
    0x080068d9   0x080068d9   0x00000003   PAD
    0x080068dc   0x080068dc   0x00000008   Data   RO         2015    .constdata          c_w.l(_printf_wctomb.o)
    0x080068e4   0x080068e4   0x00000010   Data   RO         1144    .rodata.AHBPrescTable  system_stm32f1xx.o
    0x080068f4   0x080068f4   0x00000008   Data   RO         1145    .rodata.APBPrescTable  system_stm32f1xx.o
    0x080068fc   0x080068fc   0x00000008   Data   RO         1884    .rodata.MSC_Mode_Sense10_data  usbd_msc_data.o
    0x08006904   0x08006904   0x00000008   Data   RO         1883    .rodata.MSC_Mode_Sense6_data  usbd_msc_data.o
    0x0800690c   0x0800690c   0x00000007   Data   RO         1882    .rodata.MSC_Page00_Inquiry_Data  usbd_msc_data.o
    0x08006913   0x08006913   0x00000024   Data   RO         1638    .rodata.STORAGE_Inquirydata_FS  usbd_storage_if.o
    0x08006937   0x08006937   0x00000474   Data   RO           94    .rodata.ascii_1206  lcd.o
    0x08006dab   0x08006dab   0x000005f0   Data   RO           95    .rodata.ascii_1608  lcd.o
    0x0800739b   0x0800739b   0x000011d0   Data   RO           96    .rodata.ascii_2412  lcd.o
    0x0800856b   0x0800856b   0x000017c0   Data   RO           97    .rodata.ascii_3216  lcd.o
    0x08009d2b   0x08009d2b   0x0000002b   Data   RO           33    .rodata.str1.1      at_user.o
    0x08009d56   0x08009d56   0x00000020   Data   RO         1198    .rodata.str1.1      at.o
    0x08009d76   0x08009d76   0x00000002   PAD
    0x08009d78   0x08009d78   0x00000020   Data   RO         2245    Region$$Table       anon$$obj.o
    0x08009d98   0x08009d98   0x00000110   Data   RO         2109    locale$$data        c_w.l(lc_ctype_c.o)


    Execution Region RW_IRAM1 (Exec base: 0x20000000, Load base: 0x08009ec0, Size: 0x00002408, Max: 0x00005000, ABSOLUTE, COMPRESSED[0x00000100])

    Exec Addr    Load Addr    Size         Type   Attr      Idx    E Section Name        Object

    0x20000000   COMPRESSED   0x00000004   Data   RW         1971    .data               c_w.l(strtok.o)
    0x20000004   COMPRESSED   0x00000060   Data   RW           34    .data..L_MergedGlobals  at_user.o
    0x20000064   COMPRESSED   0x00000008   Data   RW          487    .data..L_MergedGlobals  stm32f1xx_hal.o
    0x2000006c   COMPRESSED   0x0000001c   Data   RW         1611    .data.FS_Desc       usbd_desc.o
    0x20000088   COMPRESSED   0x00000001   Data   RW         1283    .data.Stat          user_diskio.o
    0x20000089   COMPRESSED   0x00000003   PAD
    0x2000008c   COMPRESSED   0x00000004   Data   RW         1143    .data.SystemCoreClock  system_stm32f1xx.o
    0x20000090   COMPRESSED   0x00000012   Data   RW         1612    .data.USBD_FS_DeviceDesc  usbd_desc.o
    0x200000a2   COMPRESSED   0x00000002   PAD
    0x200000a4   COMPRESSED   0x00000004   Data   RW         1613    .data.USBD_LangIDDesc  usbd_desc.o
    0x200000a8   COMPRESSED   0x00000038   Data   RW         1841    .data.USBD_MSC      usbd_msc.o
    0x200000e0   COMPRESSED   0x00000020   Data   RW         1843    .data.USBD_MSC_CfgFSDesc  usbd_msc.o
    0x20000100   COMPRESSED   0x00000020   Data   RW         1842    .data.USBD_MSC_CfgHSDesc  usbd_msc.o
    0x20000120   COMPRESSED   0x0000000a   Data   RW         1845    .data.USBD_MSC_DeviceQualifierDesc  usbd_msc.o
    0x2000012a   COMPRESSED   0x00000002   PAD
    0x2000012c   COMPRESSED   0x00000020   Data   RW         1844    .data.USBD_MSC_OtherSpeedCfgDesc  usbd_msc.o
    0x2000014c   COMPRESSED   0x00000020   Data   RW         1639    .data.USBD_Storage_Interface_fops_FS  usbd_storage_if.o
    0x2000016c   COMPRESSED   0x0000001a   Data   RW         1614    .data.USBD_StringSerial  usbd_desc.o
    0x20000186   COMPRESSED   0x00000002   PAD
    0x20000188   COMPRESSED   0x00000014   Data   RW         1282    .data.USER_Driver   user_diskio.o
    0x2000019c   COMPRESSED   0x00000014   Data   RW         1263    .data.mallco_dev    malloc.o
    0x200001b0   COMPRESSED   0x00000010   PAD
    0x200001c0        -       0x00000060   Zero   RW         2100    .bss                c_w.l(libspace.o)
    0x20000220        -       0x00000054   Zero   RW          177    .bss..L_MergedGlobals  usart.o
    0x20000274        -       0x00000005   Zero   RW         1302    .bss..L_MergedGlobals  fatfs.o
    0x20000279   COMPRESSED   0x00000003   PAD
    0x2000027c        -       0x00000068   Zero   RW           35    .bss..L_MergedGlobals.14  at_user.o
    0x200002e4        -       0x00000001   Zero   RW         1575    .bss.SD_Type        mmc_sd.o
    0x200002e5        -       0x000000c8   Zero   RW          175    .bss.UART1_Rx_Buff  usart.o
    0x200003ad        -       0x00000001   Zero   RW         1790    .bss.USBD_SetConfig.cfgidx  usbd_ctlreq.o
    0x200003ae   COMPRESSED   0x00000002   PAD
    0x200003b0        -       0x00000200   Zero   RW         1615    .bss.USBD_StrDesc   usbd_desc.o
    0x200005b0        -       0x00000870   Zero   RW         1713    .bss.USBD_static_malloc.mem  usbd_conf.o
    0x20000e20        -       0x00000054   Zero   RW          176    .bss.__stdout       usart.o
    0x20000e74        -       0x00000058   Zero   RW           32    .bss._at_LED        at_user.o
    0x20000ecc        -       0x00000032   Zero   RW         1199    .bss._errorToString.error_str  at.o
    0x20000efe        -       0x00000064   Zero   RW           31    .bss.at_user_readString  at_user.o
    0x20000f62   COMPRESSED   0x00000002   PAD
    0x20000f64        -       0x0000000c   Zero   RW         1505    .bss.disk           ff_gen_drv.o
    0x20000f70        -       0x000002c4   Zero   RW         1586    .bss.hUsbDeviceFS   usb_device.o
    0x20001234        -       0x000002f0   Zero   RW         1712    .bss.hpcd_USB_FS    usbd_conf.o
    0x20001524        -       0x00000058   Zero   RW          148    .bss.hspi2          spi.o
    0x2000157c   COMPRESSED   0x00000004   PAD
    0x20001580        -       0x00000800   Zero   RW         1261    .bss.mem1base       malloc.o
    0x20001d80        -       0x00000080   Zero   RW         1262    .bss.mem1mapbase    malloc.o
    0x20001e00        -       0x00000004   Zero   RW          486    .bss.uwTick         stm32f1xx_hal.o
    0x20001e04   COMPRESSED   0x00000004   PAD
    0x20001e08        -       0x00000200   Zero   RW            2    HEAP                startup_stm32f103xb.o
    0x20002008        -       0x00000400   Zero   RW            1    STACK               startup_stm32f103xb.o


==============================================================================

Image component sizes


      Code (inc. data)   RO Data    RW Data    ZI Data      Debug   Object Name

      1662        302         32          0         50      12148   at.o
        46          0          0          0          0       1826   at_mem.o
        60          0          0          0          0       2239   at_stream_device.o
       470        124         43         96        292       5963   at_user.o
        24          8          0          0          5       2562   fatfs.o
        70          4          0          0         12       2514   ff_gen_drv.o
       230         16          0          0          0       1692   gpio.o
       838         26      13300          0          0       7996   lcd.o
       984         36          0          0          0       2670   lcd_init.o
       588        164          0          0          0       4571   main.o
       350          4          0         20       2176       4434   malloc.o
      1078         88          0          0          1       7501   mmc_sd.o
       264         20          0          0         88       4719   spi.o
        64         26        236          0       1536        792   startup_stm32f103xb.o
       160         16          0          8          4       5888   stm32f1xx_hal.o
       234         32          0          0          0       8351   stm32f1xx_hal_cortex.o
       224         24          0          0          0       7565   stm32f1xx_hal_dma.o
       442         52          0          0          0       4570   stm32f1xx_hal_gpio.o
        68          8          0          0          0       1210   stm32f1xx_hal_msp.o
      2954          4          0          0          0      15423   stm32f1xx_hal_pcd.o
        50          0          0          0          0       4052   stm32f1xx_hal_pcd_ex.o
      1254         68          0          0          0       7402   stm32f1xx_hal_rcc.o
       228          8          0          0          0       3539   stm32f1xx_hal_rcc_ex.o
       900          4          0          0          0      22341   stm32f1xx_hal_spi.o
      1548         12          0          0          0      25099   stm32f1xx_hal_uart.o
        44          8          0          0          0       5909   stm32f1xx_it.o
      2128         24          0          0          0      13918   stm32f1xx_ll_usb.o
         2          0         24          4          0       1593   system_stm32f1xx.o
       436         48          0          0        368       6984   usart.o
        80         16          0          0        708       2905   usb_device.o
       554         32          0          0       2912      14818   usbd_conf.o
       656          0          0          0          0       7596   usbd_core.o
      1080         38          0          0          1       7889   usbd_ctlreq.o
       260         88          0         76        512       3722   usbd_desc.o
       102          0          0          0          0       4401   usbd_ioreq.o
       494         16          0        162          0       6938   usbd_msc.o
       544          8          0          0          0       7768   usbd_msc_bot.o
         0          0         23          0          0        681   usbd_msc_data.o
      1198         30          0          0          0      11251   usbd_msc_scsi.o
        90          0         36         32          0       2608   usbd_storage_if.o
       132          8          0         21          0       2807   user_diskio.o

    ----------------------------------------------------------------------
     22628       1362      13728        428       8696     268855   Object Totals
         0          0         32          0          0          0   (incl. Generated)
        38          0          2          9         31          0   (incl. Padding)

    ----------------------------------------------------------------------

      Code (inc. data)   RO Data    RW Data    ZI Data      Debug   Library Member Name

        24          4          0          0          0         84   __2printf.o
        90          0          0          0          0          0   __dczerorl2.o
         8          0          0          0          0         68   __main.o
       392          4         17          0          0         92   __printf_flags_ss_wp.o
        14          0          0          0          0         68   __printf_wp.o
         0          0          0          0          0          0   __rtentry.o
        12          0          0          0          0          0   __rtentry2.o
         6          0          0          0          0          0   __rtentry4.o
        52          8          0          0          0          0   __scatter.o
        28          0          0          0          0          0   __scatter_zi.o
        72          0          0          0          0         96   _c16rtomb.o
         6          0          0          0          0          0   _printf_a.o
         6          0          0          0          0          0   _printf_c.o
        44          0          0          0          0        108   _printf_char.o
        48          6          0          0          0         96   _printf_char_common.o
        36          4          0          0          0         80   _printf_char_file.o
        40          0          0          0          0         68   _printf_charcount.o
         6          0          0          0          0          0   _printf_d.o
       120         16          0          0          0         92   _printf_dec.o
         6          0          0          0          0          0   _printf_e.o
         6          0          0          0          0          0   _printf_f.o
         6          0          0          0          0          0   _printf_g.o
       148          4         40          0          0        160   _printf_hex_int_ll_ptr.o
         6          0          0          0          0          0   _printf_i.o
       178          0          0          0          0         88   _printf_intcommon.o
        10          0          0          0          0          0   _printf_l.o
         6          0          0          0          0          0   _printf_lc.o
        10          0          0          0          0          0   _printf_ll.o
         6          0          0          0          0          0   _printf_lld.o
         6          0          0          0          0          0   _printf_lli.o
         6          0          0          0          0          0   _printf_llo.o
         6          0          0          0          0          0   _printf_llu.o
         6          0          0          0          0          0   _printf_llx.o
       124         16          0          0          0         92   _printf_longlong_dec.o
         6          0          0          0          0          0   _printf_ls.o
         6          0          0          0          0          0   _printf_n.o
         6          0          0          0          0          0   _printf_o.o
       112          8          0          0          0        124   _printf_oct_int_ll.o
         6          0          0          0          0          0   _printf_p.o
        78          0          0          0          0        108   _printf_pad.o
         0          0          0          0          0          0   _printf_percent.o
         4          0          0          0          0          0   _printf_percent_end.o
         6          0          0          0          0          0   _printf_s.o
        82          0          0          0          0         80   _printf_str.o
        36          0          0          0          0         84   _printf_truncate.o
         6          0          0          0          0          0   _printf_u.o
        44          0          0          0          0        108   _printf_wchar.o
       188          6          8          0          0         92   _printf_wctomb.o
         6          0          0          0          0          0   _printf_x.o
        16          0          0          0          0         68   _snputc.o
        60          4          0          0          0         80   _vsnprintf.o
        18          0          0          0          0         80   exit.o
         8          0          0          0          0         68   ferror.o
         6          0          0          0          0        152   heapauxi.o
         0          0          0          0          0          0   indicate_semi.o
        44         10        272          0          0         76   lc_ctype_c.o
         2          0          0          0          0          0   libinit.o
        20          0          0          0          0          0   libinit2.o
         2          0          0          0          0          0   libshutdown.o
         2          0          0          0          0          0   libshutdown2.o
         8          4          0          0         96         68   libspace.o
       138          0          0          0          0         80   lludiv10.o
        44          4          0          0          0         84   puts.o
        16          4          0          0          0         76   rt_ctype_table.o
         8          4          0          0          0         68   rt_locale_intlibspace.o
        78          0          0          0          0         80   rt_memclr_w.o
         2          0          0          0          0          0   rtexit.o
        10          0          0          0          0          0   rtexit2.o
       128          0          0          0          0         68   strcmpv7m.o
        32          0          0          0          0         80   strcspn.o
        62          0          0          0          0         76   strlen.o
        28          0          0          0          0         80   strspn.o
        12          6          0          4          0         68   strtok.o
        68          4          0          0          0         84   strtok_int.o
        12          4          0          0          0         68   sys_exit.o
        74          0          0          0          0         80   sys_stackheap_outer.o
         2          0          0          0          0         68   use_no_semi.o
       388         76          0          0          0         96   fdiv.o
        54          4          0          0          0         84   ffix.o
        38          0          0          0          0         68   fflt_clz.o
       258          4          0          0          0         84   fmul.o
       140          4          0          0          0         84   fnaninf.o
        10          0          0          0          0         68   fretinf.o
         0          0          0          0          0          0   usenofp.o

    ----------------------------------------------------------------------
      3920        208        340          4         96       3924   Library Totals
        12          0          3          0          0          0   (incl. Padding)

    ----------------------------------------------------------------------

      Code (inc. data)   RO Data    RW Data    ZI Data      Debug   Library Name

      3020        120        337          4         96       3440   c_w.l
       888         88          0          0          0        484   fz_ws.l

    ----------------------------------------------------------------------
      3920        208        340          4         96       3924   Library Totals

    ----------------------------------------------------------------------

==============================================================================


      Code (inc. data)   RO Data    RW Data    ZI Data      Debug   

     26548       1570      14068        432       8792     269883   Grand Totals
     26548       1570      14068        256       8792     269883   ELF Image Totals (compressed)
     26548       1570      14068        256          0          0   ROM Totals

==============================================================================

    Total RO  Size (Code + RO Data)                40616 (  39.66kB)
    Total RW  Size (RW Data + ZI Data)              9224 (   9.01kB)
    Total ROM Size (Code + RO Data + RW Data)      40872 (  39.91kB)

==============================================================================

