Component: Arm Compiler for Embedded 6.19 Tool: armlink [5e73cb00]

==============================================================================

Section Cross References

    startup_stm32f103xb.o(STACK) refers (Special) to heapauxi.o(.text) for __use_two_region_memory
    startup_stm32f103xb.o(HEAP) refers (Special) to heapauxi.o(.text) for __use_two_region_memory
    startup_stm32f103xb.o(RESET) refers (Special) to heapauxi.o(.text) for __use_two_region_memory
    startup_stm32f103xb.o(RESET) refers to startup_stm32f103xb.o(STACK) for __initial_sp
    startup_stm32f103xb.o(RESET) refers to startup_stm32f103xb.o(.text) for Reset_Handler
    startup_stm32f103xb.o(RESET) refers to stm32f1xx_it.o(.text.NMI_Handler) for NMI_Handler
    startup_stm32f103xb.o(RESET) refers to stm32f1xx_it.o(.text.HardFault_Handler) for HardFault_Handler
    startup_stm32f103xb.o(RESET) refers to stm32f1xx_it.o(.text.MemManage_Handler) for MemManage_Handler
    startup_stm32f103xb.o(RESET) refers to stm32f1xx_it.o(.text.BusFault_Handler) for BusFault_Handler
    startup_stm32f103xb.o(RESET) refers to stm32f1xx_it.o(.text.UsageFault_Handler) for UsageFault_Handler
    startup_stm32f103xb.o(RESET) refers to stm32f1xx_it.o(.text.SVC_Handler) for SVC_Handler
    startup_stm32f103xb.o(RESET) refers to stm32f1xx_it.o(.text.DebugMon_Handler) for DebugMon_Handler
    startup_stm32f103xb.o(RESET) refers to stm32f1xx_it.o(.text.PendSV_Handler) for PendSV_Handler
    startup_stm32f103xb.o(RESET) refers to stm32f1xx_it.o(.text.SysTick_Handler) for SysTick_Handler
    startup_stm32f103xb.o(RESET) refers to stm32f1xx_it.o(.text.USB_LP_CAN1_RX0_IRQHandler) for USB_LP_CAN1_RX0_IRQHandler
    startup_stm32f103xb.o(RESET) refers to stm32f1xx_it.o(.text.USART1_IRQHandler) for USART1_IRQHandler
    startup_stm32f103xb.o(.text) refers (Special) to heapauxi.o(.text) for __use_two_region_memory
    startup_stm32f103xb.o(.text) refers to system_stm32f1xx.o(.text.SystemInit) for SystemInit
    startup_stm32f103xb.o(.text) refers to __main.o(!!!main) for __main
    startup_stm32f103xb.o(.text) refers to startup_stm32f103xb.o(HEAP) for Heap_Mem
    startup_stm32f103xb.o(.text) refers to startup_stm32f103xb.o(STACK) for Stack_Mem
    at_user.o(.text.at_user_init) refers to at_user.o(.bss..L_MergedGlobals.14) for .L_MergedGlobals.14
    at_user.o(.text.at_user_init) refers to at_user.o(.text.at_user_sdev_read) for at_user_sdev_read
    at_user.o(.text.at_user_init) refers to at_user.o(.text.at_user_sdev_print) for at_user_sdev_print
    at_user.o(.text.at_user_init) refers to at_user.o(.text.at_user_sdev_available) for at_user_sdev_available
    at_user.o(.text.at_user_init) refers to at_stream_device.o(.text.Stream_Init) for Stream_Init
    at_user.o(.text.at_user_init) refers to at_user.o(.bss.at_user_readString) for at_user_readString
    at_user.o(.text.at_user_init) refers to at_user.o(.data..L_MergedGlobals) for .L_MergedGlobals
    at_user.o(.text.at_user_init) refers to at.o(.text.At_Init) for At_Init
    at_user.o(.text.at_user_init) refers to at_user.o(.bss._at_LED) for _at_LED
    at_user.o(.text.at_user_init) refers to at.o(.text.At_Create) for At_Create
    at_user.o(.ARM.exidx.text.at_user_init) refers to at_user.o(.text.at_user_init) for [Anonymous Symbol]
    at_user.o(.text.at_user_sdev_print) refers to strlen.o(.text) for strlen
    at_user.o(.text.at_user_sdev_print) refers to usart.o(.bss..L_MergedGlobals) for huart1
    at_user.o(.text.at_user_sdev_print) refers to stm32f1xx_hal_uart.o(.text.HAL_UART_Transmit) for HAL_UART_Transmit
    at_user.o(.ARM.exidx.text.at_user_sdev_print) refers to at_user.o(.text.at_user_sdev_print) for [Anonymous Symbol]
    at_user.o(.text.at_user_sdev_available) refers to usart.o(.text.Get_UART1_Rx_Len) for Get_UART1_Rx_Len
    at_user.o(.ARM.exidx.text.at_user_sdev_available) refers to at_user.o(.text.at_user_sdev_available) for [Anonymous Symbol]
    at_user.o(.text.at_user_sdev_read) refers to usart.o(.text.Read_UART1_Rx) for Read_UART1_Rx
    at_user.o(.ARM.exidx.text.at_user_sdev_read) refers to at_user.o(.text.at_user_sdev_read) for [Anonymous Symbol]
    at_user.o(.text.at_user_AT) refers to at_user.o(.bss..L_MergedGlobals.14) for .L_MergedGlobals.14
    at_user.o(.text.at_user_AT) refers to at_user.o(.rodata.str1.1) for .L.str.5
    at_user.o(.ARM.exidx.text.at_user_AT) refers to at_user.o(.text.at_user_AT) for [Anonymous Symbol]
    at_user.o(.text.at_user_AT_List) refers to at_user.o(.bss..L_MergedGlobals.14) for .L_MergedGlobals.14
    at_user.o(.ARM.exidx.text.at_user_AT_List) refers to at_user.o(.text.at_user_AT_List) for [Anonymous Symbol]
    at_user.o(.text.at_user_AT_Reboot) refers to stm32f1xx_hal_cortex.o(.text.HAL_NVIC_SystemReset) for HAL_NVIC_SystemReset
    at_user.o(.ARM.exidx.text.at_user_AT_Reboot) refers to at_user.o(.text.at_user_AT_Reboot) for [Anonymous Symbol]
    at_user.o(.text.at_user_AT_LED) refers to strlen.o(.text) for strlen
[...]
    strtok                                   0x08000595   Thumb Code     6  strtok.o(.text)
    strlen                                   0x080005a1   Thumb Code    62  strlen.o(.text)
    __aeabi_memset                           0x080005df   Thumb Code    16  aeabi_memset.o(.text)
    __aeabi_memclr                           0x080005ef   Thumb Code     0  rt_memclr.o(.text)
    __rt_memclr                              0x080005ef   Thumb Code     0  rt_memclr.o(.text)
    _memset                                  0x080005f3   Thumb Code    64  rt_memclr.o(.text)
    __aeabi_memclr4                          0x08000633   Thumb Code     0  rt_memclr_w.o(.text)
    __aeabi_memclr8                          0x08000633   Thumb Code     0  rt_memclr_w.o(.text)
    __rt_memclr_w                            0x08000633   Thumb Code     0  rt_memclr_w.o(.text)
    _memset_w                                0x08000637   Thumb Code    74  rt_memclr_w.o(.text)
    __use_two_region_memory                  0x08000681   Thumb Code     2  heapauxi.o(.text)
    __rt_heap_escrow$2region                 0x08000683   Thumb Code     2  heapauxi.o(.text)
    __rt_heap_expand$2region                 0x08000685   Thumb Code     2  heapauxi.o(.text)
    _printf_truncate_signed                  0x08000687   Thumb Code    18  _printf_truncate.o(.text)
    _printf_truncate_unsigned                0x08000699   Thumb Code    18  _printf_truncate.o(.text)
    _printf_str                              0x080006ab   Thumb Code    82  _printf_str.o(.text)
    _printf_int_common                       0x080006fd   Thumb Code   178  _printf_intcommon.o(.text)
    _printf_int_dec                          0x080007b1   Thumb Code   104  _printf_dec.o(.text)
    _printf_charcount                        0x08000829   Thumb Code    40  _printf_charcount.o(.text)
    _printf_char_common                      0x0800085b   Thumb Code    32  _printf_char_common.o(.text)
    _snputc                                  0x08000881   Thumb Code    16  _snputc.o(.text)
    _printf_char_file                        0x08000891   Thumb Code    32  _printf_char_file.o(.text)
    _printf_wctomb                           0x080008b5   Thumb Code   182  _printf_wctomb.o(.text)
    _printf_longlong_dec                     0x08000971   Thumb Code   108  _printf_longlong_dec.o(.text)
    _printf_longlong_oct                     0x080009ed   Thumb Code    68  _printf_oct_int_ll.o(.text)
    _printf_int_oct                          0x08000a31   Thumb Code    24  _printf_oct_int_ll.o(.text)
    _printf_ll_oct                           0x08000a49   Thumb Code    12  _printf_oct_int_ll.o(.text)
    __strtok_internal                        0x08000a5d   Thumb Code    64  strtok_int.o(.text)
    _ll_udiv10                               0x08000aa1   Thumb Code   138  lludiv10.o(.text)
    _printf_cs_common                        0x08000b2b   Thumb Code    20  _printf_char.o(.text)
    _printf_char                             0x08000b3f   Thumb Code    16  _printf_char.o(.text)
    _printf_string                           0x08000b4f   Thumb Code     8  _printf_char.o(.text)
    _printf_lcs_common                       0x08000b57   Thumb Code    20  _printf_wchar.o(.text)
    _printf_wchar                            0x08000b6b   Thumb Code    16  _printf_wchar.o(.text)
    _printf_wstring                          0x08000b7b   Thumb Code     8  _printf_wchar.o(.text)
    ferror                                   0x08000b83   Thumb Code     8  ferror.o(.text)
    _c16rtomb                                0x08000b8b   Thumb Code    72  _c16rtomb.o(.text)
    _wcrtomb                                 0x08000b8b   Thumb Code     0  _c16rtomb.o(.text)
    strcspn                                  0x08000bd3   Thumb Code    32  strcspn.o(.text)
    strspn                                   0x08000bf3   Thumb Code    28  strspn.o(.text)
    __user_setup_stackheap                   0x08000c0f   Thumb Code    74  sys_stackheap_outer.o(.text)
    __rt_ctype_table                         0x08000c59   Thumb Code    16  rt_ctype_table.o(.text)
    exit                                     0x08000c69   Thumb Code    18  exit.o(.text)
    __user_libspace                          0x08000c7d   Thumb Code     8  libspace.o(.text)
    __user_perproc_libspace                  0x08000c7d   Thumb Code     0  libspace.o(.text)
    __user_perthread_libspace                0x08000c7d   Thumb Code     0  libspace.o(.text)
    __rt_locale                              0x08000c85   Thumb Code     8  rt_locale_intlibspace.o(.text)
    strcmp                                   0x08000c8d   Thumb Code   128  strcmpv7m.o(.text)
    _sys_exit                                0x08000d0d   Thumb Code     8  sys_exit.o(.text)
    __I$use$semihosting                      0x08000d19   Thumb Code     0  use_no_semi.o(.text)
    __use_no_semihosting_swi                 0x08000d19   Thumb Code     2  use_no_semi.o(.text)
    __semihosting_library_function           0x08000d1b   Thumb Code     0  indicate_semi.o(.text)
    At_Create                                0x08000d1d   Thumb Code   834  at.o(.text.At_Create)
    At_Init                                  0x08001061   Thumb Code   480  at.o(.text.At_Init)
    BusFault_Handler                         0x08001241   Thumb Code     2  stm32f1xx_it.o(.text.BusFault_Handler)
    DebugMon_Handler                         0x08001245   Thumb Code     2  stm32f1xx_it.o(.text.DebugMon_Handler)
    Error_Handler                            0x08001249   Thumb Code    10  main.o(.text.Error_Handler)
    FATFS_LinkDriver                         0x08001255   Thumb Code    76  ff_gen_drv.o(.text.FATFS_LinkDriver)
    Get_UART1_Rx_Len                         0x080012a1   Thumb Code    42  usart.o(.text.Get_UART1_Rx_Len)
    HAL_DMA_Abort                            0x080012cd   Thumb Code    70  stm32f1xx_hal_dma.o(.text.HAL_DMA_Abort)
    HAL_DMA_Abort_IT                         0x08001315   Thumb Code   178  stm32f1xx_hal_dma.o(.text.HAL_DMA_Abort_IT)
    HAL_Delay                                0x080013c9   Thumb Code    92  main.o(.text.HAL_Delay)
    HAL_GPIO_Init                            0x08001425   Thumb Code   538  stm32f1xx_hal_gpio.o(.text.HAL_GPIO_Init)
    HAL_GPIO_WritePin                        0x08001641   Thumb Code    10  stm32f1xx_hal_gpio.o(.text.HAL_GPIO_WritePin)
    HAL_GetTick                              0x0800164d   Thumb Code    12  stm32f1xx_hal.o(.text.HAL_GetTick)
    HAL_IncTick                              0x08001659   Thumb Code    26  stm32f1xx_hal.o(.text.HAL_IncTick)
    HAL_Init                                 0x08001675   Thumb Code    38  stm32f1xx_hal.o(.text.HAL_Init)
    HAL_InitTick                             0x0800169d   Thumb Code    72  stm32f1xx_hal.o(.text.HAL_InitTick)
    HAL_MspInit                              0x080016e5   Thumb Code    74  stm32f1xx_hal_msp.o(.text.HAL_MspInit)
    HAL_NVIC_EnableIRQ                       0x08001731   Thumb Code    38  stm32f1xx_hal_cortex.o(.text.HAL_NVIC_EnableIRQ)
    HAL_NVIC_SetPriority                     0x08001759   Thumb Code    86  stm32f1xx_hal_cortex.o(.text.HAL_NVIC_SetPriority)
    HAL_NVIC_SetPriorityGrouping             0x080017b1   Thumb Code    32  stm32f1xx_hal_cortex.o(.text.HAL_NVIC_SetPriorityGrouping)
    HAL_NVIC_SystemReset                     0x080017d1   Thumb Code     4  stm32f1xx_hal_cortex.o(.text.HAL_NVIC_SystemReset)
    HAL_PCDEx_PMAConfig                      0x080017d5   Thumb Code    58  stm32f1xx_hal_pcd_ex.o(.text.HAL_PCDEx_PMAConfig)
    HAL_PCDEx_SetConnectionState             0x08001811   Thumb Code     2  usbd_conf.o(.text.HAL_PCDEx_SetConnectionState)
    HAL_PCD_DataInStageCallback              0x08001815   Thumb Code    20  usbd_conf.o(.text.HAL_PCD_DataInStageCallback)
    HAL_PCD_DataOutStageCallback             0x08001829   Thumb Code    22  usbd_conf.o(.text.HAL_PCD_DataOutStageCallback)
    HAL_PCD_EP_Close                         0x08001841   Thumb Code    80  stm32f1xx_hal_pcd.o(.text.HAL_PCD_EP_Close)
    HAL_PCD_EP_ClrStall                      0x08001891   Thumb Code   100  stm32f1xx_hal_pcd.o(.text.HAL_PCD_EP_ClrStall)
    HAL_PCD_EP_Flush                         0x080018f5   Thumb Code    60  stm32f1xx_hal_pcd.o(.text.HAL_PCD_EP_Flush)
    HAL_PCD_EP_GetRxCount                    0x08001931   Thumb Code    18  stm32f1xx_hal_pcd.o(.text.HAL_PCD_EP_GetRxCount)
    HAL_PCD_EP_Open                          0x08001945   Thumb Code    96  stm32f1xx_hal_pcd.o(.text.HAL_PCD_EP_Open)
    HAL_PCD_EP_Receive                       0x080019a5   Thumb Code    50  stm32f1xx_hal_pcd.o(.text.HAL_PCD_EP_Receive)
    HAL_PCD_EP_SetStall                      0x080019d9   Thumb Code   122  stm32f1xx_hal_pcd.o(.text.HAL_PCD_EP_SetStall)
    HAL_PCD_EP_Transmit                      0x08001a55   Thumb Code    54  stm32f1xx_hal_pcd.o(.text.HAL_PCD_EP_Transmit)
    HAL_PCD_IRQHandler                       0x08001a8d   Thumb Code  2454  stm32f1xx_hal_pcd.o(.text.HAL_PCD_IRQHandler)
    HAL_PCD_Init                             0x08002425   Thumb Code   232  stm32f1xx_hal_pcd.o(.text.HAL_PCD_Init)
    HAL_PCD_MspInit                          0x0800250d   Thumb Code    70  usbd_conf.o(.text.HAL_PCD_MspInit)
    HAL_PCD_ResetCallback                    0x08002555   Thumb Code    36  usbd_conf.o(.text.HAL_PCD_ResetCallback)
    HAL_PCD_ResumeCallback                   0x08002579   Thumb Code     8  usbd_conf.o(.text.HAL_PCD_ResumeCallback)
    HAL_PCD_SOFCallback                      0x08002581   Thumb Code     8  usbd_conf.o(.text.HAL_PCD_SOFCallback)
    HAL_PCD_SetAddress                       0x08002589   Thumb Code    40  stm32f1xx_hal_pcd.o(.text.HAL_PCD_SetAddress)
    HAL_PCD_SetupStageCallback               0x080025b1   Thumb Code    14  usbd_conf.o(.text.HAL_PCD_SetupStageCallback)
    HAL_PCD_Start                            0x080025c1   Thumb Code    50  stm32f1xx_hal_pcd.o(.text.HAL_PCD_Start)
    HAL_PCD_SuspendCallback                  0x080025f5   Thumb Code    38  usbd_conf.o(.text.HAL_PCD_SuspendCallback)
    HAL_RCCEx_PeriphCLKConfig                0x0800261d   Thumb Code   266  stm32f1xx_hal_rcc_ex.o(.text.HAL_RCCEx_PeriphCLKConfig)
    HAL_RCC_ClockConfig                      0x08002729   Thumb Code   446  stm32f1xx_hal_rcc.o(.text.HAL_RCC_ClockConfig)
    HAL_RCC_GetPCLK1Freq                     0x080028e9   Thumb Code    38  stm32f1xx_hal_rcc.o(.text.HAL_RCC_GetPCLK1Freq)
    HAL_RCC_GetPCLK2Freq                     0x08002911   Thumb Code    38  stm32f1xx_hal_rcc.o(.text.HAL_RCC_GetPCLK2Freq)
    HAL_RCC_OscConfig                        0x08002939   Thumb Code   948  stm32f1xx_hal_rcc.o(.text.HAL_RCC_OscConfig)
    HAL_SPI_Init                             0x08002ced   Thumb Code   172  stm32f1xx_hal_spi.o(.text.HAL_SPI_Init)
    HAL_SPI_MspInit                          0x08002d99   Thumb Code   122  spi.o(.text.HAL_SPI_MspInit)
    HAL_SPI_TransmitReceive                  0x08002e15   Thumb Code   720  stm32f1xx_hal_spi.o(.text.HAL_SPI_TransmitReceive)
    HAL_SYSTICK_Config                       0x080030e5   Thumb Code    44  stm32f1xx_hal_cortex.o(.text.HAL_SYSTICK_Config)
    HAL_UARTEx_RxEventCallback               0x08003111   Thumb Code     2  stm32f1xx_hal_uart.o(.text.HAL_UARTEx_RxEventCallback)
    HAL_UART_ErrorCallback                   0x08003115   Thumb Code     2  stm32f1xx_hal_uart.o(.text.HAL_UART_ErrorCallback)
    HAL_UART_IRQHandler                      0x08003119   Thumb Code  1376  stm32f1xx_hal_uart.o(.text.HAL_UART_IRQHandler)
    HAL_UART_Init                            0x08003679   Thumb Code   226  stm32f1xx_hal_uart.o(.text.HAL_UART_Init)
    HAL_UART_MspInit                         0x0800375d   Thumb Code   138  usart.o(.text.HAL_UART_MspInit)
    HAL_UART_Receive_IT                      0x080037e9   Thumb Code    82  stm32f1xx_hal_uart.o(.text.HAL_UART_Receive_IT)
    HAL_UART_RxCpltCallback                  0x0800383d   Thumb Code   112  usart.o(.text.HAL_UART_RxCpltCallback)
    HAL_UART_Transmit                        0x080038ad   Thumb Code   632  stm32f1xx_hal_uart.o(.text.HAL_UART_Transmit)
    HAL_UART_TxCpltCallback                  0x08003b25   Thumb Code     2  stm32f1xx_hal_uart.o(.text.HAL_UART_TxCpltCallback)
    HardFault_Handler                        0x08003b29   Thumb Code     2  stm32f1xx_it.o(.text.HardFault_Handler)
    MMC_SD_Card_Init                         0x08003b2d   Thumb Code    80  mmc_sd.o(.text.MMC_SD_Card_Init)
    MSC_BOT_CplClrFeature                    0x08003c11   Thumb Code    96  usbd_msc_bot.o(.text.MSC_BOT_CplClrFeature)
    MSC_BOT_DataIn                           0x08003c71   Thumb Code   126  usbd_msc_bot.o(.text.MSC_BOT_DataIn)
    MSC_BOT_DataOut                          0x08003cf1   Thumb Code   316  usbd_msc_bot.o(.text.MSC_BOT_DataOut)
    MSC_BOT_DeInit                           0x08003e2d   Thumb Code    10  usbd_msc_bot.o(.text.MSC_BOT_DeInit)
    MSC_BOT_Init                             0x08003e39   Thumb Code    56  usbd_msc_bot.o(.text.MSC_BOT_Init)
    MSC_BOT_Reset                            0x08003e71   Thumb Code    30  usbd_msc_bot.o(.text.MSC_BOT_Reset)
    MSC_BOT_SendCSW                          0x08003e91   Thumb Code    60  usbd_msc_bot.o(.text.MSC_BOT_SendCSW)
    MX_FATFS_Init                            0x08003f01   Thumb Code    28  fatfs.o(.text.MX_FATFS_Init)
    MX_GPIO_Init                             0x08003f1d   Thumb Code   142  gpio.o(.text.MX_GPIO_Init)
    MX_SPI2_Init                             0x08003fad   Thumb Code    82  spi.o(.text.MX_SPI2_Init)
    MX_USART1_UART_Init                      0x08004001   Thumb Code    74  usart.o(.text.MX_USART1_UART_Init)
    MX_USB_DEVICE_Init                       0x0800404d   Thumb Code   114  usb_device.o(.text.MX_USB_DEVICE_Init)
    MemManage_Handler                        0x080040c1   Thumb Code     2  stm32f1xx_it.o(.text.MemManage_Handler)
    NMI_Handler                              0x080040c5   Thumb Code     2  stm32f1xx_it.o(.text.NMI_Handler)
    PendSV_Handler                           0x080040c9   Thumb Code     2  stm32f1xx_it.o(.text.PendSV_Handler)
    Read_UART1_Rx                            0x080040cd   Thumb Code    86  usart.o(.text.Read_UART1_Rx)
    SCSI_ProcessCmd                          0x08004125   Thumb Code  1628  usbd_msc_scsi.o(.text.SCSI_ProcessCmd)
    SCSI_SenseCode                           0x08004781   Thumb Code    38  usbd_msc_scsi.o(.text.SCSI_SenseCode)
    SD_Init                                  0x080047a9   Thumb Code   478  mmc_sd.o(.text.SD_Init)
    SD_ReadDisk                              0x08004989   Thumb Code   280  mmc_sd.o(.text.SD_ReadDisk)
    SD_SendCmd                               0x08004aa1   Thumb Code   176  mmc_sd.o(.text.SD_SendCmd)
    SD_WriteDisk                             0x08004b51   Thumb Code   304  mmc_sd.o(.text.SD_WriteDisk)
    SPI2_ReadWriteByte                       0x08004c81   Thumb Code    46  spi.o(.text.SPI2_ReadWriteByte)
    SPI2_SetSpeed                            0x08004cb1   Thumb Code    44  spi.o(.text.SPI2_SetSpeed)
    SVC_Handler                              0x08004e1d   Thumb Code     2  stm32f1xx_it.o(.text.SVC_Handler)
    Stream_Init                              0x08004e21   Thumb Code    82  at_stream_device.o(.text.Stream_Init)
    SysTick_Handler                          0x08004e75   Thumb Code     4  stm32f1xx_it.o(.text.SysTick_Handler)
    SystemInit                               0x08004e79   Thumb Code     2  system_stm32f1xx.o(.text.SystemInit)
    USART1_IRQHandler                        0x08004f89   Thumb Code    12  stm32f1xx_it.o(.text.USART1_IRQHandler)
    USBD_ClrClassConfig                      0x08004f95   Thumb Code    14  usbd_core.o(.text.USBD_ClrClassConfig)
    USBD_CtlContinueRx                       0x08004fa5   Thumb Code    16  usbd_ioreq.o(.text.USBD_CtlContinueRx)
    USBD_CtlContinueSendData                 0x08004fb5   Thumb Code    16  usbd_ioreq.o(.text.USBD_CtlContinueSendData)
    USBD_CtlError                            0x08004fc5   Thumb Code    22  usbd_ctlreq.o(.text.USBD_CtlError)
    USBD_CtlReceiveStatus                    0x08004fdd   Thumb Code    22  usbd_ioreq.o(.text.USBD_CtlReceiveStatus)
    USBD_CtlSendData                         0x08004ff5   Thumb Code    26  usbd_ioreq.o(.text.USBD_CtlSendData)
    USBD_CtlSendStatus                       0x08005011   Thumb Code    22  usbd_ioreq.o(.text.USBD_CtlSendStatus)
    USBD_FS_ConfigStrDescriptor              0x08005029   Thumb Code    24  usbd_desc.o(.text.USBD_FS_ConfigStrDescriptor)
    USBD_FS_DeviceDescriptor                 0x0800504d   Thumb Code    14  usbd_desc.o(.text.USBD_FS_DeviceDescriptor)
    USBD_FS_InterfaceStrDescriptor           0x0800505d   Thumb Code    24  usbd_desc.o(.text.USBD_FS_InterfaceStrDescriptor)
    USBD_FS_LangIDStrDescriptor              0x08005085   Thumb Code    14  usbd_desc.o(.text.USBD_FS_LangIDStrDescriptor)
    USBD_FS_ManufacturerStrDescriptor        0x08005095   Thumb Code    24  usbd_desc.o(.text.USBD_FS_ManufacturerStrDescriptor)
    USBD_FS_ProductStrDescriptor             0x080050c1   Thumb Code    24  usbd_desc.o(.text.USBD_FS_ProductStrDescriptor)
    USBD_FS_SerialStrDescriptor              0x080050ed   Thumb Code   364  usbd_desc.o(.text.USBD_FS_SerialStrDescriptor)
    USBD_GetString                           0x08005259   Thumb Code   218  usbd_ctlreq.o(.text.USBD_GetString)
    USBD_Init                                0x08005335   Thumb Code    48  usbd_core.o(.text.USBD_Init)
    USBD_LL_ClearStallEP                     0x08005365   Thumb Code    34  usbd_conf.o(.text.USBD_LL_ClearStallEP)
    USBD_LL_CloseEP                          0x08005389   Thumb Code    34  usbd_conf.o(.text.USBD_LL_CloseEP)
    USBD_LL_DataInStage                      0x080053ad   Thumb Code   202  usbd_core.o(.text.USBD_LL_DataInStage)
    USBD_LL_DataOutStage                     0x08005479   Thumb Code   138  usbd_core.o(.text.USBD_LL_DataOutStage)
    USBD_LL_FlushEP                          0x08005505   Thumb Code    34  usbd_conf.o(.text.USBD_LL_FlushEP)
    USBD_LL_GetRxDataSize                    0x08005529   Thumb Code     8  usbd_conf.o(.text.USBD_LL_GetRxDataSize)
    USBD_LL_Init                             0x08005531   Thumb Code   116  usbd_conf.o(.text.USBD_LL_Init)
    USBD_LL_IsStallEP                        0x080055a5   Thumb Code    34  usbd_conf.o(.text.USBD_LL_IsStallEP)
    USBD_LL_OpenEP                           0x080055c9   Thumb Code    40  usbd_conf.o(.text.USBD_LL_OpenEP)
    USBD_LL_PrepareReceive                   0x080055f1   Thumb Code    34  usbd_conf.o(.text.USBD_LL_PrepareReceive)
    USBD_LL_Reset                            0x08005615   Thumb Code    84  usbd_core.o(.text.USBD_LL_Reset)
    USBD_LL_Resume                           0x08005669   Thumb Code    20  usbd_core.o(.text.USBD_LL_Resume)
    USBD_LL_SOF                              0x0800567d   Thumb Code    26  usbd_core.o(.text.USBD_LL_SOF)
    USBD_LL_SetSpeed                         0x08005699   Thumb Code     8  usbd_core.o(.text.USBD_LL_SetSpeed)
    USBD_LL_SetUSBAddress                    0x080056a1   Thumb Code    34  usbd_conf.o(.text.USBD_LL_SetUSBAddress)
    USBD_LL_SetupStage                       0x080056c5   Thumb Code    98  usbd_core.o(.text.USBD_LL_SetupStage)
    USBD_LL_StallEP                          0x08005729   Thumb Code    34  usbd_conf.o(.text.USBD_LL_StallEP)
    USBD_LL_Start                            0x0800574d   Thumb Code    34  usbd_conf.o(.text.USBD_LL_Start)
    USBD_LL_Suspend                          0x08005771   Thumb Code    20  usbd_core.o(.text.USBD_LL_Suspend)
    USBD_LL_Transmit                         0x08005785   Thumb Code    34  usbd_conf.o(.text.USBD_LL_Transmit)
    USBD_MSC_DataIn                          0x080057a9   Thumb Code    10  usbd_msc.o(.text.USBD_MSC_DataIn)
    USBD_MSC_DataOut                         0x080057b5   Thumb Code    10  usbd_msc.o(.text.USBD_MSC_DataOut)
    USBD_MSC_DeInit                          0x080057c1   Thumb Code    50  usbd_msc.o(.text.USBD_MSC_DeInit)
    USBD_MSC_GetDeviceQualifierDescriptor    0x080057f5   Thumb Code    16  usbd_msc.o(.text.USBD_MSC_GetDeviceQualifierDescriptor)
    USBD_MSC_GetFSCfgDesc                    0x08005805   Thumb Code    16  usbd_msc.o(.text.USBD_MSC_GetFSCfgDesc)
    USBD_MSC_GetHSCfgDesc                    0x08005815   Thumb Code    16  usbd_msc.o(.text.USBD_MSC_GetHSCfgDesc)
    USBD_MSC_GetOtherSpeedCfgDesc            0x08005825   Thumb Code    16  usbd_msc.o(.text.USBD_MSC_GetOtherSpeedCfgDesc)
    USBD_MSC_Init                            0x08005835   Thumb Code    80  usbd_msc.o(.text.USBD_MSC_Init)
    USBD_MSC_RegisterStorage                 0x08005885   Thumb Code    12  usbd_msc.o(.text.USBD_MSC_RegisterStorage)
    USBD_MSC_Setup                           0x08005891   Thumb Code   346  usbd_msc.o(.text.USBD_MSC_Setup)
    USBD_ParseSetupRequest                   0x080059ed   Thumb Code    22  usbd_ctlreq.o(.text.USBD_ParseSetupRequest)
    USBD_RegisterClass                       0x08005a05   Thumb Code    14  usbd_core.o(.text.USBD_RegisterClass)
    USBD_SetClassConfig                      0x08005a15   Thumb Code    28  usbd_core.o(.text.USBD_SetClassConfig)
    USBD_Start                               0x08005a31   Thumb Code    10  usbd_core.o(.text.USBD_Start)
    USBD_StdDevReq                           0x08005a3d   Thumb Code   714  usbd_ctlreq.o(.text.USBD_StdDevReq)
    USBD_StdEPReq                            0x08005d09   Thumb Code   326  usbd_ctlreq.o(.text.USBD_StdEPReq)
    USBD_StdItfReq                           0x08005e51   Thumb Code   118  usbd_ctlreq.o(.text.USBD_StdItfReq)
    USBD_static_free                         0x08005ec9   Thumb Code     2  usbd_conf.o(.text.USBD_static_free)
    USBD_static_malloc                       0x08005ecd   Thumb Code    10  usbd_conf.o(.text.USBD_static_malloc)
    USB_ActivateEndpoint                     0x08005ed9   Thumb Code   588  stm32f1xx_ll_usb.o(.text.USB_ActivateEndpoint)
    USB_CoreInit                             0x08006125   Thumb Code     4  stm32f1xx_ll_usb.o(.text.USB_CoreInit)
    USB_DeactivateEndpoint                   0x08006129   Thumb Code   226  stm32f1xx_ll_usb.o(.text.USB_DeactivateEndpoint)
    USB_DevConnect                           0x0800620d   Thumb Code     4  stm32f1xx_ll_usb.o(.text.USB_DevConnect)
    USB_DevDisconnect                        0x08006211   Thumb Code     4  stm32f1xx_ll_usb.o(.text.USB_DevDisconnect)
    USB_DevInit                              0x08006215   Thumb Code    26  stm32f1xx_ll_usb.o(.text.USB_DevInit)
    USB_DisableGlobalInt                     0x08006231   Thumb Code    20  stm32f1xx_ll_usb.o(.text.USB_DisableGlobalInt)
    USB_EP0_OutStart                         0x08006245   Thumb Code     4  stm32f1xx_ll_usb.o(.text.USB_EP0_OutStart)
    USB_EPClearStall                         0x08006249   Thumb Code   124  stm32f1xx_ll_usb.o(.text.USB_EPClearStall)
    USB_EPSetStall                           0x080062c5   Thumb Code    50  stm32f1xx_ll_usb.o(.text.USB_EPSetStall)
    USB_EPStartXfer                          0x080062f9   Thumb Code  2110  stm32f1xx_ll_usb.o(.text.USB_EPStartXfer)
    USB_EnableGlobalInt                      0x08006b39   Thumb Code    20  stm32f1xx_ll_usb.o(.text.USB_EnableGlobalInt)
    USB_FlushRxFifo                          0x08006b4d   Thumb Code     4  stm32f1xx_ll_usb.o(.text.USB_FlushRxFifo)
    USB_FlushTxFifo                          0x08006b51   Thumb Code     4  stm32f1xx_ll_usb.o(.text.USB_FlushTxFifo)
    USB_LP_CAN1_RX0_IRQHandler               0x08006b55   Thumb Code    12  stm32f1xx_it.o(.text.USB_LP_CAN1_RX0_IRQHandler)
    USB_ReadInterrupts                       0x08006b61   Thumb Code     6  stm32f1xx_ll_usb.o(.text.USB_ReadInterrupts)
    USB_ReadPMA                              0x08006b69   Thumb Code   160  stm32f1xx_ll_usb.o(.text.USB_ReadPMA)
    USB_SetCurrentMode                       0x08006c09   Thumb Code     4  stm32f1xx_ll_usb.o(.text.USB_SetCurrentMode)
    USB_SetDevAddress                        0x08006c0d   Thumb Code    14  stm32f1xx_ll_usb.o(.text.USB_SetDevAddress)
    USB_WritePMA                             0x08006c1d   Thumb Code   134  stm32f1xx_ll_usb.o(.text.USB_WritePMA)
    USER_initialize                          0x08006ca5   Thumb Code    70  user_diskio.o(.text.USER_initialize)
    USER_ioctl                               0x08006ced   Thumb Code     4  user_diskio.o(.text.USER_ioctl)
    USER_read                                0x08006cf1   Thumb Code    30  user_diskio.o(.text.USER_read)
    USER_status                              0x08006d11   Thumb Code    24  user_diskio.o(.text.USER_status)
    USER_write                               0x08006d29   Thumb Code    30  user_diskio.o(.text.USER_write)
    UsageFault_Handler                       0x08006d49   Thumb Code     2  stm32f1xx_it.o(.text.UsageFault_Handler)
    _handleAuto                              0x08007279   Thumb Code    90  at.o(.text._handleAuto)
    _sendInfor                               0x08007405   Thumb Code    16  at.o(.text._sendInfor)
    at_free                                  0x08007445   Thumb Code     8  at_mem.o(.text.at_free)
    at_malloc                                0x0800744d   Thumb Code     8  at_mem.o(.text.at_malloc)
    at_memcmp                                0x08007455   Thumb Code     4  at_mem.o(.text.at_memcmp)
    at_memcpy                                0x08007459   Thumb Code    12  at_mem.o(.text.at_memcpy)
    at_memset                                0x08007465   Thumb Code    14  at_mem.o(.text.at_memset)
    at_user_init                             0x080075ad   Thumb Code   146  at_user.o(.text.at_user_init)
    disk_initialize                          0x08007699   Thumb Code    36  diskio.o(.text.disk_initialize)
    disk_read                                0x080076bd   Thumb Code    32  diskio.o(.text.disk_read)
    disk_write                               0x080076dd   Thumb Code    32  diskio.o(.text.disk_write)
    fputc                                    0x080076fd   Thumb Code    40  usart.o(.text.fputc)
    main                                     0x08007725   Thumb Code   204  main.o(.text.main)
    my_mem_init                              0x08007849   Thumb Code    42  malloc.o(.text.my_mem_init)
    my_mem_perused                           0x08007875   Thumb Code   188  malloc.o(.text.my_mem_perused)
    myfree                                   0x08007931   Thumb Code    72  malloc.o(.text.myfree)
    mymalloc                                 0x08007979   Thumb Code   620  malloc.o(.text.mymalloc)
    mymemcmp                                 0x08007be5   Thumb Code    90  malloc.o(.text.mymemcmp)
    mymemcpy                                 0x08007c41   Thumb Code   114  malloc.o(.text.mymemcpy)
    mymemset                                 0x08007cb5   Thumb Code    20  malloc.o(.text.mymemset)
    _is_digit                                0x08007cc9   Thumb Code    14  __printf_wp.o(i._is_digit)
    _get_lc_ctype                            0x08007cd9   Thumb Code    44  lc_ctype_c.o(locale$$code)
    AHBPrescTable                            0x08007d48   Data          16  system_stm32f1xx.o(.rodata.AHBPrescTable)
    APBPrescTable                            0x08007d58   Data           8  system_stm32f1xx.o(.rodata.APBPrescTable)
    MSC_Mode_Sense10_data                    0x08007d62   Data           8  usbd_msc_data.o(.rodata.MSC_Mode_Sense10_data)
    MSC_Mode_Sense6_data                     0x08007d6a   Data           8  usbd_msc_data.o(.rodata.MSC_Mode_Sense6_data)
    MSC_Page00_Inquiry_Data                  0x08007d72   Data           7  usbd_msc_data.o(.rodata.MSC_Page00_Inquiry_Data)
    STORAGE_Inquirydata_FS                   0x08007d79   Data          36  usbd_storage_if.o(.rodata.STORAGE_Inquirydata_FS)
    Region$$Table$$Base                      0x08007df8   Number         0  anon$$obj.o(Region$$Table)
    Region$$Table$$Limit                     0x08007e18   Number         0  anon$$obj.o(Region$$Table)
    __ctype                                  0x08007e25   Data           0  lc_ctype_c.o(locale$$data)
    uwTickFreq                               0x20000064   Data           1  stm32f1xx_hal.o(.data..L_MergedGlobals)
    uwTickPrio                               0x20000068   Data           4  stm32f1xx_hal.o(.data..L_MergedGlobals)
    FS_Desc                                  0x2000006c   Data          28  usbd_desc.o(.data.FS_Desc)
    SystemCoreClock                          0x2000008c   Data           4  system_stm32f1xx.o(.data.SystemCoreClock)
    USBD_FS_DeviceDesc                       0x20000090   Data          18  usbd_desc.o(.data.USBD_FS_DeviceDesc)
    USBD_LangIDDesc                          0x200000a4   Data           4  usbd_desc.o(.data.USBD_LangIDDesc)
    USBD_MSC                                 0x200000a8   Data          56  usbd_msc.o(.data.USBD_MSC)
    USBD_MSC_CfgFSDesc                       0x200000e0   Data          32  usbd_msc.o(.data.USBD_MSC_CfgFSDesc)
    USBD_MSC_CfgHSDesc                       0x20000100   Data          32  usbd_msc.o(.data.USBD_MSC_CfgHSDesc)
    USBD_MSC_DeviceQualifierDesc             0x20000120   Data          10  usbd_msc.o(.data.USBD_MSC_DeviceQualifierDesc)
    USBD_MSC_OtherSpeedCfgDesc               0x2000012c   Data          32  usbd_msc.o(.data.USBD_MSC_OtherSpeedCfgDesc)
    USBD_Storage_Interface_fops_FS           0x2000014c   Data          32  usbd_storage_if.o(.data.USBD_Storage_Interface_fops_FS)
    USBD_StringSerial                        0x2000016c   Data          26  usbd_desc.o(.data.USBD_StringSerial)
    USER_Driver                              0x20000188   Data          20  user_diskio.o(.data.USER_Driver)
    mallco_dev                               0x2000019c   Data          20  malloc.o(.data.mallco_dev)
    __libspace_start                         0x200001c0   Data          96  libspace.o(.bss)
    UART1_aRxBuffer                          0x20000220   Data           1  usart.o(.bss..L_MergedGlobals)
    __temporary_stack_top$libspace           0x20000220   Data           0  libspace.o(.bss)
    huart1                                   0x2000022c   Data          72  usart.o(.bss..L_MergedGlobals)
    retUSER                                  0x20000274   Data           1  fatfs.o(.bss..L_MergedGlobals)
    USERPath                                 0x20000275   Data           4  fatfs.o(.bss..L_MergedGlobals)
    at                                       0x2000028c   Data          88  at_user.o(.bss..L_MergedGlobals.14)
    SD_Type                                  0x200002e4   Data           1  mmc_sd.o(.bss.SD_Type)
    USBD_StrDesc                             0x200003b0   Data         512  usbd_desc.o(.bss.USBD_StrDesc)
    __stdout                                 0x20000820   Data          84  usart.o(.bss.__stdout)
    disk                                     0x20000964   Data          12  ff_gen_drv.o(.bss.disk)
    hUsbDeviceFS                             0x20000970   Data         708  usb_device.o(.bss.hUsbDeviceFS)
    hpcd_USB_FS                              0x20000c34   Data         752  usbd_conf.o(.bss.hpcd_USB_FS)
    hspi2                                    0x20000f24   Data          88  spi.o(.bss.hspi2)
    mem1base                                 0x20000f80   Data        2048  malloc.o(.bss.mem1base)
    mem1mapbase                              0x20001780   Data         128  malloc.o(.bss.mem1mapbase)
    uwTick                                   0x20001800   Data           4  stm32f1xx_hal.o(.bss.uwTick)



==============================================================================

Memory Map of the image

  Image Entry point : 0x080000ed

  Load Region LR_IROM1 (Base: 0x08000000, Size: 0x00008100, Max: 0x00010000, ABSOLUTE, COMPRESSED[0x00008040])

    Execution Region ER_IROM1 (Exec base: 0x08000000, Load base: 0x08000000, Size: 0x00007f28, Max: 0x00010000, ABSOLUTE)

    Exec Addr    Load Addr    Size         Type   Attr      Idx    E Section Name        Object

    0x08000000   0x08000000   0x000000ec   Data   RO            3    RESET               startup_stm32f103xb.o
    0x080000ec   0x080000ec   0x00000008   Code   RO         1634  * !!!main             c_w.l(__main.o)
    0x080000f4   0x080000f4   0x00000034   Code   RO         1882    !!!scatter          c_w.l(__scatter.o)
    0x08000128   0x08000128   0x0000005a   Code   RO         1880    !!dczerorl2         c_w.l(__dczerorl2.o)
    0x08000182   0x08000182   0x00000002   PAD
    0x08000184   0x08000184   0x0000001c   Code   RO         1884    !!handler_zi        c_w.l(__scatter_zi.o)
    0x080001a0   0x080001a0   0x00000000   Code   RO         1614    .ARM.Collect$$_printf_percent$$00000000  c_w.l(_printf_percent.o)
    0x080001a0   0x080001a0   0x00000006   Code   RO         1666    .ARM.Collect$$_printf_percent$$00000001  c_w.l(_printf_n.o)
    0x080001a6   0x080001a6   0x00000006   Code   RO         1667    .ARM.Collect$$_printf_percent$$00000002  c_w.l(_printf_p.o)
    0x080001ac   0x080001ac   0x00000006   Code   RO         1672    .ARM.Collect$$_printf_percent$$00000003  c_w.l(_printf_f.o)
    0x080001b2   0x080001b2   0x00000006   Code   RO         1673    .ARM.Collect$$_printf_percent$$00000004  c_w.l(_printf_e.o)
    0x080001b8   0x080001b8   0x00000006   Code   RO         1674    .ARM.Collect$$_printf_percent$$00000005  c_w.l(_printf_g.o)
    0x080001be   0x080001be   0x00000006   Code   RO         1675    .ARM.Collect$$_printf_percent$$00000006  c_w.l(_printf_a.o)
    0x080001c4   0x080001c4   0x0000000a   Code   RO         1680    .ARM.Collect$$_printf_percent$$00000007  c_w.l(_printf_ll.o)
    0x080001ce   0x080001ce   0x00000006   Code   RO         1669    .ARM.Collect$$_printf_percent$$00000008  c_w.l(_printf_i.o)
    0x080001d4   0x080001d4   0x00000006   Code   RO         1670    .ARM.Collect$$_printf_percent$$00000009  c_w.l(_printf_d.o)
    0x080001da   0x080001da   0x00000006   Code   RO         1671    .ARM.Collect$$_printf_percent$$0000000A  c_w.l(_printf_u.o)
    0x080001e0   0x080001e0   0x00000006   Code   RO         1668    .ARM.Collect$$_printf_percent$$0000000B  c_w.l(_printf_o.o)
    0x080001e6   0x080001e6   0x00000006   Code   RO         1613    .ARM.Collect$$_printf_percent$$0000000C  c_w.l(_printf_x.o)
    0x080001ec   0x080001ec   0x00000006   Code   RO         1677    .ARM.Collect$$_printf_percent$$0000000D  c_w.l(_printf_lli.o)
    0x080001f2   0x080001f2   0x00000006   Code   RO         1678    .ARM.Collect$$_printf_percent$$0000000E  c_w.l(_printf_lld.o)
    0x080001f8   0x080001f8   0x00000006   Code   RO         1679    .ARM.Collect$$_printf_percent$$0000000F  c_w.l(_printf_llu.o)
    0x080001fe   0x080001fe   0x00000006   Code   RO         1684    .ARM.Collect$$_printf_percent$$00000010  c_w.l(_printf_llo.o)
    0x08000204   0x08000204   0x00000006   Code   RO         1685    .ARM.Collect$$_printf_percent$$00000011  c_w.l(_printf_llx.o)
    0x0800020a   0x0800020a   0x0000000a   Code   RO         1681    .ARM.Collect$$_printf_percent$$00000012  c_w.l(_printf_l.o)
    0x08000214   0x08000214   0x00000006   Code   RO         1664    .ARM.Collect$$_printf_percent$$00000013  c_w.l(_printf_c.o)
    0x0800021a   0x0800021a   0x00000006   Code   RO         1665    .ARM.Collect$$_printf_percent$$00000014  c_w.l(_printf_s.o)
    0x08000220   0x08000220   0x00000006   Code   RO         1682    .ARM.Collect$$_printf_percent$$00000015  c_w.l(_printf_lc.o)
    0x08000226   0x08000226   0x00000006   Code   RO         1683    .ARM.Collect$$_printf_percent$$00000016  c_w.l(_printf_ls.o)
    0x0800022c   0x0800022c   0x00000004   Code   RO         1676    .ARM.Collect$$_printf_percent$$00000017  c_w.l(_printf_percent_end.o)
    0x08000230   0x08000230   0x00000002   Code   RO         1732    .ARM.Collect$$libinit$$00000000  c_w.l(libinit.o)
    0x08000232   0x08000232   0x00000000   Code   RO         1747    .ARM.Collect$$libinit$$00000002  c_w.l(libinit2.o)
    0x08000232   0x08000232   0x00000000   Code   RO         1749    .ARM.Collect$$libinit$$00000004  c_w.l(libinit2.o)
    0x08000232   0x08000232   0x00000000   Code   RO         1751    .ARM.Collect$$libinit$$00000006  c_w.l(libinit2.o)
    0x08000232   0x08000232   0x00000000   Code   RO         1754    .ARM.Collect$$libinit$$0000000C  c_w.l(libinit2.o)
    0x08000232   0x08000232   0x00000000   Code   RO         1756    .ARM.Collect$$libinit$$0000000E  c_w.l(libinit2.o)
    0x08000232   0x08000232   0x00000000   Code   RO         1758    .ARM.Collect$$libinit$$00000010  c_w.l(libinit2.o)
    0x08000232   0x08000232   0x00000006   Code   RO         1759    .ARM.Collect$$libinit$$00000011  c_w.l(libinit2.o)
    0x08000238   0x08000238   0x00000000   Code   RO         1761    .ARM.Collect$$libinit$$00000013  c_w.l(libinit2.o)
    0x08000238   0x08000238   0x0000000c   Code   RO         1762    .ARM.Collect$$libinit$$00000014  c_w.l(libinit2.o)
    0x08000244   0x08000244   0x00000000   Code   RO         1763    .ARM.Collect$$libinit$$00000015  c_w.l(libinit2.o)
    0x08000244   0x08000244   0x00000000   Code   RO         1765    .ARM.Collect$$libinit$$00000017  c_w.l(libinit2.o)
    0x08000244   0x08000244   0x00000000   Code   RO         1767    .ARM.Collect$$libinit$$00000019  c_w.l(libinit2.o)
    0x08000244   0x08000244   0x00000000   Code   RO         1769    .ARM.Collect$$libinit$$0000001B  c_w.l(libinit2.o)
    0x08000244   0x08000244   0x00000000   Code   RO         1771    .ARM.Collect$$libinit$$0000001D  c_w.l(libinit2.o)
    0x08000244   0x08000244   0x00000000   Code   RO         1773    .ARM.Collect$$libinit$$0000001F  c_w.l(libinit2.o)
    0x08000244   0x08000244   0x00000000   Code   RO         1775    .ARM.Collect$$libinit$$00000021  c_w.l(libinit2.o)
    0x08000244   0x08000244   0x00000000   Code   RO         1777    .ARM.Collect$$libinit$$00000023  c_w.l(libinit2.o)
    0x08000244   0x08000244   0x00000000   Code   RO         1779    .ARM.Collect$$libinit$$00000025  c_w.l(libinit2.o)
    0x08000244   0x08000244   0x00000000   Code   RO         1781    .ARM.Collect$$libinit$$00000027  c_w.l(libinit2.o)
    0x08000244   0x08000244   0x00000000   Code   RO         1785    .ARM.Collect$$libinit$$0000002E  c_w.l(libinit2.o)
    0x08000244   0x08000244   0x00000000   Code   RO         1787    .ARM.Collect$$libinit$$00000030  c_w.l(libinit2.o)
    0x08000244   0x08000244   0x00000000   Code   RO         1789    .ARM.Collect$$libinit$$00000032  c_w.l(libinit2.o)
    0x08000244   0x08000244   0x00000000   Code   RO         1791    .ARM.Collect$$libinit$$00000034  c_w.l(libinit2.o)
    0x08000244   0x08000244   0x00000002   Code   RO         1792    .ARM.Collect$$libinit$$00000035  c_w.l(libinit2.o)
    0x08000246   0x08000246   0x00000002   Code   RO         1816    .ARM.Collect$$libshutdown$$00000000  c_w.l(libshutdown.o)
    0x08000248   0x08000248   0x00000000   Code   RO         1831    .ARM.Collect$$libshutdown$$00000002  c_w.l(libshutdown2.o)
    0x08000248   0x08000248   0x00000000   Code   RO         1833    .ARM.Collect$$libshutdown$$00000004  c_w.l(libshutdown2.o)
    0x08000248   0x08000248   0x00000000   Code   RO         1836    .ARM.Collect$$libshutdown$$00000007  c_w.l(libshutdown2.o)
    0x08000248   0x08000248   0x00000000   Code   RO         1839    .ARM.Collect$$libshutdown$$0000000A  c_w.l(libshutdown2.o)
    0x08000248   0x08000248   0x00000000   Code   RO         1841    .ARM.Collect$$libshutdown$$0000000C  c_w.l(libshutdown2.o)
    0x08000248   0x08000248   0x00000000   Code   RO         1844    .ARM.Collect$$libshutdown$$0000000F  c_w.l(libshutdown2.o)
    0x08000248   0x08000248   0x00000002   Code   RO         1845    .ARM.Collect$$libshutdown$$00000010  c_w.l(libshutdown2.o)
    0x0800024a   0x0800024a   0x00000000   Code   RO         1636    .ARM.Collect$$rtentry$$00000000  c_w.l(__rtentry.o)
    0x0800024a   0x0800024a   0x00000000   Code   RO         1689    .ARM.Collect$$rtentry$$00000002  c_w.l(__rtentry2.o)
    0x0800024a   0x0800024a   0x00000006   Code   RO         1701    .ARM.Collect$$rtentry$$00000004  c_w.l(__rtentry4.o)
    0x08000250   0x08000250   0x00000000   Code   RO         1691    .ARM.Collect$$rtentry$$00000009  c_w.l(__rtentry2.o)
    0x08000250   0x08000250   0x00000004   Code   RO         1692    .ARM.Collect$$rtentry$$0000000A  c_w.l(__rtentry2.o)
    0x08000254   0x08000254   0x00000000   Code   RO         1694    .ARM.Collect$$rtentry$$0000000C  c_w.l(__rtentry2.o)
    0x08000254   0x08000254   0x00000008   Code   RO         1695    .ARM.Collect$$rtentry$$0000000D  c_w.l(__rtentry2.o)
    0x0800025c   0x0800025c   0x00000002   Code   RO         1736    .ARM.Collect$$rtexit$$00000000  c_w.l(rtexit.o)
    0x0800025e   0x0800025e   0x00000000   Code   RO         1794    .ARM.Collect$$rtexit$$00000002  c_w.l(rtexit2.o)
    0x0800025e   0x0800025e   0x00000004   Code   RO         1795    .ARM.Collect$$rtexit$$00000003  c_w.l(rtexit2.o)
    0x08000262   0x08000262   0x00000006   Code   RO         1796    .ARM.Collect$$rtexit$$00000004  c_w.l(rtexit2.o)
    0x08000268   0x08000268   0x00000040   Code   RO            4    .text               startup_stm32f103xb.o
    0x080002a8   0x080002a8   0x0000003c   Code   RO         1562    .text               c_w.l(_vsnprintf.o)
    0x080002e4   0x080002e4   0x00000018   Code   RO         1564    .text               c_w.l(__2printf.o)
    0x080002fc   0x080002fc   0x0000004e   Code   RO         1570    .text               c_w.l(_printf_pad.o)
    0x0800034a   0x0800034a   0x00000002   PAD
    0x0800034c   0x0800034c   0x00000094   Code   RO         1590    .text               c_w.l(_printf_hex_int_ll_ptr.o)
    0x080003e0   0x080003e0   0x00000188   Code   RO         1610    .text               c_w.l(__printf_flags_ss_wp.o)
    0x08000568   0x08000568   0x0000002c   Code   RO         1615    .text               c_w.l(puts.o)
    0x08000594   0x08000594   0x0000000c   Code   RO         1617    .text               c_w.l(strtok.o)
    0x080005a0   0x080005a0   0x0000003e   Code   RO         1620    .text               c_w.l(strlen.o)
    0x080005de   0x080005de   0x00000010   Code   RO         1626    .text               c_w.l(aeabi_memset.o)
    0x080005ee   0x080005ee   0x00000044   Code   RO         1628    .text               c_w.l(rt_memclr.o)
    0x08000632   0x08000632   0x0000004e   Code   RO         1630    .text               c_w.l(rt_memclr_w.o)
    0x08000680   0x08000680   0x00000006   Code   RO         1632    .text               c_w.l(heapauxi.o)
    0x08000686   0x08000686   0x00000024   Code   RO         1637    .text               c_w.l(_printf_truncate.o)
    0x080006aa   0x080006aa   0x00000052   Code   RO         1639    .text               c_w.l(_printf_str.o)
    0x080006fc   0x080006fc   0x000000b2   Code   RO         1641    .text               c_w.l(_printf_intcommon.o)
    0x080007ae   0x080007ae   0x00000002   PAD
    0x080007b0   0x080007b0   0x00000078   Code   RO         1643    .text               c_w.l(_printf_dec.o)
    0x08000828   0x08000828   0x00000028   Code   RO         1645    .text               c_w.l(_printf_charcount.o)
    0x08000850   0x08000850   0x00000030   Code   RO         1647    .text               c_w.l(_printf_char_common.o)
    0x08000880   0x08000880   0x00000010   Code   RO         1649    .text               c_w.l(_snputc.o)
    0x08000890   0x08000890   0x00000024   Code   RO         1651    .text               c_w.l(_printf_char_file.o)
    0x080008b4   0x080008b4   0x000000bc   Code   RO         1653    .text               c_w.l(_printf_wctomb.o)
    0x08000970   0x08000970   0x0000007c   Code   RO         1656    .text               c_w.l(_printf_longlong_dec.o)
    0x080009ec   0x080009ec   0x00000070   Code   RO         1662    .text               c_w.l(_printf_oct_int_ll.o)
    0x08000a5c   0x08000a5c   0x00000044   Code   RO         1686    .text               c_w.l(strtok_int.o)
    0x08000aa0   0x08000aa0   0x0000008a   Code   RO         1703    .text               c_w.l(lludiv10.o)
    0x08000b2a   0x08000b2a   0x0000002c   Code   RO         1707    .text               c_w.l(_printf_char.o)
    0x08000b56   0x08000b56   0x0000002c   Code   RO         1709    .text               c_w.l(_printf_wchar.o)
    0x08000b82   0x08000b82   0x00000008   Code   RO         1711    .text               c_w.l(ferror.o)
    0x08000b8a   0x08000b8a   0x00000048   Code   RO         1715    .text               c_w.l(_c16rtomb.o)
    0x08000bd2   0x08000bd2   0x00000020   Code   RO         1717    .text               c_w.l(strcspn.o)
    0x08000bf2   0x08000bf2   0x0000001c   Code   RO         1719    .text               c_w.l(strspn.o)
    0x08000c0e   0x08000c0e   0x0000004a   Code   RO         1721    .text               c_w.l(sys_stackheap_outer.o)
    0x08000c58   0x08000c58   0x00000010   Code   RO         1723    .text               c_w.l(rt_ctype_table.o)
    0x08000c68   0x08000c68   0x00000012   Code   RO         1725    .text               c_w.l(exit.o)
    0x08000c7a   0x08000c7a   0x00000002   PAD
    0x08000c7c   0x08000c7c   0x00000008   Code   RO         1733    .text               c_w.l(libspace.o)
    0x08000c84   0x08000c84   0x00000008   Code   RO         1741    .text               c_w.l(rt_locale_intlibspace.o)
    0x08000c8c   0x08000c8c   0x00000080   Code   RO         1800    .text               c_w.l(strcmpv7m.o)
    0x08000d0c   0x08000d0c   0x0000000c   Code   RO         1806    .text               c_w.l(sys_exit.o)
    0x08000d18   0x08000d18   0x00000002   Code   RO         1821    .text               c_w.l(use_no_semi.o)
    0x08000d1a   0x08000d1a   0x00000000   Code   RO         1823    .text               c_w.l(indicate_semi.o)
    0x08000d1a   0x08000d1a   0x00000002   PAD
    0x08000d1c   0x08000d1c   0x00000342   Code   RO          917    .text.At_Create     at.o
    0x0800105e   0x0800105e   0x00000002   PAD
    0x08001060   0x08001060   0x000001e0   Code   RO          923    .text.At_Init       at.o
    0x08001240   0x08001240   0x00000002   Code   RO          127    .text.BusFault_Handler  stm32f1xx_it.o
    0x08001242   0x08001242   0x00000002   PAD
    0x08001244   0x08001244   0x00000002   Code   RO          133    .text.DebugMon_Handler  stm32f1xx_it.o
    0x08001246   0x08001246   0x00000002   PAD
    0x08001248   0x08001248   0x0000000a   Code   RO           50    .text.Error_Handler  main.o
    0x08001252   0x08001252   0x00000002   PAD
    0x08001254   0x08001254   0x0000004c   Code   RO         1184    .text.FATFS_LinkDriver  ff_gen_drv.o
    0x080012a0   0x080012a0   0x0000002a   Code   RO          102    .text.Get_UART1_Rx_Len  usart.o
    0x080012ca   0x080012ca   0x00000002   PAD
    0x080012cc   0x080012cc   0x00000046   Code   RO          473    .text.HAL_DMA_Abort  stm32f1xx_hal_dma.o
    0x08001312   0x08001312   0x00000002   PAD
    0x08001314   0x08001314   0x000000b2   Code   RO          475    .text.HAL_DMA_Abort_IT  stm32f1xx_hal_dma.o
    0x080013c6   0x080013c6   0x00000002   PAD
    0x080013c8   0x080013c8   0x0000005c   Code   RO           44    .text.HAL_Delay     main.o
    0x08001424   0x08001424   0x0000021a   Code   RO          441    .text.HAL_GPIO_Init  stm32f1xx_hal_gpio.o
    0x0800163e   0x0800163e   0x00000002   PAD
    0x08001640   0x08001640   0x0000000a   Code   RO          447    .text.HAL_GPIO_WritePin  stm32f1xx_hal_gpio.o
    0x0800164a   0x0800164a   0x00000002   PAD
    0x0800164c   0x0800164c   0x0000000c   Code   RO          341    .text.HAL_GetTick   stm32f1xx_hal.o
    0x08001658   0x08001658   0x0000001a   Code   RO          339    .text.HAL_IncTick   stm32f1xx_hal.o
    0x08001672   0x08001672   0x00000002   PAD
    0x08001674   0x08001674   0x00000026   Code   RO          329    .text.HAL_Init      stm32f1xx_hal.o
    0x0800169a   0x0800169a   0x00000002   PAD
    0x0800169c   0x0800169c   0x00000048   Code   RO          331    .text.HAL_InitTick  stm32f1xx_hal.o
    0x080016e4   0x080016e4   0x0000004a   Code   RO          150    .text.HAL_MspInit   stm32f1xx_hal_msp.o
    0x0800172e   0x0800172e   0x00000002   PAD
    0x08001730   0x08001730   0x00000026   Code   RO          501    .text.HAL_NVIC_EnableIRQ  stm32f1xx_hal_cortex.o
    0x08001756   0x08001756   0x00000002   PAD
    0x08001758   0x08001758   0x00000056   Code   RO          499    .text.HAL_NVIC_SetPriority  stm32f1xx_hal_cortex.o
    0x080017ae   0x080017ae   0x00000002   PAD
    0x080017b0   0x080017b0   0x00000020   Code   RO          497    .text.HAL_NVIC_SetPriorityGrouping  stm32f1xx_hal_cortex.o
    0x080017d0   0x080017d0   0x00000004   Code   RO          505    .text.HAL_NVIC_SystemReset  stm32f1xx_hal_cortex.o
    0x080017d4   0x080017d4   0x0000003a   Code   RO          249    .text.HAL_PCDEx_PMAConfig  stm32f1xx_hal_pcd_ex.o
    0x0800180e   0x0800180e   0x00000002   PAD
    0x08001810   0x08001810   0x00000002   Code   RO         1379    .text.HAL_PCDEx_SetConnectionState  usbd_conf.o
    0x08001812   0x08001812   0x00000002   PAD
    0x08001814   0x08001814   0x00000014   Code   RO         1327    .text.HAL_PCD_DataInStageCallback  usbd_conf.o
    0x08001828   0x08001828   0x00000016   Code   RO         1325    .text.HAL_PCD_DataOutStageCallback  usbd_conf.o
    0x0800183e   0x0800183e   0x00000002   PAD
    0x08001840   0x08001840   0x00000050   Code   RO          219    .text.HAL_PCD_EP_Close  stm32f1xx_hal_pcd.o
    0x08001890   0x08001890   0x00000064   Code   RO          229    .text.HAL_PCD_EP_ClrStall  stm32f1xx_hal_pcd.o
    0x080018f4   0x080018f4   0x0000003c   Code   RO          233    .text.HAL_PCD_EP_Flush  stm32f1xx_hal_pcd.o
    0x08001930   0x08001930   0x00000012   Code   RO          223    .text.HAL_PCD_EP_GetRxCount  stm32f1xx_hal_pcd.o
    0x08001942   0x08001942   0x00000002   PAD
    0x08001944   0x08001944   0x00000060   Code   RO          217    .text.HAL_PCD_EP_Open  stm32f1xx_hal_pcd.o
    0x080019a4   0x080019a4   0x00000032   Code   RO          221    .text.HAL_PCD_EP_Receive  stm32f1xx_hal_pcd.o
    0x080019d6   0x080019d6   0x00000002   PAD
    0x080019d8   0x080019d8   0x0000007a   Code   RO          227    .text.HAL_PCD_EP_SetStall  stm32f1xx_hal_pcd.o
    0x08001a52   0x08001a52   0x00000002   PAD
    0x08001a54   0x08001a54   0x00000036   Code   RO          225    .text.HAL_PCD_EP_Transmit  stm32f1xx_hal_pcd.o
    0x08001a8a   0x08001a8a   0x00000002   PAD
    0x08001a8c   0x08001a8c   0x00000996   Code   RO          185    .text.HAL_PCD_IRQHandler  stm32f1xx_hal_pcd.o
    0x08002422   0x08002422   0x00000002   PAD
    0x08002424   0x08002424   0x000000e8   Code   RO          173    .text.HAL_PCD_Init  stm32f1xx_hal_pcd.o
    0x0800250c   0x0800250c   0x00000046   Code   RO         1319    .text.HAL_PCD_MspInit  usbd_conf.o
    0x08002552   0x08002552   0x00000002   PAD
    0x08002554   0x08002554   0x00000024   Code   RO         1331    .text.HAL_PCD_ResetCallback  usbd_conf.o
    0x08002578   0x08002578   0x00000008   Code   RO         1335    .text.HAL_PCD_ResumeCallback  usbd_conf.o
    0x08002580   0x08002580   0x00000008   Code   RO         1329    .text.HAL_PCD_SOFCallback  usbd_conf.o
    0x08002588   0x08002588   0x00000028   Code   RO          189    .text.HAL_PCD_SetAddress  stm32f1xx_hal_pcd.o
    0x080025b0   0x080025b0   0x0000000e   Code   RO         1323    .text.HAL_PCD_SetupStageCallback  usbd_conf.o
    0x080025be   0x080025be   0x00000002   PAD
    0x080025c0   0x080025c0   0x00000032   Code   RO          181    .text.HAL_PCD_Start  stm32f1xx_hal_pcd.o
    0x080025f2   0x080025f2   0x00000002   PAD
    0x080025f4   0x080025f4   0x00000026   Code   RO         1333    .text.HAL_PCD_SuspendCallback  usbd_conf.o
    0x0800261a   0x0800261a   0x00000002   PAD
    0x0800261c   0x0800261c   0x0000010a   Code   RO          427    .text.HAL_RCCEx_PeriphCLKConfig  stm32f1xx_hal_rcc_ex.o
    0x08002726   0x08002726   0x00000002   PAD
    0x08002728   0x08002728   0x000001be   Code   RO          393    .text.HAL_RCC_ClockConfig  stm32f1xx_hal_rcc.o
    0x080028e6   0x080028e6   0x00000002   PAD
    0x080028e8   0x080028e8   0x00000026   Code   RO          405    .text.HAL_RCC_GetPCLK1Freq  stm32f1xx_hal_rcc.o
    0x0800290e   0x0800290e   0x00000002   PAD
    0x08002910   0x08002910   0x00000026   Code   RO          407    .text.HAL_RCC_GetPCLK2Freq  stm32f1xx_hal_rcc.o
    0x08002936   0x08002936   0x00000002   PAD
    0x08002938   0x08002938   0x000003b4   Code   RO          391    .text.HAL_RCC_OscConfig  stm32f1xx_hal_rcc.o
    0x08002cec   0x08002cec   0x000000ac   Code   RO          662    .text.HAL_SPI_Init  stm32f1xx_hal_spi.o
    0x08002d98   0x08002d98   0x0000007a   Code   RO           75    .text.HAL_SPI_MspInit  spi.o
    0x08002e12   0x08002e12   0x00000002   PAD
    0x08002e14   0x08002e14   0x000002d0   Code   RO          674    .text.HAL_SPI_TransmitReceive  stm32f1xx_hal_spi.o
    0x080030e4   0x080030e4   0x0000002c   Code   RO          509    .text.HAL_SYSTICK_Config  stm32f1xx_hal_cortex.o
    0x08003110   0x08003110   0x00000002   Code   RO          862    .text.HAL_UARTEx_RxEventCallback  stm32f1xx_hal_uart.o
    0x08003112   0x08003112   0x00000002   PAD
    0x08003114   0x08003114   0x00000002   Code   RO          860    .text.HAL_UART_ErrorCallback  stm32f1xx_hal_uart.o
    0x08003116   0x08003116   0x00000002   PAD
    0x08003118   0x08003118   0x00000560   Code   RO          854    .text.HAL_UART_IRQHandler  stm32f1xx_hal_uart.o
    0x08003678   0x08003678   0x000000e2   Code   RO          778    .text.HAL_UART_Init  stm32f1xx_hal_uart.o
    0x0800375a   0x0800375a   0x00000002   PAD
    0x0800375c   0x0800375c   0x0000008a   Code   RO           98    .text.HAL_UART_MspInit  usart.o
    0x080037e6   0x080037e6   0x00000002   PAD
    0x080037e8   0x080037e8   0x00000052   Code   RO          798    .text.HAL_UART_Receive_IT  stm32f1xx_hal_uart.o
    0x0800383a   0x0800383a   0x00000002   PAD
    0x0800383c   0x0800383c   0x00000070   Code   RO          108    .text.HAL_UART_RxCpltCallback  usart.o
    0x080038ac   0x080038ac   0x00000278   Code   RO          792    .text.HAL_UART_Transmit  stm32f1xx_hal_uart.o
    0x08003b24   0x08003b24   0x00000002   Code   RO          864    .text.HAL_UART_TxCpltCallback  stm32f1xx_hal_uart.o
    0x08003b26   0x08003b26   0x00000002   PAD
    0x08003b28   0x08003b28   0x00000002   Code   RO          123    .text.HardFault_Handler  stm32f1xx_it.o
    0x08003b2a   0x08003b2a   0x00000002   PAD
    0x08003b2c   0x08003b2c   0x0000009c   Code   RO         1248    .text.MMC_SD_Card_Init  mmc_sd.o
    0x08003bc8   0x08003bc8   0x00000048   Code   RO         1529    .text.MSC_BOT_Abort  usbd_msc_bot.o
    0x08003c10   0x08003c10   0x00000060   Code   RO         1527    .text.MSC_BOT_CplClrFeature  usbd_msc_bot.o
    0x08003c70   0x08003c70   0x0000007e   Code   RO         1521    .text.MSC_BOT_DataIn  usbd_msc_bot.o
    0x08003cee   0x08003cee   0x00000002   PAD
    0x08003cf0   0x08003cf0   0x0000013c   Code   RO         1525    .text.MSC_BOT_DataOut  usbd_msc_bot.o
    0x08003e2c   0x08003e2c   0x0000000a   Code   RO         1519    .text.MSC_BOT_DeInit  usbd_msc_bot.o
    0x08003e36   0x08003e36   0x00000002   PAD
    0x08003e38   0x08003e38   0x00000038   Code   RO         1515    .text.MSC_BOT_Init  usbd_msc_bot.o
    0x08003e70   0x08003e70   0x0000001e   Code   RO         1517    .text.MSC_BOT_Reset  usbd_msc_bot.o
    0x08003e8e   0x08003e8e   0x00000002   PAD
    0x08003e90   0x08003e90   0x0000003c   Code   RO         1523    .text.MSC_BOT_SendCSW  usbd_msc_bot.o
    0x08003ecc   0x08003ecc   0x00000034   Code   RO         1531    .text.MSC_BOT_SendData  usbd_msc_bot.o
    0x08003f00   0x08003f00   0x0000001c   Code   RO         1043    .text.MX_FATFS_Init  fatfs.o
    0x08003f1c   0x08003f1c   0x0000008e   Code   RO           64    .text.MX_GPIO_Init  gpio.o
    0x08003faa   0x08003faa   0x00000002   PAD
    0x08003fac   0x08003fac   0x00000052   Code   RO           73    .text.MX_SPI2_Init  spi.o
    0x08003ffe   0x08003ffe   0x00000002   PAD
    0x08004000   0x08004000   0x0000004a   Code   RO           96    .text.MX_USART1_UART_Init  usart.o
    0x0800404a   0x0800404a   0x00000002   PAD
    0x0800404c   0x0800404c   0x00000072   Code   RO         1259    .text.MX_USB_DEVICE_Init  usb_device.o
    0x080040be   0x080040be   0x00000002   PAD
    0x080040c0   0x080040c0   0x00000002   Code   RO          125    .text.MemManage_Handler  stm32f1xx_it.o
    0x080040c2   0x080040c2   0x00000002   PAD
    0x080040c4   0x080040c4   0x00000002   Code   RO          121    .text.NMI_Handler   stm32f1xx_it.o
    0x080040c6   0x080040c6   0x00000002   PAD
    0x080040c8   0x080040c8   0x00000002   Code   RO          135    .text.PendSV_Handler  stm32f1xx_it.o
    0x080040ca   0x080040ca   0x00000002   PAD
    0x080040cc   0x080040cc   0x00000056   Code   RO          106    .text.Read_UART1_Rx  usart.o
    0x08004122   0x08004122   0x00000002   PAD
    0x08004124   0x08004124   0x0000065c   Code   RO         1549    .text.SCSI_ProcessCmd  usbd_msc_scsi.o
    0x08004780   0x08004780   0x00000026   Code   RO         1551    .text.SCSI_SenseCode  usbd_msc_scsi.o
    0x080047a6   0x080047a6   0x00000002   PAD
    0x080047a8   0x080047a8   0x000001de   Code   RO         1242    .text.SD_Init       mmc_sd.o
    0x08004986   0x08004986   0x00000002   PAD
    0x08004988   0x08004988   0x00000118   Code   RO         1244    .text.SD_ReadDisk   mmc_sd.o
    0x08004aa0   0x08004aa0   0x000000b0   Code   RO         1234    .text.SD_SendCmd    mmc_sd.o
    0x08004b50   0x08004b50   0x00000130   Code   RO         1246    .text.SD_WriteDisk  mmc_sd.o
    0x08004c80   0x08004c80   0x0000002e   Code   RO           81    .text.SPI2_ReadWriteByte  spi.o
    0x08004cae   0x08004cae   0x00000002   PAD
    0x08004cb0   0x08004cb0   0x0000002c   Code   RO           79    .text.SPI2_SetSpeed  spi.o
    0x08004cdc   0x08004cdc   0x000000e4   Code   RO          766    .text.SPI_WaitFlagStateUntilTimeout  stm32f1xx_hal_spi.o
    0x08004dc0   0x08004dc0   0x00000014   Code   RO         1297    .text.STORAGE_GetCapacity_FS  usbd_storage_if.o
    0x08004dd4   0x08004dd4   0x00000004   Code   RO         1307    .text.STORAGE_GetMaxLun_FS  usbd_storage_if.o
    0x08004dd8   0x08004dd8   0x00000012   Code   RO         1295    .text.STORAGE_Init_FS  usbd_storage_if.o
    0x08004dea   0x08004dea   0x00000002   PAD
    0x08004dec   0x08004dec   0x00000004   Code   RO         1299    .text.STORAGE_IsReady_FS  usbd_storage_if.o
    0x08004df0   0x08004df0   0x00000004   Code   RO         1301    .text.STORAGE_IsWriteProtected_FS  usbd_storage_if.o
    0x08004df4   0x08004df4   0x00000012   Code   RO         1303    .text.STORAGE_Read_FS  usbd_storage_if.o
    0x08004e06   0x08004e06   0x00000002   PAD
    0x08004e08   0x08004e08   0x00000012   Code   RO         1305    .text.STORAGE_Write_FS  usbd_storage_if.o
    0x08004e1a   0x08004e1a   0x00000002   PAD
    0x08004e1c   0x08004e1c   0x00000002   Code   RO          131    .text.SVC_Handler   stm32f1xx_it.o
    0x08004e1e   0x08004e1e   0x00000002   PAD
    0x08004e20   0x08004e20   0x00000052   Code   RO          977    .text.Stream_Init   at_stream_device.o
    0x08004e72   0x08004e72   0x00000002   PAD
    0x08004e74   0x08004e74   0x00000004   Code   RO          137    .text.SysTick_Handler  stm32f1xx_it.o
    0x08004e78   0x08004e78   0x00000002   Code   RO          898    .text.SystemInit    system_stm32f1xx.o
    0x08004e7a   0x08004e7a   0x00000002   PAD
    0x08004e7c   0x08004e7c   0x0000000c   Code   RO          858    .text.UART_DMAAbortOnError  stm32f1xx_hal_uart.o
    0x08004e88   0x08004e88   0x000000fe   Code   RO          856    .text.UART_Receive_IT  stm32f1xx_hal_uart.o
    0x08004f86   0x08004f86   0x00000002   PAD
    0x08004f88   0x08004f88   0x0000000c   Code   RO          141    .text.USART1_IRQHandler  stm32f1xx_it.o
    0x08004f94   0x08004f94   0x0000000e   Code   RO         1405    .text.USBD_ClrClassConfig  usbd_core.o
    0x08004fa2   0x08004fa2   0x00000002   PAD
    0x08004fa4   0x08004fa4   0x00000010   Code   RO         1466    .text.USBD_CtlContinueRx  usbd_ioreq.o
    0x08004fb4   0x08004fb4   0x00000010   Code   RO         1462    .text.USBD_CtlContinueSendData  usbd_ioreq.o
    0x08004fc4   0x08004fc4   0x00000016   Code   RO         1441    .text.USBD_CtlError  usbd_ctlreq.o
    0x08004fda   0x08004fda   0x00000002   PAD
    0x08004fdc   0x08004fdc   0x00000016   Code   RO         1470    .text.USBD_CtlReceiveStatus  usbd_ioreq.o
    0x08004ff2   0x08004ff2   0x00000002   PAD
    0x08004ff4   0x08004ff4   0x0000001a   Code   RO         1460    .text.USBD_CtlSendData  usbd_ioreq.o
    0x0800500e   0x0800500e   0x00000002   PAD
    0x08005010   0x08005010   0x00000016   Code   RO         1468    .text.USBD_CtlSendStatus  usbd_ioreq.o
    0x08005026   0x08005026   0x00000002   PAD
    0x08005028   0x08005028   0x00000024   Code   RO         1278    .text.USBD_FS_ConfigStrDescriptor  usbd_desc.o
    0x0800504c   0x0800504c   0x0000000e   Code   RO         1268    .text.USBD_FS_DeviceDescriptor  usbd_desc.o
    0x0800505a   0x0800505a   0x00000002   PAD
    0x0800505c   0x0800505c   0x00000028   Code   RO         1280    .text.USBD_FS_InterfaceStrDescriptor  usbd_desc.o
    0x08005084   0x08005084   0x0000000e   Code   RO         1270    .text.USBD_FS_LangIDStrDescriptor  usbd_desc.o
    0x08005092   0x08005092   0x00000002   PAD
    0x08005094   0x08005094   0x0000002c   Code   RO         1272    .text.USBD_FS_ManufacturerStrDescriptor  usbd_desc.o
    0x080050c0   0x080050c0   0x0000002c   Code   RO         1274    .text.USBD_FS_ProductStrDescriptor  usbd_desc.o
    0x080050ec   0x080050ec   0x0000016c   Code   RO         1276    .text.USBD_FS_SerialStrDescriptor  usbd_desc.o
    0x08005258   0x08005258   0x000000da   Code   RO         1449    .text.USBD_GetString  usbd_ctlreq.o
    0x08005332   0x08005332   0x00000002   PAD
    0x08005334   0x08005334   0x00000030   Code   RO         1391    .text.USBD_Init     usbd_core.o
    0x08005364   0x08005364   0x00000022   Code   RO         1361    .text.USBD_LL_ClearStallEP  usbd_conf.o
    0x08005386   0x08005386   0x00000002   PAD
    0x08005388   0x08005388   0x00000022   Code   RO         1355    .text.USBD_LL_CloseEP  usbd_conf.o
    0x080053aa   0x080053aa   0x00000002   PAD
    0x080053ac   0x080053ac   0x000000ca   Code   RO         1411    .text.USBD_LL_DataInStage  usbd_core.o
    0x08005476   0x08005476   0x00000002   PAD
    0x08005478   0x08005478   0x0000008a   Code   RO         1409    .text.USBD_LL_DataOutStage  usbd_core.o
    0x08005502   0x08005502   0x00000002   PAD
    0x08005504   0x08005504   0x00000022   Code   RO         1357    .text.USBD_LL_FlushEP  usbd_conf.o
    0x08005526   0x08005526   0x00000002   PAD
    0x08005528   0x08005528   0x00000008   Code   RO         1371    .text.USBD_LL_GetRxDataSize  usbd_conf.o
    0x08005530   0x08005530   0x00000074   Code   RO         1345    .text.USBD_LL_Init  usbd_conf.o
    0x080055a4   0x080055a4   0x00000022   Code   RO         1363    .text.USBD_LL_IsStallEP  usbd_conf.o
    0x080055c6   0x080055c6   0x00000002   PAD
    0x080055c8   0x080055c8   0x00000028   Code   RO         1353    .text.USBD_LL_OpenEP  usbd_conf.o
    0x080055f0   0x080055f0   0x00000022   Code   RO         1369    .text.USBD_LL_PrepareReceive  usbd_conf.o
    0x08005612   0x08005612   0x00000002   PAD
    0x08005614   0x08005614   0x00000054   Code   RO         1413    .text.USBD_LL_Reset  usbd_core.o
    0x08005668   0x08005668   0x00000014   Code   RO         1419    .text.USBD_LL_Resume  usbd_core.o
    0x0800567c   0x0800567c   0x0000001a   Code   RO         1421    .text.USBD_LL_SOF   usbd_core.o
    0x08005696   0x08005696   0x00000002   PAD
    0x08005698   0x08005698   0x00000008   Code   RO         1415    .text.USBD_LL_SetSpeed  usbd_core.o
    0x080056a0   0x080056a0   0x00000022   Code   RO         1365    .text.USBD_LL_SetUSBAddress  usbd_conf.o
    0x080056c2   0x080056c2   0x00000002   PAD
    0x080056c4   0x080056c4   0x00000062   Code   RO         1407    .text.USBD_LL_SetupStage  usbd_core.o
    0x08005726   0x08005726   0x00000002   PAD
    0x08005728   0x08005728   0x00000022   Code   RO         1359    .text.USBD_LL_StallEP  usbd_conf.o
    0x0800574a   0x0800574a   0x00000002   PAD
    0x0800574c   0x0800574c   0x00000022   Code   RO         1349    .text.USBD_LL_Start  usbd_conf.o
    0x0800576e   0x0800576e   0x00000002   PAD
    0x08005770   0x08005770   0x00000014   Code   RO         1417    .text.USBD_LL_Suspend  usbd_core.o
    0x08005784   0x08005784   0x00000022   Code   RO         1367    .text.USBD_LL_Transmit  usbd_conf.o
    0x080057a6   0x080057a6   0x00000002   PAD
    0x080057a8   0x080057a8   0x0000000a   Code   RO         1488    .text.USBD_MSC_DataIn  usbd_msc.o
    0x080057b2   0x080057b2   0x00000002   PAD
    0x080057b4   0x080057b4   0x0000000a   Code   RO         1490    .text.USBD_MSC_DataOut  usbd_msc.o
    0x080057be   0x080057be   0x00000002   PAD
    0x080057c0   0x080057c0   0x00000032   Code   RO         1484    .text.USBD_MSC_DeInit  usbd_msc.o
    0x080057f2   0x080057f2   0x00000002   PAD
    0x080057f4   0x080057f4   0x00000010   Code   RO         1498    .text.USBD_MSC_GetDeviceQualifierDescriptor  usbd_msc.o
    0x08005804   0x08005804   0x00000010   Code   RO         1494    .text.USBD_MSC_GetFSCfgDesc  usbd_msc.o
    0x08005814   0x08005814   0x00000010   Code   RO         1492    .text.USBD_MSC_GetHSCfgDesc  usbd_msc.o
    0x08005824   0x08005824   0x00000010   Code   RO         1496    .text.USBD_MSC_GetOtherSpeedCfgDesc  usbd_msc.o
    0x08005834   0x08005834   0x00000050   Code   RO         1482    .text.USBD_MSC_Init  usbd_msc.o
    0x08005884   0x08005884   0x0000000c   Code   RO         1500    .text.USBD_MSC_RegisterStorage  usbd_msc.o
    0x08005890   0x08005890   0x0000015a   Code   RO         1486    .text.USBD_MSC_Setup  usbd_msc.o
    0x080059ea   0x080059ea   0x00000002   PAD
    0x080059ec   0x080059ec   0x00000016   Code   RO         1447    .text.USBD_ParseSetupRequest  usbd_ctlreq.o
    0x08005a02   0x08005a02   0x00000002   PAD
    0x08005a04   0x08005a04   0x0000000e   Code   RO         1395    .text.USBD_RegisterClass  usbd_core.o
    0x08005a12   0x08005a12   0x00000002   PAD
    0x08005a14   0x08005a14   0x0000001c   Code   RO         1403    .text.USBD_SetClassConfig  usbd_core.o
    0x08005a30   0x08005a30   0x0000000a   Code   RO         1397    .text.USBD_Start    usbd_core.o
    0x08005a3a   0x08005a3a   0x00000002   PAD
    0x08005a3c   0x08005a3c   0x000002ca   Code   RO         1439    .text.USBD_StdDevReq  usbd_ctlreq.o
    0x08005d06   0x08005d06   0x00000002   PAD
    0x08005d08   0x08005d08   0x00000146   Code   RO         1445    .text.USBD_StdEPReq  usbd_ctlreq.o
    0x08005e4e   0x08005e4e   0x00000002   PAD
    0x08005e50   0x08005e50   0x00000076   Code   RO         1443    .text.USBD_StdItfReq  usbd_ctlreq.o
    0x08005ec6   0x08005ec6   0x00000002   PAD
    0x08005ec8   0x08005ec8   0x00000002   Code   RO         1377    .text.USBD_static_free  usbd_conf.o
    0x08005eca   0x08005eca   0x00000002   PAD
    0x08005ecc   0x08005ecc   0x0000000a   Code   RO         1375    .text.USBD_static_malloc  usbd_conf.o
    0x08005ed6   0x08005ed6   0x00000002   PAD
    0x08005ed8   0x08005ed8   0x0000024c   Code   RO          279    .text.USB_ActivateEndpoint  stm32f1xx_ll_usb.o
    0x08006124   0x08006124   0x00000004   Code   RO          265    .text.USB_CoreInit  stm32f1xx_ll_usb.o
    0x08006128   0x08006128   0x000000e2   Code   RO          281    .text.USB_DeactivateEndpoint  stm32f1xx_ll_usb.o
    0x0800620a   0x0800620a   0x00000002   PAD
    0x0800620c   0x0800620c   0x00000004   Code   RO          297    .text.USB_DevConnect  stm32f1xx_ll_usb.o
    0x08006210   0x08006210   0x00000004   Code   RO          299    .text.USB_DevDisconnect  stm32f1xx_ll_usb.o
    0x08006214   0x08006214   0x0000001a   Code   RO          273    .text.USB_DevInit   stm32f1xx_ll_usb.o
    0x0800622e   0x0800622e   0x00000002   PAD
    0x08006230   0x08006230   0x00000014   Code   RO          269    .text.USB_DisableGlobalInt  stm32f1xx_ll_usb.o
    0x08006244   0x08006244   0x00000004   Code   RO          313    .text.USB_EP0_OutStart  stm32f1xx_ll_usb.o
    0x08006248   0x08006248   0x0000007c   Code   RO          289    .text.USB_EPClearStall  stm32f1xx_ll_usb.o
    0x080062c4   0x080062c4   0x00000032   Code   RO          287    .text.USB_EPSetStall  stm32f1xx_ll_usb.o
    0x080062f6   0x080062f6   0x00000002   PAD
    0x080062f8   0x080062f8   0x0000083e   Code   RO          283    .text.USB_EPStartXfer  stm32f1xx_ll_usb.o
    0x08006b36   0x08006b36   0x00000002   PAD
    0x08006b38   0x08006b38   0x00000014   Code   RO          267    .text.USB_EnableGlobalInt  stm32f1xx_ll_usb.o
    0x08006b4c   0x08006b4c   0x00000004   Code   RO          277    .text.USB_FlushRxFifo  stm32f1xx_ll_usb.o
    0x08006b50   0x08006b50   0x00000004   Code   RO          275    .text.USB_FlushTxFifo  stm32f1xx_ll_usb.o
    0x08006b54   0x08006b54   0x0000000c   Code   RO          139    .text.USB_LP_CAN1_RX0_IRQHandler  stm32f1xx_it.o
    0x08006b60   0x08006b60   0x00000006   Code   RO          301    .text.USB_ReadInterrupts  stm32f1xx_ll_usb.o
    0x08006b66   0x08006b66   0x00000002   PAD
    0x08006b68   0x08006b68   0x000000a0   Code   RO          319    .text.USB_ReadPMA   stm32f1xx_ll_usb.o
    0x08006c08   0x08006c08   0x00000004   Code   RO          271    .text.USB_SetCurrentMode  stm32f1xx_ll_usb.o
    0x08006c0c   0x08006c0c   0x0000000e   Code   RO          295    .text.USB_SetDevAddress  stm32f1xx_ll_usb.o
    0x08006c1a   0x08006c1a   0x00000002   PAD
    0x08006c1c   0x08006c1c   0x00000086   Code   RO          285    .text.USB_WritePMA  stm32f1xx_ll_usb.o
    0x08006ca2   0x08006ca2   0x00000002   PAD
    0x08006ca4   0x08006ca4   0x00000046   Code   RO         1023    .text.USER_initialize  user_diskio.o
    0x08006cea   0x08006cea   0x00000002   PAD
    0x08006cec   0x08006cec   0x00000004   Code   RO         1031    .text.USER_ioctl    user_diskio.o
    0x08006cf0   0x08006cf0   0x0000001e   Code   RO         1027    .text.USER_read     user_diskio.o
    0x08006d0e   0x08006d0e   0x00000002   PAD
    0x08006d10   0x08006d10   0x00000018   Code   RO         1025    .text.USER_status   user_diskio.o
    0x08006d28   0x08006d28   0x0000001e   Code   RO         1029    .text.USER_write    user_diskio.o
    0x08006d46   0x08006d46   0x00000002   PAD
    0x08006d48   0x08006d48   0x00000002   Code   RO          129    .text.UsageFault_Handler  stm32f1xx_it.o
    0x08006d4a   0x08006d4a   0x00000002   PAD
    0x08006d4c   0x08006d4c   0x0000002a   Code   RO          507    .text.__NVIC_SystemReset  stm32f1xx_hal_cortex.o
    0x08006d76   0x08006d76   0x00000002   PAD
    0x08006d78   0x08006d78   0x0000008a   Code   RO          941    .text._at_printf    at.o
    0x08006e02   0x08006e02   0x00000002   PAD
    0x08006e04   0x08006e04   0x00000016   Code   RO           29    .text._at_user_AT_LED_off  at_user.o
    0x08006e1a   0x08006e1a   0x00000002   PAD
    0x08006e1c   0x08006e1c   0x00000016   Code   RO           27    .text._at_user_AT_LED_on  at_user.o
    0x08006e32   0x08006e32   0x00000002   PAD
    0x08006e34   0x08006e34   0x0000007e   Code   RO          927    .text._checkString  at.o
    0x08006eb2   0x08006eb2   0x00000002   PAD
    0x08006eb4   0x08006eb4   0x00000180   Code   RO          925    .text._cutString    at.o
    0x08007034   0x08007034   0x00000180   Code   RO          937    .text._errorToString  at.o
    0x080071b4   0x080071b4   0x0000000c   Code   RO          929    .text._getParamMaxNum  at.o
    0x080071c0   0x080071c0   0x0000000a   Code   RO          931    .text._getStateTable  at.o
    0x080071ca   0x080071ca   0x00000002   PAD
    0x080071cc   0x080071cc   0x000000aa   Code   RO          939    .text._handle       at.o
    0x08007276   0x08007276   0x00000002   PAD
    0x08007278   0x08007278   0x0000005a   Code   RO          913    .text._handleAuto   at.o
    0x080072d2   0x080072d2   0x00000002   PAD
    0x080072d4   0x080072d4   0x0000001a   Code   RO          943    .text._print        at.o
    0x080072ee   0x080072ee   0x00000002   PAD
    0x080072f0   0x080072f0   0x000000e8   Code   RO          947    .text._printSet     at.o
    0x080073d8   0x080073d8   0x0000002c   Code   RO          945    .text._println      at.o
    0x08007404   0x08007404   0x00000018   Code   RO          915    .text._sendInfor    at.o
    0x0800741c   0x0800741c   0x00000012   Code   RO          933    .text._setInputDevice  at.o
    0x0800742e   0x0800742e   0x00000002   PAD
    0x08007430   0x08007430   0x00000012   Code   RO          935    .text._setOutputDevice  at.o
    0x08007442   0x08007442   0x00000002   PAD
    0x08007444   0x08007444   0x00000008   Code   RO          961    .text.at_free       at_mem.o
    0x0800744c   0x0800744c   0x00000008   Code   RO          959    .text.at_malloc     at_mem.o
    0x08007454   0x08007454   0x00000004   Code   RO          965    .text.at_memcmp     at_mem.o
    0x08007458   0x08007458   0x0000000c   Code   RO          967    .text.at_memcpy     at_mem.o
    0x08007464   0x08007464   0x0000000e   Code   RO          963    .text.at_memset     at_mem.o
    0x08007472   0x08007472   0x00000002   PAD
    0x08007474   0x08007474   0x0000001c   Code   RO           19    .text.at_user_AT    at_user.o
    0x08007490   0x08007490   0x000000f4   Code   RO           25    .text.at_user_AT_LED  at_user.o
    0x08007584   0x08007584   0x0000001c   Code   RO           21    .text.at_user_AT_List  at_user.o
    0x080075a0   0x080075a0   0x0000000a   Code   RO           23    .text.at_user_AT_Reboot  at_user.o
    0x080075aa   0x080075aa   0x00000002   PAD
    0x080075ac   0x080075ac   0x00000092   Code   RO           11    .text.at_user_init  at_user.o
    0x0800763e   0x0800763e   0x00000002   PAD
    0x08007640   0x08007640   0x0000000e   Code   RO           15    .text.at_user_sdev_available  at_user.o
    0x0800764e   0x0800764e   0x00000002   PAD
    0x08007650   0x08007650   0x00000036   Code   RO           13    .text.at_user_sdev_print  at_user.o
    0x08007686   0x08007686   0x00000002   PAD
    0x08007688   0x08007688   0x0000000e   Code   RO           17    .text.at_user_sdev_read  at_user.o
    0x08007696   0x08007696   0x00000002   PAD
    0x08007698   0x08007698   0x00000024   Code   RO         1064    .text.disk_initialize  diskio.o
    0x080076bc   0x080076bc   0x00000020   Code   RO         1066    .text.disk_read     diskio.o
    0x080076dc   0x080076dc   0x00000020   Code   RO         1068    .text.disk_write    diskio.o
    0x080076fc   0x080076fc   0x00000028   Code   RO           94    .text.fputc         usart.o
    0x08007724   0x08007724   0x00000124   Code   RO           46    .text.main          main.o
    0x08007848   0x08007848   0x0000002a   Code   RO          989    .text.my_mem_init   malloc.o
    0x08007872   0x08007872   0x00000002   PAD
    0x08007874   0x08007874   0x000000bc   Code   RO          991    .text.my_mem_perused  malloc.o
    0x08007930   0x08007930   0x00000048   Code   RO         1003    .text.myfree        malloc.o
    0x08007978   0x08007978   0x0000026c   Code   RO         1005    .text.mymalloc      malloc.o
    0x08007be4   0x08007be4   0x0000005a   Code   RO          993    .text.mymemcmp      malloc.o
    0x08007c3e   0x08007c3e   0x00000002   PAD
    0x08007c40   0x08007c40   0x00000072   Code   RO          995    .text.mymemcpy      malloc.o
    0x08007cb2   0x08007cb2   0x00000002   PAD
    0x08007cb4   0x08007cb4   0x00000014   Code   RO          997    .text.mymemset      malloc.o
    0x08007cc8   0x08007cc8   0x0000000e   Code   RO         1603    i._is_digit         c_w.l(__printf_wp.o)
    0x08007cd6   0x08007cd6   0x00000002   PAD
    0x08007cd8   0x08007cd8   0x0000002c   Code   RO         1744    locale$$code        c_w.l(lc_ctype_c.o)
    0x08007d04   0x08007d04   0x00000028   Data   RO         1591    .constdata          c_w.l(_printf_hex_int_ll_ptr.o)
    0x08007d2c   0x08007d2c   0x00000011   Data   RO         1611    .constdata          c_w.l(__printf_flags_ss_wp.o)
    0x08007d3d   0x08007d3d   0x00000003   PAD
    0x08007d40   0x08007d40   0x00000008   Data   RO         1654    .constdata          c_w.l(_printf_wctomb.o)
    0x08007d48   0x08007d48   0x00000010   Data   RO          903    .rodata.AHBPrescTable  system_stm32f1xx.o
    0x08007d58   0x08007d58   0x00000008   Data   RO          904    .rodata.APBPrescTable  system_stm32f1xx.o
    0x08007d60   0x08007d60   0x00000002   Data   RO          418    .rodata.HAL_RCC_GetSysClockFreq.aPredivFactorTable  stm32f1xx_hal_rcc.o
    0x08007d62   0x08007d62   0x00000008   Data   RO         1543    .rodata.MSC_Mode_Sense10_data  usbd_msc_data.o
    0x08007d6a   0x08007d6a   0x00000008   Data   RO         1542    .rodata.MSC_Mode_Sense6_data  usbd_msc_data.o
    0x08007d72   0x08007d72   0x00000007   Data   RO         1541    .rodata.MSC_Page00_Inquiry_Data  usbd_msc_data.o
    0x08007d79   0x08007d79   0x00000024   Data   RO         1309    .rodata.STORAGE_Inquirydata_FS  usbd_storage_if.o
    0x08007d9d   0x08007d9d   0x00000010   Data   RO          417    .rodata.cst16       stm32f1xx_hal_rcc.o
    0x08007dad   0x08007dad   0x0000002b   Data   RO           33    .rodata.str1.1      at_user.o
    0x08007dd8   0x08007dd8   0x00000020   Data   RO          949    .rodata.str1.1      at.o
    0x08007df8   0x08007df8   0x00000020   Data   RO         1879    Region$$Table       anon$$obj.o
    0x08007e18   0x08007e18   0x00000110   Data   RO         1743    locale$$data        c_w.l(lc_ctype_c.o)


    Execution Region RW_IRAM1 (Exec base: 0x20000000, Load base: 0x08007f40, Size: 0x00003808, Max: 0x00005000, ABSOLUTE, COMPRESSED[0x00000100])

    Exec Addr    Load Addr    Size         Type   Attr      Idx    E Section Name        Object

    0x20000000   COMPRESSED   0x00000004   Data   RW         1618    .data               c_w.l(strtok.o)
    0x20000004   COMPRESSED   0x00000060   Data   RW           34    .data..L_MergedGlobals  at_user.o
    0x20000064   COMPRESSED   0x00000008   Data   RW          380    .data..L_MergedGlobals  stm32f1xx_hal.o
    0x2000006c   COMPRESSED   0x0000001c   Data   RW         1282    .data.FS_Desc       usbd_desc.o
    0x20000088   COMPRESSED   0x00000001   Data   RW         1034    .data.Stat          user_diskio.o
    0x20000089   COMPRESSED   0x00000003   PAD
    0x2000008c   COMPRESSED   0x00000004   Data   RW          902    .data.SystemCoreClock  system_stm32f1xx.o
    0x20000090   COMPRESSED   0x00000012   Data   RW         1283    .data.USBD_FS_DeviceDesc  usbd_desc.o
    0x200000a2   COMPRESSED   0x00000002   PAD
    0x200000a4   COMPRESSED   0x00000004   Data   RW         1284    .data.USBD_LangIDDesc  usbd_desc.o
    0x200000a8   COMPRESSED   0x00000038   Data   RW         1502    .data.USBD_MSC      usbd_msc.o
    0x200000e0   COMPRESSED   0x00000020   Data   RW         1504    .data.USBD_MSC_CfgFSDesc  usbd_msc.o
    0x20000100   COMPRESSED   0x00000020   Data   RW         1503    .data.USBD_MSC_CfgHSDesc  usbd_msc.o
    0x20000120   COMPRESSED   0x0000000a   Data   RW         1506    .data.USBD_MSC_DeviceQualifierDesc  usbd_msc.o
    0x2000012a   COMPRESSED   0x00000002   PAD
    0x2000012c   COMPRESSED   0x00000020   Data   RW         1505    .data.USBD_MSC_OtherSpeedCfgDesc  usbd_msc.o
    0x2000014c   COMPRESSED   0x00000020   Data   RW         1310    .data.USBD_Storage_Interface_fops_FS  usbd_storage_if.o
    0x2000016c   COMPRESSED   0x0000001a   Data   RW         1285    .data.USBD_StringSerial  usbd_desc.o
    0x20000186   COMPRESSED   0x00000002   PAD
    0x20000188   COMPRESSED   0x00000014   Data   RW         1033    .data.USER_Driver   user_diskio.o
    0x2000019c   COMPRESSED   0x00000014   Data   RW         1014    .data.mallco_dev    malloc.o
    0x200001b0   COMPRESSED   0x00000010   PAD
    0x200001c0        -       0x00000060   Zero   RW         1734    .bss                c_w.l(libspace.o)
    0x20000220        -       0x00000054   Zero   RW          112    .bss..L_MergedGlobals  usart.o
    0x20000274        -       0x00000005   Zero   RW         1053    .bss..L_MergedGlobals  fatfs.o
    0x20000279   COMPRESSED   0x00000003   PAD
    0x2000027c        -       0x00000068   Zero   RW           35    .bss..L_MergedGlobals.14  at_user.o
    0x200002e4        -       0x00000001   Zero   RW         1250    .bss.SD_Type        mmc_sd.o
    0x200002e5        -       0x000000c8   Zero   RW          110    .bss.UART1_Rx_Buff  usart.o
    0x200003ad        -       0x00000001   Zero   RW         1451    .bss.USBD_SetConfig.cfgidx  usbd_ctlreq.o
    0x200003ae   COMPRESSED   0x00000002   PAD
    0x200003b0        -       0x00000200   Zero   RW         1286    .bss.USBD_StrDesc   usbd_desc.o
    0x200005b0        -       0x00000270   Zero   RW         1382    .bss.USBD_static_malloc.mem  usbd_conf.o
    0x20000820        -       0x00000054   Zero   RW          111    .bss.__stdout       usart.o
    0x20000874        -       0x00000058   Zero   RW           32    .bss._at_LED        at_user.o
    0x200008cc        -       0x00000032   Zero   RW          950    .bss._errorToString.error_str  at.o
    0x200008fe        -       0x00000064   Zero   RW           31    .bss.at_user_readString  at_user.o
    0x20000962   COMPRESSED   0x00000002   PAD
    0x20000964        -       0x0000000c   Zero   RW         1192    .bss.disk           ff_gen_drv.o
    0x20000970        -       0x000002c4   Zero   RW         1261    .bss.hUsbDeviceFS   usb_device.o
    0x20000c34        -       0x000002f0   Zero   RW         1381    .bss.hpcd_USB_FS    usbd_conf.o
    0x20000f24        -       0x00000058   Zero   RW           83    .bss.hspi2          spi.o
    0x20000f7c   COMPRESSED   0x00000004   PAD
    0x20000f80        -       0x00000800   Zero   RW         1012    .bss.mem1base       malloc.o
    0x20001780        -       0x00000080   Zero   RW         1013    .bss.mem1mapbase    malloc.o
    0x20001800        -       0x00000004   Zero   RW          379    .bss.uwTick         stm32f1xx_hal.o
    0x20001804   COMPRESSED   0x00000004   PAD
    0x20001808        -       0x00001000   Zero   RW            2    HEAP                startup_stm32f103xb.o
    0x20002808        -       0x00001000   Zero   RW            1    STACK               startup_stm32f103xb.o


==============================================================================

Image component sizes


      Code (inc. data)   RO Data    RW Data    ZI Data      Debug   Object Name

      2990        226         32          0         50      15516   at.o
        46          0          0          0          0       1826   at_mem.o
        82          0          0          0          0       2443   at_stream_device.o
       582         72         43         96        292       5946   at_user.o
       100          0          0          0          0       1872   diskio.o
        28          0          0          0          5       2561   fatfs.o
        76          0          0          0         12       3251   ff_gen_drv.o
       142          0          0          0          0       1551   gpio.o
       394         88          0          0          0       4536   main.o
      1146          0          0         20       2176      11856   malloc.o
      1394         76          0          0          1      13365   mmc_sd.o
       294          0          0          0         88       4715   spi.o
        64         26        236          0       8192        792   startup_stm32f103xb.o
       148          0          0          8          4       5739   stm32f1xx_hal.o
       246          0          0          0          0       8497   stm32f1xx_hal_cortex.o
       248          0          0          0          0       8436   stm32f1xx_hal_dma.o
       548         22          0          0          0       4567   stm32f1xx_hal_gpio.o
        74          0          0          0          0       1232   stm32f1xx_hal_msp.o
      3356          0          0          0          0      16636   stm32f1xx_hal_pcd.o
        58          0          0          0          0       4048   stm32f1xx_hal_pcd_ex.o
      1470          0         18          0          0       7669   stm32f1xx_hal_rcc.o
       266          0          0          0          0       3570   stm32f1xx_hal_rcc_ex.o
      1120          0          0          0          0      24543   stm32f1xx_hal_spi.o
      2588          0          0          0          0      32328   stm32f1xx_hal_uart.o
        44          0          0          0          0       5903   stm32f1xx_it.o
      3506          4          0          0          0      21885   stm32f1xx_ll_usb.o
         2          0         24          4          0       1619   system_stm32f1xx.o
       492          0          0          0        368       7145   usart.o
       114          0          0          0        708       2907   usb_device.o
       700          0          0          0       1376      16091   usbd_conf.o
       710          0          0          0          0       7508   usbd_core.o
      1420         38          0          0          1       8333   usbd_ctlreq.o
       556         68          0         76        512       4245   usbd_desc.o
       102          0          0          0          0       4395   usbd_ioreq.o
       572         14          0        162          0       7077   usbd_msc.o
       818          0          0          0          0       8460   usbd_msc_bot.o
         0          0         23          0          0        681   usbd_msc_data.o
      1666        184          0          0          0      11469   usbd_msc_scsi.o
        86          0         36         32          0       2906   usbd_storage_if.o
       158          0          0         21          0       2771   user_diskio.o

    ----------------------------------------------------------------------
     28652        818        444        428      13816     300890   Object Totals
         0          0         32          0          0          0   (incl. Generated)
       246          0          0          9         31          0   (incl. Padding)

    ----------------------------------------------------------------------

      Code (inc. data)   RO Data    RW Data    ZI Data      Debug   Library Member Name

        24          4          0          0          0         84   __2printf.o
        90          0          0          0          0          0   __dczerorl2.o
         8          0          0          0          0         68   __main.o
       392          4         17          0          0         92   __printf_flags_ss_wp.o
        14          0          0          0          0         68   __printf_wp.o
         0          0          0          0          0          0   __rtentry.o
        12          0          0          0          0          0   __rtentry2.o
         6          0          0          0          0          0   __rtentry4.o
        52          8          0          0          0          0   __scatter.o
        28          0          0          0          0          0   __scatter_zi.o
        72          0          0          0          0         96   _c16rtomb.o
         6          0          0          0          0          0   _printf_a.o
         6          0          0          0          0          0   _printf_c.o
        44          0          0          0          0        108   _printf_char.o
        48          6          0          0          0         96   _printf_char_common.o
        36          4          0          0          0         80   _printf_char_file.o
        40          0          0          0          0         68   _printf_charcount.o
         6          0          0          0          0          0   _printf_d.o
       120         16          0          0          0         92   _printf_dec.o
         6          0          0          0          0          0   _printf_e.o
         6          0          0          0          0          0   _printf_f.o
         6          0          0          0          0          0   _printf_g.o
       148          4         40          0          0        160   _printf_hex_int_ll_ptr.o
         6          0          0          0          0          0   _printf_i.o
       178          0          0          0          0         88   _printf_intcommon.o
        10          0          0          0          0          0   _printf_l.o
         6          0          0          0          0          0   _printf_lc.o
        10          0          0          0          0          0   _printf_ll.o
         6          0          0          0          0          0   _printf_lld.o
         6          0          0          0          0          0   _printf_lli.o
         6          0          0          0          0          0   _printf_llo.o
         6          0          0          0          0          0   _printf_llu.o
         6          0          0          0          0          0   _printf_llx.o
       124         16          0          0          0         92   _printf_longlong_dec.o
         6          0          0          0          0          0   _printf_ls.o
         6          0          0          0          0          0   _printf_n.o
         6          0          0          0          0          0   _printf_o.o
       112          8          0          0          0        124   _printf_oct_int_ll.o
         6          0          0          0          0          0   _printf_p.o
        78          0          0          0          0        108   _printf_pad.o
         0          0          0          0          0          0   _printf_percent.o
         4          0          0          0          0          0   _printf_percent_end.o
         6          0          0          0          0          0   _printf_s.o
        82          0          0          0          0         80   _printf_str.o
        36          0          0          0          0         84   _printf_truncate.o
         6          0          0          0          0          0   _printf_u.o
        44          0          0          0          0        108   _printf_wchar.o
       188          6          8          0          0         92   _printf_wctomb.o
         6          0          0          0          0          0   _printf_x.o
        16          0          0          0          0         68   _snputc.o
        60          4          0          0          0         80   _vsnprintf.o
        16          0          0          0          0         68   aeabi_memset.o
        18          0          0          0          0         80   exit.o
         8          0          0          0          0         68   ferror.o
         6          0          0          0          0        152   heapauxi.o
         0          0          0          0          0          0   indicate_semi.o
        44         10        272          0          0         76   lc_ctype_c.o
         2          0          0          0          0          0   libinit.o
        20          0          0          0          0          0   libinit2.o
         2          0          0          0          0          0   libshutdown.o
         2          0          0          0          0          0   libshutdown2.o
         8          4          0          0         96         68   libspace.o
       138          0          0          0          0         80   lludiv10.o
        44          4          0          0          0         84   puts.o
        16          4          0          0          0         76   rt_ctype_table.o
         8          4          0          0          0         68   rt_locale_intlibspace.o
        68          0          0          0          0         68   rt_memclr.o
        78          0          0          0          0         80   rt_memclr_w.o
         2          0          0          0          0          0   rtexit.o
        10          0          0          0          0          0   rtexit2.o
       128          0          0          0          0         68   strcmpv7m.o
        32          0          0          0          0         80   strcspn.o
        62          0          0          0          0         76   strlen.o
        28          0          0          0          0         80   strspn.o
        12          6          0          4          0         68   strtok.o
        68          4          0          0          0         84   strtok_int.o
        12          4          0          0          0         68   sys_exit.o
        74          0          0          0          0         80   sys_stackheap_outer.o
         2          0          0          0          0         68   use_no_semi.o

    ----------------------------------------------------------------------
      3116        120        340          4         96       3576   Library Totals
        12          0          3          0          0          0   (incl. Padding)

    ----------------------------------------------------------------------

      Code (inc. data)   RO Data    RW Data    ZI Data      Debug   Library Name

      3104        120        337          4         96       3576   c_w.l

    ----------------------------------------------------------------------
      3116        120        340          4         96       3576   Library Totals

    ----------------------------------------------------------------------

==============================================================================


      Code (inc. data)   RO Data    RW Data    ZI Data      Debug   

     31768        938        784        432      13912     301798   Grand Totals
     31768        938        784        256      13912     301798   ELF Image Totals (compressed)
     31768        938        784        256          0          0   ROM Totals

==============================================================================

    Total RO  Size (Code + RO Data)                32552 (  31.79kB)
    Total RW  Size (RW Data + ZI Data)             14344 (  14.01kB)
    Total ROM Size (Code + RO Data + RW Data)      32808 (  32.04kB)

==============================================================================

